Archive member included to satisfy reference by file (symbol)

f:/rm_stm32/confi/gcc-arm-none-eabi-9-2020-q2-update-win32/bin/../lib/gcc/arm-none-eabi/9.3.1/../../../../arm-none-eabi/lib/thumb/v7e-m/nofp\libstdc++_nano.a(class_type_info.o)
                              CMakeFiles/RM_frame2.elf.dir/Additional/Src/Additional.cpp.obj (vtable for __cxxabiv1::__class_type_info)
f:/rm_stm32/confi/gcc-arm-none-eabi-9-2020-q2-update-win32/bin/../lib/gcc/arm-none-eabi/9.3.1/../../../../arm-none-eabi/lib/thumb/v7e-m/nofp\libstdc++_nano.a(del_ops.o)
                              f:/rm_stm32/confi/gcc-arm-none-eabi-9-2020-q2-update-win32/bin/../lib/gcc/arm-none-eabi/9.3.1/../../../../arm-none-eabi/lib/thumb/v7e-m/nofp\libstdc++_nano.a(class_type_info.o) (operator delete(void*, unsigned int))
f:/rm_stm32/confi/gcc-arm-none-eabi-9-2020-q2-update-win32/bin/../lib/gcc/arm-none-eabi/9.3.1/../../../../arm-none-eabi/lib/thumb/v7e-m/nofp\libstdc++_nano.a(si_class_type_info.o)
                              CMakeFiles/RM_frame2.elf.dir/BasicComponents/Src/MotorTask.cpp.obj (vtable for __cxxabiv1::__si_class_type_info)
f:/rm_stm32/confi/gcc-arm-none-eabi-9-2020-q2-update-win32/bin/../lib/gcc/arm-none-eabi/9.3.1/../../../../arm-none-eabi/lib/thumb/v7e-m/nofp\libstdc++_nano.a(tinfo.o)
                              f:/rm_stm32/confi/gcc-arm-none-eabi-9-2020-q2-update-win32/bin/../lib/gcc/arm-none-eabi/9.3.1/../../../../arm-none-eabi/lib/thumb/v7e-m/nofp\libstdc++_nano.a(class_type_info.o) (std::type_info::~type_info())
f:/rm_stm32/confi/gcc-arm-none-eabi-9-2020-q2-update-win32/bin/../lib/gcc/arm-none-eabi/9.3.1/../../../../arm-none-eabi/lib/thumb/v7e-m/nofp\libstdc++_nano.a(del_op.o)
                              f:/rm_stm32/confi/gcc-arm-none-eabi-9-2020-q2-update-win32/bin/../lib/gcc/arm-none-eabi/9.3.1/../../../../arm-none-eabi/lib/thumb/v7e-m/nofp\libstdc++_nano.a(del_ops.o) (operator delete(void*))
f:/rm_stm32/confi/gcc-arm-none-eabi-9-2020-q2-update-win32/bin/../lib/gcc/arm-none-eabi/9.3.1/../../../../arm-none-eabi/lib/thumb/v7e-m/nofp\libm.a(lib_a-sf_cos.o)
                              CMakeFiles/RM_frame2.elf.dir/BasicComponents/Src/ChassisTask.cpp.obj (cosf)
f:/rm_stm32/confi/gcc-arm-none-eabi-9-2020-q2-update-win32/bin/../lib/gcc/arm-none-eabi/9.3.1/../../../../arm-none-eabi/lib/thumb/v7e-m/nofp\libm.a(lib_a-sf_sin.o)
                              CMakeFiles/RM_frame2.elf.dir/BasicComponents/Src/ChassisTask.cpp.obj (sinf)
f:/rm_stm32/confi/gcc-arm-none-eabi-9-2020-q2-update-win32/bin/../lib/gcc/arm-none-eabi/9.3.1/../../../../arm-none-eabi/lib/thumb/v7e-m/nofp\libm.a(lib_a-wf_asin.o)
                              CMakeFiles/RM_frame2.elf.dir/BasicComponents/Src/IMUTask.cpp.obj (asinf)
f:/rm_stm32/confi/gcc-arm-none-eabi-9-2020-q2-update-win32/bin/../lib/gcc/arm-none-eabi/9.3.1/../../../../arm-none-eabi/lib/thumb/v7e-m/nofp\libm.a(lib_a-wf_atan2.o)
                              CMakeFiles/RM_frame2.elf.dir/BasicComponents/Src/IMUTask.cpp.obj (atan2f)
f:/rm_stm32/confi/gcc-arm-none-eabi-9-2020-q2-update-win32/bin/../lib/gcc/arm-none-eabi/9.3.1/../../../../arm-none-eabi/lib/thumb/v7e-m/nofp\libm.a(lib_a-wf_sqrt.o)
                              CMakeFiles/RM_frame2.elf.dir/BasicComponents/Src/IMUTask.cpp.obj (sqrtf)
f:/rm_stm32/confi/gcc-arm-none-eabi-9-2020-q2-update-win32/bin/../lib/gcc/arm-none-eabi/9.3.1/../../../../arm-none-eabi/lib/thumb/v7e-m/nofp\libm.a(lib_a-ef_asin.o)
                              f:/rm_stm32/confi/gcc-arm-none-eabi-9-2020-q2-update-win32/bin/../lib/gcc/arm-none-eabi/9.3.1/../../../../arm-none-eabi/lib/thumb/v7e-m/nofp\libm.a(lib_a-wf_asin.o) (__ieee754_asinf)
f:/rm_stm32/confi/gcc-arm-none-eabi-9-2020-q2-update-win32/bin/../lib/gcc/arm-none-eabi/9.3.1/../../../../arm-none-eabi/lib/thumb/v7e-m/nofp\libm.a(lib_a-ef_atan2.o)
                              f:/rm_stm32/confi/gcc-arm-none-eabi-9-2020-q2-update-win32/bin/../lib/gcc/arm-none-eabi/9.3.1/../../../../arm-none-eabi/lib/thumb/v7e-m/nofp\libm.a(lib_a-wf_atan2.o) (__ieee754_atan2f)
f:/rm_stm32/confi/gcc-arm-none-eabi-9-2020-q2-update-win32/bin/../lib/gcc/arm-none-eabi/9.3.1/../../../../arm-none-eabi/lib/thumb/v7e-m/nofp\libm.a(lib_a-ef_rem_pio2.o)
                              f:/rm_stm32/confi/gcc-arm-none-eabi-9-2020-q2-update-win32/bin/../lib/gcc/arm-none-eabi/9.3.1/../../../../arm-none-eabi/lib/thumb/v7e-m/nofp\libm.a(lib_a-sf_cos.o) (__ieee754_rem_pio2f)
f:/rm_stm32/confi/gcc-arm-none-eabi-9-2020-q2-update-win32/bin/../lib/gcc/arm-none-eabi/9.3.1/../../../../arm-none-eabi/lib/thumb/v7e-m/nofp\libm.a(lib_a-ef_sqrt.o)
                              f:/rm_stm32/confi/gcc-arm-none-eabi-9-2020-q2-update-win32/bin/../lib/gcc/arm-none-eabi/9.3.1/../../../../arm-none-eabi/lib/thumb/v7e-m/nofp\libm.a(lib_a-wf_sqrt.o) (__ieee754_sqrtf)
f:/rm_stm32/confi/gcc-arm-none-eabi-9-2020-q2-update-win32/bin/../lib/gcc/arm-none-eabi/9.3.1/../../../../arm-none-eabi/lib/thumb/v7e-m/nofp\libm.a(lib_a-kf_cos.o)
[...]
Memory Configuration

Name             Origin             Length             Attributes
RAM              0x20000000         0x00030000         xrw
CCMRAM           0x10000000         0x00010000         rw
FLASH            0x08000000         0x00200000         xr
*default*        0x00000000         0xffffffff

Linker script and memory map

LOAD f:/rm_stm32/confi/gcc-arm-none-eabi-9-2020-q2-update-win32/bin/../lib/gcc/arm-none-eabi/9.3.1/thumb/v7e-m/nofp/crti.o
LOAD f:/rm_stm32/confi/gcc-arm-none-eabi-9-2020-q2-update-win32/bin/../lib/gcc/arm-none-eabi/9.3.1/thumb/v7e-m/nofp/crtbegin.o
LOAD f:/rm_stm32/confi/gcc-arm-none-eabi-9-2020-q2-update-win32/bin/../lib/gcc/arm-none-eabi/9.3.1/../../../../arm-none-eabi/lib/thumb/v7e-m/nofp/crt0.o
LOAD CMakeFiles/RM_frame2.elf.dir/Additional/Src/Additional.cpp.obj
LOAD CMakeFiles/RM_frame2.elf.dir/AdditionalFunctions/Src/CapTask.cpp.obj
LOAD CMakeFiles/RM_frame2.elf.dir/AdditionalFunctions/Src/DigitalTubeTask.cpp.obj
LOAD CMakeFiles/RM_frame2.elf.dir/BSP/Src/KeyMonitor.cpp.obj
LOAD CMakeFiles/RM_frame2.elf.dir/BSP/Src/LED.cpp.obj
LOAD CMakeFiles/RM_frame2.elf.dir/BasicComponents/Src/AutoAimTask.cpp.obj
LOAD CMakeFiles/RM_frame2.elf.dir/BasicComponents/Src/CANTask.cpp.obj
LOAD CMakeFiles/RM_frame2.elf.dir/BasicComponents/Src/CarTask.cpp.obj
LOAD CMakeFiles/RM_frame2.elf.dir/BasicComponents/Src/ChassisTask.cpp.obj
LOAD CMakeFiles/RM_frame2.elf.dir/BasicComponents/Src/GateTask.cpp.obj
LOAD CMakeFiles/RM_frame2.elf.dir/BasicComponents/Src/GimbalTask.cpp.obj
LOAD CMakeFiles/RM_frame2.elf.dir/BasicComponents/Src/IMUTask.cpp.obj
LOAD CMakeFiles/RM_frame2.elf.dir/BasicComponents/Src/JudgeTask.cpp.obj
LOAD CMakeFiles/RM_frame2.elf.dir/BasicComponents/Src/KeyMouseControlTask.cpp.obj
LOAD CMakeFiles/RM_frame2.elf.dir/BasicComponents/Src/LeverControlTask.cpp.obj
LOAD CMakeFiles/RM_frame2.elf.dir/BasicComponents/Src/MotorTask.cpp.obj
LOAD CMakeFiles/RM_frame2.elf.dir/BasicComponents/Src/PIDTask.cpp.obj
LOAD CMakeFiles/RM_frame2.elf.dir/BasicComponents/Src/RemoteTask.cpp.obj
LOAD CMakeFiles/RM_frame2.elf.dir/BasicComponents/Src/ShootTask.cpp.obj
LOAD CMakeFiles/RM_frame2.elf.dir/Drivers/STM32F4xx_HAL_Driver/Src/stm32f4xx_hal.c.obj
LOAD CMakeFiles/RM_frame2.elf.dir/Drivers/STM32F4xx_HAL_Driver/Src/stm32f4xx_hal_adc.c.obj
LOAD CMakeFiles/RM_frame2.elf.dir/Drivers/STM32F4xx_HAL_Driver/Src/stm32f4xx_hal_adc_ex.c.obj
LOAD CMakeFiles/RM_frame2.elf.dir/Drivers/STM32F4xx_HAL_Driver/Src/stm32f4xx_hal_can.c.obj
LOAD CMakeFiles/RM_frame2.elf.dir/Drivers/STM32F4xx_HAL_Driver/Src/stm32f4xx_hal_cortex.c.obj
LOAD CMakeFiles/RM_frame2.elf.dir/Drivers/STM32F4xx_HAL_Driver/Src/stm32f4xx_hal_dac.c.obj
LOAD CMakeFiles/RM_frame2.elf.dir/Drivers/STM32F4xx_HAL_Driver/Src/stm32f4xx_hal_dac_ex.c.obj
LOAD CMakeFiles/RM_frame2.elf.dir/Drivers/STM32F4xx_HAL_Driver/Src/stm32f4xx_hal_dma.c.obj
LOAD CMakeFiles/RM_frame2.elf.dir/Drivers/STM32F4xx_HAL_Driver/Src/stm32f4xx_hal_dma_ex.c.obj
LOAD CMakeFiles/RM_frame2.elf.dir/Drivers/STM32F4xx_HAL_Driver/Src/stm32f4xx_hal_flash.c.obj
LOAD CMakeFiles/RM_frame2.elf.dir/Drivers/STM32F4xx_HAL_Driver/Src/stm32f4xx_hal_flash_ex.c.obj
LOAD CMakeFiles/RM_frame2.elf.dir/Drivers/STM32F4xx_HAL_Driver/Src/stm32f4xx_hal_flash_ramfunc.c.obj
LOAD CMakeFiles/RM_frame2.elf.dir/Drivers/STM32F4xx_HAL_Driver/Src/stm32f4xx_hal_gpio.c.obj
LOAD CMakeFiles/RM_frame2.elf.dir/Drivers/STM32F4xx_HAL_Driver/Src/stm32f4xx_hal_iwdg.c.obj
LOAD CMakeFiles/RM_frame2.elf.dir/Drivers/STM32F4xx_HAL_Driver/Src/stm32f4xx_hal_pwr.c.obj
LOAD CMakeFiles/RM_frame2.elf.dir/Drivers/STM32F4xx_HAL_Driver/Src/stm32f4xx_hal_pwr_ex.c.obj
LOAD CMakeFiles/RM_frame2.elf.dir/Drivers/STM32F4xx_HAL_Driver/Src/stm32f4xx_hal_rcc.c.obj
LOAD CMakeFiles/RM_frame2.elf.dir/Drivers/STM32F4xx_HAL_Driver/Src/stm32f4xx_hal_rcc_ex.c.obj
LOAD CMakeFiles/RM_frame2.elf.dir/Drivers/STM32F4xx_HAL_Driver/Src/stm32f4xx_hal_spi.c.obj
LOAD CMakeFiles/RM_frame2.elf.dir/Drivers/STM32F4xx_HAL_Driver/Src/stm32f4xx_hal_tim.c.obj
LOAD CMakeFiles/RM_frame2.elf.dir/Drivers/STM32F4xx_HAL_Driver/Src/stm32f4xx_hal_tim_ex.c.obj
LOAD CMakeFiles/RM_frame2.elf.dir/Drivers/STM32F4xx_HAL_Driver/Src/stm32f4xx_hal_uart.c.obj
LOAD CMakeFiles/RM_frame2.elf.dir/Middleware/Src/SoftTimer.cpp.obj
LOAD CMakeFiles/RM_frame2.elf.dir/Multimedia/Src/DanceWithBGM.cpp.obj
LOAD CMakeFiles/RM_frame2.elf.dir/Multimedia/Src/MusicAutoPlay.cpp.obj
LOAD CMakeFiles/RM_frame2.elf.dir/Src/adc.c.obj
LOAD CMakeFiles/RM_frame2.elf.dir/Src/can.c.obj
LOAD CMakeFiles/RM_frame2.elf.dir/Src/dac.c.obj
LOAD CMakeFiles/RM_frame2.elf.dir/Src/dma.c.obj
LOAD CMakeFiles/RM_frame2.elf.dir/Src/gpio.c.obj
LOAD CMakeFiles/RM_frame2.elf.dir/Src/iwdg.c.obj
LOAD CMakeFiles/RM_frame2.elf.dir/Src/main.cpp.obj
LOAD CMakeFiles/RM_frame2.elf.dir/Src/spi.c.obj
LOAD CMakeFiles/RM_frame2.elf.dir/Src/stm32f4xx_hal_msp.c.obj
LOAD CMakeFiles/RM_frame2.elf.dir/Src/stm32f4xx_it.c.obj
LOAD CMakeFiles/RM_frame2.elf.dir/Src/syscalls.c.obj
LOAD CMakeFiles/RM_frame2.elf.dir/Src/system_stm32f4xx.c.obj
LOAD CMakeFiles/RM_frame2.elf.dir/Src/tim.c.obj
LOAD CMakeFiles/RM_frame2.elf.dir/Src/usart.c.obj
LOAD CMakeFiles/RM_frame2.elf.dir/UpperTasks/Src/CallbackAdministration.cpp.obj
LOAD CMakeFiles/RM_frame2.elf.dir/startup/startup_stm32f427xx.s.obj
LOAD f:/rm_stm32/confi/gcc-arm-none-eabi-9-2020-q2-update-win32/bin/../lib/gcc/arm-none-eabi/9.3.1/../../../../arm-none-eabi/lib/thumb/v7e-m/nofp\libstdc++_nano.a
LOAD f:/rm_stm32/confi/gcc-arm-none-eabi-9-2020-q2-update-win32/bin/../lib/gcc/arm-none-eabi/9.3.1/../../../../arm-none-eabi/lib/thumb/v7e-m/nofp\libm.a
START GROUP
LOAD f:/rm_stm32/confi/gcc-arm-none-eabi-9-2020-q2-update-win32/bin/../lib/gcc/arm-none-eabi/9.3.1/thumb/v7e-m/nofp\libgcc.a
LOAD f:/rm_stm32/confi/gcc-arm-none-eabi-9-2020-q2-update-win32/bin/../lib/gcc/arm-none-eabi/9.3.1/../../../../arm-none-eabi/lib/thumb/v7e-m/nofp\libg_nano.a
LOAD f:/rm_stm32/confi/gcc-arm-none-eabi-9-2020-q2-update-win32/bin/../lib/gcc/arm-none-eabi/9.3.1/../../../../arm-none-eabi/lib/thumb/v7e-m/nofp\libc_nano.a
END GROUP
START GROUP
LOAD f:/rm_stm32/confi/gcc-arm-none-eabi-9-2020-q2-update-win32/bin/../lib/gcc/arm-none-eabi/9.3.1/thumb/v7e-m/nofp\libgcc.a
LOAD f:/rm_stm32/confi/gcc-arm-none-eabi-9-2020-q2-update-win32/bin/../lib/gcc/arm-none-eabi/9.3.1/../../../../arm-none-eabi/lib/thumb/v7e-m/nofp\libc_nano.a
LOAD f:/rm_stm32/confi/gcc-arm-none-eabi-9-2020-q2-update-win32/bin/../lib/gcc/arm-none-eabi/9.3.1/../../../../arm-none-eabi/lib/thumb/v7e-m/nofp\libnosys.a
END GROUP
START GROUP
LOAD f:/rm_stm32/confi/gcc-arm-none-eabi-9-2020-q2-update-win32/bin/../lib/gcc/arm-none-eabi/9.3.1/thumb/v7e-m/nofp\libgcc.a
LOAD f:/rm_stm32/confi/gcc-arm-none-eabi-9-2020-q2-update-win32/bin/../lib/gcc/arm-none-eabi/9.3.1/../../../../arm-none-eabi/lib/thumb/v7e-m/nofp\libc_nano.a
LOAD f:/rm_stm32/confi/gcc-arm-none-eabi-9-2020-q2-update-win32/bin/../lib/gcc/arm-none-eabi/9.3.1/../../../../arm-none-eabi/lib/thumb/v7e-m/nofp\libnosys.a
END GROUP
LOAD f:/rm_stm32/confi/gcc-arm-none-eabi-9-2020-q2-update-win32/bin/../lib/gcc/arm-none-eabi/9.3.1/thumb/v7e-m/nofp/crtend.o
LOAD f:/rm_stm32/confi/gcc-arm-none-eabi-9-2020-q2-update-win32/bin/../lib/gcc/arm-none-eabi/9.3.1/thumb/v7e-m/nofp/crtn.o
                0x20030000                _estack = 0x20030000
                0x00000200                _Min_Heap_Size = 0x200
                0x00000400                _Min_Stack_Size = 0x400

.isr_vector     0x08000000      0x1ac
                0x08000000                . = ALIGN (0x4)
 *(.isr_vector)
 .isr_vector    0x08000000      0x1ac CMakeFiles/RM_frame2.elf.dir/startup/startup_stm32f427xx.s.obj
                0x08000000                g_pfnVectors
                0x080001ac                . = ALIGN (0x4)

.text           0x080001b0    0x116c8
                0x080001b0                . = ALIGN (0x4)
 *(.text)
 .text          0x080001b0       0x40 f:/rm_stm32/confi/gcc-arm-none-eabi-9-2020-q2-update-win32/bin/../lib/gcc/arm-none-eabi/9.3.1/thumb/v7e-m/nofp/crtbegin.o
 .text          0x080001f0      0x378 f:/rm_stm32/confi/gcc-arm-none-eabi-9-2020-q2-update-win32/bin/../lib/gcc/arm-none-eabi/9.3.1/thumb/v7e-m/nofp\libgcc.a(_arm_addsubdf3.o)
                0x080001f0                __aeabi_drsub
                0x080001f8                __aeabi_dsub
                0x080001f8                __subdf3
                0x080001fc                __aeabi_dadd
                0x080001fc                __adddf3
                0x08000474                __floatunsidf
                0x08000474                __aeabi_ui2d
                0x08000494                __floatsidf
                0x08000494                __aeabi_i2d
                0x080004b8                __aeabi_f2d
                0x080004b8                __extendsfdf2
                0x080004fc                __floatundidf
                0x080004fc                __aeabi_ul2d
                0x0800050c                __floatdidf
                0x0800050c                __aeabi_l2d
 .text          0x08000568      0x424 f:/rm_stm32/confi/gcc-arm-none-eabi-9-2020-q2-update-win32/bin/../lib/gcc/arm-none-eabi/9.3.1/thumb/v7e-m/nofp\libgcc.a(_arm_muldivdf3.o)
                0x08000568                __aeabi_dmul
                0x08000568                __muldf3
                0x080007bc                __divdf3
                0x080007bc                __aeabi_ddiv
 .text          0x0800098c      0x110 f:/rm_stm32/confi/gcc-arm-none-eabi-9-2020-q2-update-win32/bin/../lib/gcc/arm-none-eabi/9.3.1/thumb/v7e-m/nofp\libgcc.a(_arm_cmpdf2.o)
                0x0800098c                __gtdf2
                0x0800098c                __gedf2
                0x08000994                __ltdf2
                0x08000994                __ledf2
                0x0800099c                __nedf2
                0x0800099c                __eqdf2
                0x0800099c                __cmpdf2
                0x08000a18                __aeabi_cdrcmple
                0x08000a28                __aeabi_cdcmpeq
                0x08000a28                __aeabi_cdcmple
                0x08000a38                __aeabi_dcmpeq
                0x08000a4c                __aeabi_dcmplt
                0x08000a60                __aeabi_dcmple
                0x08000a74                __aeabi_dcmpge
                0x08000a88                __aeabi_dcmpgt
 .text          0x08000a9c       0xa0 f:/rm_stm32/confi/gcc-arm-none-eabi-9-2020-q2-update-win32/bin/../lib/gcc/arm-none-eabi/9.3.1/thumb/v7e-m/nofp\libgcc.a(_arm_truncdfsf2.o)
                0x08000a9c                __truncdfsf2
                0x08000a9c                __aeabi_d2f
 .text          0x08000b3c      0x21c f:/rm_stm32/confi/gcc-arm-none-eabi-9-2020-q2-update-win32/bin/../lib/gcc/arm-none-eabi/9.3.1/thumb/v7e-m/nofp\libgcc.a(_arm_addsubsf3.o)
                0x08000b3c                __aeabi_frsub
                0x08000b44                __subsf3
                0x08000b44                __aeabi_fsub
                0x08000b48                __aeabi_fadd
                0x08000b48                __addsf3
                0x08000ca8                __aeabi_ui2f
                0x08000ca8                __floatunsisf
                0x08000cb0                __aeabi_i2f
                0x08000cb0                __floatsisf
                0x08000ccc                __aeabi_ul2f
                0x08000ccc                __floatundisf
                0x08000cdc                __aeabi_l2f
                0x08000cdc                __floatdisf
 .text          0x08000d58      0x2a0 f:/rm_stm32/confi/gcc-arm-none-eabi-9-2020-q2-update-win32/bin/../lib/gcc/arm-none-eabi/9.3.1/thumb/v7e-m/nofp\libgcc.a(_arm_muldivsf3.o)
                0x08000d58                __mulsf3
                0x08000d58                __aeabi_fmul
                0x08000ec0                __aeabi_fdiv
                0x08000ec0                __divsf3
 .text          0x08000ff8       0xec f:/rm_stm32/confi/gcc-arm-none-eabi-9-2020-q2-update-win32/bin/../lib/gcc/arm-none-eabi/9.3.1/thumb/v7e-m/nofp\libgcc.a(_arm_cmpsf2.o)
                0x08000ff8                __gesf2
                0x08000ff8                __gtsf2
                0x08001000                __lesf2
                0x08001000                __ltsf2
                0x08001008                __nesf2
                0x08001008                __eqsf2
                0x08001008                __cmpsf2
                0x08001068                __aeabi_cfrcmple
                0x08001070                __aeabi_cfcmpeq
                0x08001070                __aeabi_cfcmple
                0x08001080                __aeabi_fcmpeq
                0x08001094                __aeabi_fcmplt
                0x080010a8                __aeabi_fcmple
                0x080010bc                __aeabi_fcmpge
                0x080010d0                __aeabi_fcmpgt
 .text          0x080010e4       0x2c f:/rm_stm32/confi/gcc-arm-none-eabi-9-2020-q2-update-win32/bin/../lib/gcc/arm-none-eabi/9.3.1/thumb/v7e-m/nofp\libgcc.a(_arm_unordsf2.o)
                0x080010e4                __unordsf2
                0x080010e4                __aeabi_fcmpun
 .text          0x08001110       0x4c f:/rm_stm32/confi/gcc-arm-none-eabi-9-2020-q2-update-win32/bin/../lib/gcc/arm-none-eabi/9.3.1/thumb/v7e-m/nofp\libgcc.a(_arm_fixsfsi.o)
                0x08001110                __aeabi_f2iz
                0x08001110                __fixsfsi
 .text          0x0800115c       0x40 f:/rm_stm32/confi/gcc-arm-none-eabi-9-2020-q2-update-win32/bin/../lib/gcc/arm-none-eabi/9.3.1/thumb/v7e-m/nofp\libgcc.a(_arm_fixunssfsi.o)
                0x0800115c                __fixunssfsi
                0x0800115c                __aeabi_f2uiz
 .text          0x0800119c       0x30 f:/rm_stm32/confi/gcc-arm-none-eabi-9-2020-q2-update-win32/bin/../lib/gcc/arm-none-eabi/9.3.1/thumb/v7e-m/nofp\libgcc.a(_aeabi_uldivmod.o)
                0x0800119c                __aeabi_uldivmod
 .text          0x080011cc      0x2c0 f:/rm_stm32/confi/gcc-arm-none-eabi-9-2020-q2-update-win32/bin/../lib/gcc/arm-none-eabi/9.3.1/thumb/v7e-m/nofp\libgcc.a(_udivmoddi4.o)
                0x080011cc                __udivmoddi4
 .text          0x0800148c      0x9b8 f:/rm_stm32/confi/gcc-arm-none-eabi-9-2020-q2-update-win32/bin/../lib/gcc/arm-none-eabi/9.3.1/thumb/v7e-m/nofp\libgcc.a(unwind-arm.o)
                0x08001734                _Unwind_GetCFA
                0x08001738                __gnu_Unwind_RaiseException
                0x08001798                __gnu_Unwind_ForcedUnwind
                0x080017ac                __gnu_Unwind_Resume
                0x080017f0                __gnu_Unwind_Resume_or_Rethrow
                0x08001800                _Unwind_Complete
                0x08001804                _Unwind_DeleteException
                0x08001810                _Unwind_VRS_Get
                0x08001858                _Unwind_VRS_Set
                0x080018a0                __gnu_Unwind_Backtrace
                0x08001bc0                __aeabi_unwind_cpp_pr0
                0x08001bc4                __aeabi_unwind_cpp_pr1
                0x08001bc8                __aeabi_unwind_cpp_pr2
                0x08001bcc                _Unwind_VRS_Pop
 .text          0x08001e44      0x1ac f:/rm_stm32/confi/gcc-arm-none-eabi-9-2020-q2-update-win32/bin/../lib/gcc/arm-none-eabi/9.3.1/thumb/v7e-m/nofp\libgcc.a(libunwind.o)
                0x08001e44                __restore_core_regs
                0x08001e44                restore_core_regs
                0x08001e5c                __gnu_Unwind_Restore_VFP
                0x08001e64                __gnu_Unwind_Save_VFP
                0x08001e6c                __gnu_Unwind_Restore_VFP_D
                0x08001e74                __gnu_Unwind_Save_VFP_D
                0x08001e7c                __gnu_Unwind_Restore_VFP_D_16_to_31
                0x08001e84                __gnu_Unwind_Save_VFP_D_16_to_31
                0x08001e8c                __gnu_Unwind_Restore_WMMXD
                0x08001ed0                __gnu_Unwind_Save_WMMXD
                0x08001f14                __gnu_Unwind_Restore_WMMXC
                0x08001f28                __gnu_Unwind_Save_WMMXC
                0x08001f3c                ___Unwind_RaiseException
                0x08001f3c                _Unwind_RaiseException
                0x08001f60                _Unwind_Resume
                0x08001f60                ___Unwind_Resume
                0x08001f84                _Unwind_Resume_or_Rethrow
                0x08001f84                ___Unwind_Resume_or_Rethrow
                0x08001fa8                _Unwind_ForcedUnwind
                0x08001fa8                ___Unwind_ForcedUnwind
                0x08001fcc                ___Unwind_Backtrace
                0x08001fcc                _Unwind_Backtrace
 .text          0x08001ff0      0x340 f:/rm_stm32/confi/gcc-arm-none-eabi-9-2020-q2-update-win32/bin/../lib/gcc/arm-none-eabi/9.3.1/thumb/v7e-m/nofp\libgcc.a(pr-support.o)
                0x08002048                __gnu_unwind_execute
                0x080022e4                __gnu_unwind_frame
                0x08002310                _Unwind_GetRegionStart
                0x0800231c                _Unwind_GetLanguageSpecificData
 .text          0x08002330        0x4 f:/rm_stm32/confi/gcc-arm-none-eabi-9-2020-q2-update-win32/bin/../lib/gcc/arm-none-eabi/9.3.1/thumb/v7e-m/nofp\libgcc.a(_dvmd_tls.o)
                0x08002330                __aeabi_idiv0
                0x08002330                __aeabi_ldiv0
 .text          0x08002334       0x14 f:/rm_stm32/confi/gcc-arm-none-eabi-9-2020-q2-update-win32/bin/../lib/gcc/arm-none-eabi/9.3.1/../../../../arm-none-eabi/lib/thumb/v7e-m/nofp\libg_nano.a(lib_a-strcmp.o)
                0x08002334                strcmp
 *(.text*)
 .text._ZN5Motor5ResetE9CanType_etddddddddddddddd
                0x08002348       0x1a CMakeFiles/RM_frame2.elf.dir/Additional/Src/Additional.cpp.obj
                0x08002348                Motor::Reset(CanType_e, unsigned short, double, double, double, double, double, double, double, double, double, double, double, double, double, double, double)
 .text._ZN5Motor6HandleEv
                0x08002362       0x12 CMakeFiles/RM_frame2.elf.dir/Additional/Src/Additional.cpp.obj
                0x08002362                Motor::Handle()
 .text._ZN5MotorC2Ev
                0x08002374       0x20 CMakeFiles/RM_frame2.elf.dir/Additional/Src/Additional.cpp.obj
                0x08002374                Motor::Motor()
                0x08002374                Motor::Motor()
 .text._ZN12ChassisMotorC2Ev
                0x08002394       0x34 CMakeFiles/RM_frame2.elf.dir/Additional/Src/Additional.cpp.obj
                0x08002394                ChassisMotor::ChassisMotor()
                0x08002394                ChassisMotor::ChassisMotor()
 .text._ZN11NormalMotorC2Ev
                0x080023c8       0x34 CMakeFiles/RM_frame2.elf.dir/Additional/Src/Additional.cpp.obj
                0x080023c8                NormalMotor::NormalMotor()
                0x080023c8                NormalMotor::NormalMotor()
 .text._ZN10Additional6HandleEv
                0x080023fc       0x26 CMakeFiles/RM_frame2.elf.dir/Additional/Src/Additional.cpp.obj
                0x080023fc                Additional::Handle()
 *fill*         0x08002422        0x6 
 .text._ZN10Additional5ResetEv
                0x08002428       0xec CMakeFiles/RM_frame2.elf.dir/Additional/Src/Additional.cpp.obj
                0x08002428                Additional::Reset()
 .text._ZN10Additional16setBrushVelocityEs
                0x08002514       0x28 CMakeFiles/RM_frame2.elf.dir/Additional/Src/Additional.cpp.obj
                0x08002514                Additional::setBrushVelocity(short)
 .text._ZN10Additional15setRollVelocityEs
                0x0800253c       0x28 CMakeFiles/RM_frame2.elf.dir/Additional/Src/Additional.cpp.obj
                0x0800253c                Additional::setRollVelocity(short)
 .text._ZN10AdditionalC2Ev
                0x08002564       0x30 CMakeFiles/RM_frame2.elf.dir/Additional/Src/Additional.cpp.obj
                0x08002564                Additional::Additional()
                0x08002564                Additional::Additional()
 .text._Z41__static_initialization_and_destruction_0ii
                0x08002594       0x2c CMakeFiles/RM_frame2.elf.dir/Additional/Src/Additional.cpp.obj
 .text._GLOBAL__sub_I__ZN10Additional6HandleEv
                0x080025c0       0x10 CMakeFiles/RM_frame2.elf.dir/Additional/Src/Additional.cpp.obj
 .text._ZN6Remote12GetWorkStateEv
                0x080025d0       0x16 CMakeFiles/RM_frame2.elf.dir/AdditionalFunctions/Src/CapTask.cpp.obj
                0x080025d0                Remote::GetWorkState()
 *fill*         0x080025e6        0x2 
 .text._ZN3Cap13GetAimedPowerEv
                0x080025e8       0x6c CMakeFiles/RM_frame2.elf.dir/AdditionalFunctions/Src/CapTask.cpp.obj
                0x080025e8                Cap::GetAimedPower()
 .text._ZN11DigitalTube10ShowNumberEm
                0x08002654      0x124 CMakeFiles/RM_frame2.elf.dir/AdditionalFunctions/Src/DigitalTubeTask.cpp.obj
                0x08002654                DigitalTube::ShowNumber(unsigned long)
 .text._ZN11DigitalTube8AddScoreEh
                0x08002778       0x2c CMakeFiles/RM_frame2.elf.dir/AdditionalFunctions/Src/DigitalTubeTask.cpp.obj
                0x08002778                DigitalTube::AddScore(unsigned char)
 .text._ZN11DigitalTube17StartTransmitDataEv
                0x080027a4       0x1a CMakeFiles/RM_frame2.elf.dir/AdditionalFunctions/Src/DigitalTubeTask.cpp.obj
                0x080027a4                DigitalTube::StartTransmitData()
 *fill*         0x080027be        0x2 
 .text._ZN11DigitalTube12TransmitDataEv
                0x080027c0      0x120 CMakeFiles/RM_frame2.elf.dir/AdditionalFunctions/Src/DigitalTubeTask.cpp.obj
                0x080027c0                DigitalTube::TransmitData()
 .text._ZN11DigitalTube8ChangeSIEh
                0x080028e0       0x46 CMakeFiles/RM_frame2.elf.dir/AdditionalFunctions/Src/DigitalTubeTask.cpp.obj
                0x080028e0                DigitalTube::ChangeSI(unsigned char)
 .text._ZN11DigitalTube6SetRCKEv
                0x08002926       0x22 CMakeFiles/RM_frame2.elf.dir/AdditionalFunctions/Src/DigitalTubeTask.cpp.obj
                0x08002926                DigitalTube::SetRCK()
 .text._ZN11DigitalTube8ResetRCKEv
                0x08002948       0x22 CMakeFiles/RM_frame2.elf.dir/AdditionalFunctions/Src/DigitalTubeTask.cpp.obj
                0x08002948                DigitalTube::ResetRCK()
 .text._ZN11DigitalTube6SetSCKEv
                0x0800296a       0x22 CMakeFiles/RM_frame2.elf.dir/AdditionalFunctions/Src/DigitalTubeTask.cpp.obj
                0x0800296a                DigitalTube::SetSCK()
 .text._ZN11DigitalTube8ResetSCKEv
                0x0800298c       0x22 CMakeFiles/RM_frame2.elf.dir/AdditionalFunctions/Src/DigitalTubeTask.cpp.obj
                0x0800298c                DigitalTube::ResetSCK()
 .text._ZSt5isnanf
                0x080029ae       0x32 CMakeFiles/RM_frame2.elf.dir/BasicComponents/Src/AutoAimTask.cpp.obj
                0x080029ae                std::isnan(float)
 .text._ZN11AutoAimRecv18UartRxCpltCallbackEv
                0x080029e0      0x180 CMakeFiles/RM_frame2.elf.dir/BasicComponents/Src/AutoAimTask.cpp.obj
                0x080029e0                AutoAimRecv::UartRxCpltCallback()
 .text._ZN7AutoAimC2Ev
                0x08002b60       0x8c CMakeFiles/RM_frame2.elf.dir/BasicComponents/Src/AutoAimTask.cpp.obj
                0x08002b60                AutoAim::AutoAim()
                0x08002b60                AutoAim::AutoAim()
 .text._Z41__static_initialization_and_destruction_0ii
                0x08002bec       0x2c CMakeFiles/RM_frame2.elf.dir/BasicComponents/Src/AutoAimTask.cpp.obj
 .text._GLOBAL__sub_I__ZN11AutoAimRecv8RecvInitEv
                0x08002c18       0x10 CMakeFiles/RM_frame2.elf.dir/BasicComponents/Src/AutoAimTask.cpp.obj
 .text._ZN5Motor12SetRxMsgC6x0Esss
                0x08002c28       0x3c CMakeFiles/RM_frame2.elf.dir/BasicComponents/Src/CANTask.cpp.obj
                0x08002c28                Motor::SetRxMsgC6x0(short, short, short)
 .text._ZNK5Motor12GetIntensityEv
                0x08002c64       0x18 CMakeFiles/RM_frame2.elf.dir/BasicComponents/Src/CANTask.cpp.obj
                0x08002c64                Motor::GetIntensity() const
 .text._ZN3Cap15SetRxCapVoltageEf
                0x08002c7c       0x1c CMakeFiles/RM_frame2.elf.dir/BasicComponents/Src/CANTask.cpp.obj
                0x08002c7c                Cap::SetRxCapVoltage(float)
 .text._ZN3Cap15SetRxPwrVoltageEf
                0x08002c98       0x1c CMakeFiles/RM_frame2.elf.dir/BasicComponents/Src/CANTask.cpp.obj
                0x08002c98                Cap::SetRxPwrVoltage(float)
 .text._ZN3Cap15SetRxOutVoltageEf
                0x08002cb4       0x1c CMakeFiles/RM_frame2.elf.dir/BasicComponents/Src/CANTask.cpp.obj
                0x08002cb4                Cap::SetRxOutVoltage(float)
 .text._ZN3Cap13SetRxCapStateE10CapState_e
                0x08002cd0       0x1e CMakeFiles/RM_frame2.elf.dir/BasicComponents/Src/CANTask.cpp.obj
                0x08002cd0                Cap::SetRxCapState(CapState_e)
 *fill*         0x08002cee        0x2 
 .text._ZN3CAN8RxHandleEv
                0x08002cf0      0x1a8 CMakeFiles/RM_frame2.elf.dir/BasicComponents/Src/CANTask.cpp.obj
                0x08002cf0                CAN::RxHandle()
 .text._ZN3CAN13TxHandleMotorEh
                0x08002e98      0x18c CMakeFiles/RM_frame2.elf.dir/BasicComponents/Src/CANTask.cpp.obj
                0x08002e98                CAN::TxHandleMotor(unsigned char)
 .text._ZN3CAN19TxHandleDoubleBoardEv
                0x08003024      0x168 CMakeFiles/RM_frame2.elf.dir/BasicComponents/Src/CANTask.cpp.obj
                0x08003024                CAN::TxHandleDoubleBoard()
 .text._ZN3CAN5ResetE9CanType_ehhh
                0x0800318c       0xdc CMakeFiles/RM_frame2.elf.dir/BasicComponents/Src/CANTask.cpp.obj
                0x0800318c                CAN::Reset(CanType_e, unsigned char, unsigned char, unsigned char)
 .text._ZN3CAN8TxHandleEv
                0x08003268       0xb8 CMakeFiles/RM_frame2.elf.dir/BasicComponents/Src/CANTask.cpp.obj
                0x08003268                CAN::TxHandle()
 .text._ZN11AutoAimRecv5CountEv
                0x08003320       0x26 CMakeFiles/RM_frame2.elf.dir/BasicComponents/Src/CarTask.cpp.obj
                0x08003320                AutoAimRecv::Count()
 *fill*         0x08003346        0x2 
 .text._ZN10RemoteRecv5ResetEv
                0x08003348       0x3c CMakeFiles/RM_frame2.elf.dir/BasicComponents/Src/CarTask.cpp.obj
                0x08003348                RemoteRecv::Reset()
 .text._ZN6Remote12GetInputModeEv
                0x08003384       0x16 CMakeFiles/RM_frame2.elf.dir/BasicComponents/Src/CarTask.cpp.obj
                0x08003384                Remote::GetInputMode()
 .text._ZN3IMU5ResetEv
                0x0800339a       0x1c CMakeFiles/RM_frame2.elf.dir/BasicComponents/Src/CarTask.cpp.obj
                0x0800339a                IMU::Reset()
 .text._ZN3IMU6HandleEv
                0x080033b6       0x24 CMakeFiles/RM_frame2.elf.dir/BasicComponents/Src/CarTask.cpp.obj
                0x080033b6                IMU::Handle()
 *fill*         0x080033da        0x2 
 .text._Z7CarInitv
                0x080033dc       0x14 CMakeFiles/RM_frame2.elf.dir/BasicComponents/Src/CarTask.cpp.obj
                0x080033dc                CarInit()
 .text._Z15MainControlLoopv
                0x080033f0       0x58 CMakeFiles/RM_frame2.elf.dir/BasicComponents/Src/CarTask.cpp.obj
                0x080033f0                MainControlLoop()
 .text._Z25RemoteKeyMouseControlLoopv
                0x08003448       0x70 CMakeFiles/RM_frame2.elf.dir/BasicComponents/Src/CarTask.cpp.obj
                0x08003448                RemoteKeyMouseControlLoop()
 .text._Z5Countv
                0x080034b8       0x1c CMakeFiles/RM_frame2.elf.dir/BasicComponents/Src/CarTask.cpp.obj
                0x080034b8                Count()
 .text._ZN3Car5ResetEv
                0x080034d4       0x64 CMakeFiles/RM_frame2.elf.dir/BasicComponents/Src/CarTask.cpp.obj
                0x080034d4                Car::Reset()
 .text._ZSt3absf
                0x08003538       0x18 CMakeFiles/RM_frame2.elf.dir/BasicComponents/Src/ChassisTask.cpp.obj
                0x08003538                std::abs(float)
 .text._ZSt3cosf
                0x08003550       0x18 CMakeFiles/RM_frame2.elf.dir/BasicComponents/Src/ChassisTask.cpp.obj
                0x08003550                std::cos(float)
 .text._ZSt3sinf
                0x08003568       0x18 CMakeFiles/RM_frame2.elf.dir/BasicComponents/Src/ChassisTask.cpp.obj
                0x08003568                std::sin(float)
 .text._ZN3PID4CalcEv
                0x08003580       0x18 CMakeFiles/RM_frame2.elf.dir/BasicComponents/Src/ChassisTask.cpp.obj
                0x08003580                PID::Calc()
 .text._ZN3PID5ResetEddddddd
                0x08003598       0x50 CMakeFiles/RM_frame2.elf.dir/BasicComponents/Src/ChassisTask.cpp.obj
                0x08003598                PID::Reset(double, double, double, double, double, double, double)
 .text._ZN5Motor12GetRxMsgC6x0Ev
                0x080035e8       0x22 CMakeFiles/RM_frame2.elf.dir/BasicComponents/Src/ChassisTask.cpp.obj
                0x080035e8                Motor::GetRxMsgC6x0()
 .text._ZN5Motor11GetSpeedPIDEv
                0x0800360a       0x32 CMakeFiles/RM_frame2.elf.dir/BasicComponents/Src/ChassisTask.cpp.obj
                0x0800360a                Motor::GetSpeedPID()
 .text._ZN6Gimbal8GetRxMsgE4GM_e
                0x0800363c       0x3a CMakeFiles/RM_frame2.elf.dir/BasicComponents/Src/ChassisTask.cpp.obj
                0x0800363c                Gimbal::GetRxMsg(GM_e)
 .text._ZN7Chassis6HandleEv
                0x08003676       0x46 CMakeFiles/RM_frame2.elf.dir/BasicComponents/Src/ChassisTask.cpp.obj
                0x08003676                Chassis::Handle()
 *fill*         0x080036bc        0x4 
 .text._ZN7Chassis5ResetEv
                0x080036c0      0x234 CMakeFiles/RM_frame2.elf.dir/BasicComponents/Src/ChassisTask.cpp.obj
                0x080036c0                Chassis::Reset()
 *fill*         0x080038f4        0x4 
 .text._ZN7Chassis15PowerLimitationEv
                0x080038f8      0x3e8 CMakeFiles/RM_frame2.elf.dir/BasicComponents/Src/ChassisTask.cpp.obj
                0x080038f8                Chassis::PowerLimitation()
 .text._ZN7Chassis13ControlRotateEv
                0x08003ce0       0x78 CMakeFiles/RM_frame2.elf.dir/BasicComponents/Src/ChassisTask.cpp.obj
                0x08003ce0                Chassis::ControlRotate()
 .text._ZN7Chassis19ChassisDataDecodingEv
                0x08003d58      0x1e4 CMakeFiles/RM_frame2.elf.dir/BasicComponents/Src/ChassisTask.cpp.obj
                0x08003d58                Chassis::ChassisDataDecoding()
 .text._ZN7Chassis11SetVelocityEsss
                0x08003f3c       0x9c CMakeFiles/RM_frame2.elf.dir/BasicComponents/Src/ChassisTask.cpp.obj
                0x08003f3c                Chassis::SetVelocity(short, short, short)
 .text._ZN7ChassisC2Ev
                0x08003fd8       0x3c CMakeFiles/RM_frame2.elf.dir/BasicComponents/Src/ChassisTask.cpp.obj
                0x08003fd8                Chassis::Chassis()
                0x08003fd8                Chassis::Chassis()
 .text._Z41__static_initialization_and_destruction_0ii
                0x08004014       0x2c CMakeFiles/RM_frame2.elf.dir/BasicComponents/Src/ChassisTask.cpp.obj
 .text._GLOBAL__sub_I__ZN7Chassis6HandleEv
                0x08004040       0x10 CMakeFiles/RM_frame2.elf.dir/BasicComponents/Src/ChassisTask.cpp.obj
 .text._ZN12GMPitchMotorC2Ev
                0x08004050       0x24 CMakeFiles/RM_frame2.elf.dir/BasicComponents/Src/GimbalTask.cpp.obj
                0x08004050                GMPitchMotor::GMPitchMotor()
                0x08004050                GMPitchMotor::GMPitchMotor()
 .text._ZN10GMYawMotorC2Ev
                0x08004074       0x24 CMakeFiles/RM_frame2.elf.dir/BasicComponents/Src/GimbalTask.cpp.obj
                0x08004074                GMYawMotor::GMYawMotor()
                0x08004074                GMYawMotor::GMYawMotor()
 .text._ZN6GimbalC2Ev
                0x08004098       0x24 CMakeFiles/RM_frame2.elf.dir/BasicComponents/Src/GimbalTask.cpp.obj
                0x08004098                Gimbal::Gimbal()
                0x08004098                Gimbal::Gimbal()
 .text._Z41__static_initialization_and_destruction_0ii
                0x080040bc       0x2c CMakeFiles/RM_frame2.elf.dir/BasicComponents/Src/GimbalTask.cpp.obj
 .text._GLOBAL__sub_I__ZN6GimbalC2Ev
                0x080040e8       0x10 CMakeFiles/RM_frame2.elf.dir/BasicComponents/Src/GimbalTask.cpp.obj
 .text._ZSt4asinf
                0x080040f8       0x18 CMakeFiles/RM_frame2.elf.dir/BasicComponents/Src/IMUTask.cpp.obj
                0x080040f8                std::asin(float)
 .text._ZSt5atan2ff
                0x08004110       0x1c CMakeFiles/RM_frame2.elf.dir/BasicComponents/Src/IMUTask.cpp.obj
                0x08004110                std::atan2(float, float)
 .text._ZSt4sqrtf
                0x0800412c       0x18 CMakeFiles/RM_frame2.elf.dir/BasicComponents/Src/IMUTask.cpp.obj
                0x0800412c                std::sqrt(float)
 .text._ZN7IMU_SPIC2Ev
                0x08004144       0x32 CMakeFiles/RM_frame2.elf.dir/BasicComponents/Src/IMUTask.cpp.obj
                0x08004144                IMU_SPI::IMU_SPI()
                0x08004144                IMU_SPI::IMU_SPI()
 .text._ZN3IMUC2Ev
                0x08004176       0x4c CMakeFiles/RM_frame2.elf.dir/BasicComponents/Src/IMUTask.cpp.obj
                0x08004176                IMU::IMU()
                0x08004176                IMU::IMU()
 *fill*         0x080041c2        0x2 
 .text._ZN7IMU_SPI8inv_sqrtEf
                0x080041c4       0x7c CMakeFiles/RM_frame2.elf.dir/BasicComponents/Src/IMUTask.cpp.obj
                0x080041c4                IMU_SPI::inv_sqrt(float)
 .text._ZN7IMU_SPI14mpu_write_byteEhh
                0x08004240       0x6c CMakeFiles/RM_frame2.elf.dir/BasicComponents/Src/IMUTask.cpp.obj
                0x08004240                IMU_SPI::mpu_write_byte(unsigned char, unsigned char)
 .text._ZN7IMU_SPI13mpu_read_byteEh
                0x080042ac       0x64 CMakeFiles/RM_frame2.elf.dir/BasicComponents/Src/IMUTask.cpp.obj
                0x080042ac                IMU_SPI::mpu_read_byte(unsigned char)
 .text._ZN7IMU_SPI14mpu_read_bytesEhPhh
                0x08004310       0x74 CMakeFiles/RM_frame2.elf.dir/BasicComponents/Src/IMUTask.cpp.obj
                0x08004310                IMU_SPI::mpu_read_bytes(unsigned char, unsigned char*, unsigned char)
 .text._ZN7IMU_SPI20ist_reg_write_by_mpuEhh
                0x08004384       0x5c CMakeFiles/RM_frame2.elf.dir/BasicComponents/Src/IMUTask.cpp.obj
                0x08004384                IMU_SPI::ist_reg_write_by_mpu(unsigned char, unsigned char)
 .text._ZN7IMU_SPI19ist_reg_read_by_mpuEh
                0x080043e0       0x54 CMakeFiles/RM_frame2.elf.dir/BasicComponents/Src/IMUTask.cpp.obj
                0x080043e0                IMU_SPI::ist_reg_read_by_mpu(unsigned char)
 .text._ZN7IMU_SPI31mpu_master_i2c_auto_read_configEhhh
                0x08004434       0xc6 CMakeFiles/RM_frame2.elf.dir/BasicComponents/Src/IMUTask.cpp.obj
                0x08004434                IMU_SPI::mpu_master_i2c_auto_read_config(unsigned char, unsigned char, unsigned char)
 .text._ZN7IMU_SPI12ist8310_initEv
                0x080044fa      0x170 CMakeFiles/RM_frame2.elf.dir/BasicComponents/Src/IMUTask.cpp.obj
                0x080044fa                IMU_SPI::ist8310_init()
 .text._ZN7IMU_SPI16ist8310_get_dataEPh
                0x0800466a       0x1e CMakeFiles/RM_frame2.elf.dir/BasicComponents/Src/IMUTask.cpp.obj
                0x0800466a                IMU_SPI::ist8310_get_data(unsigned char*)
 .text._ZN7IMU_SPI12mpu_get_dataEv
                0x08004688      0x218 CMakeFiles/RM_frame2.elf.dir/BasicComponents/Src/IMUTask.cpp.obj
                0x08004688                IMU_SPI::mpu_get_data()
 .text._ZN7IMU_SPI16mpu_set_gyro_fsrEh
                0x080048a0       0x26 CMakeFiles/RM_frame2.elf.dir/BasicComponents/Src/IMUTask.cpp.obj
                0x080048a0                IMU_SPI::mpu_set_gyro_fsr(unsigned char)
 .text._ZN7IMU_SPI17mpu_set_accel_fsrEh
                0x080048c6       0x26 CMakeFiles/RM_frame2.elf.dir/BasicComponents/Src/IMUTask.cpp.obj
                0x080048c6                IMU_SPI::mpu_set_accel_fsr(unsigned char)
 .text._ZN3IMU15mpu_device_initEv
                0x080048ec       0xdc CMakeFiles/RM_frame2.elf.dir/BasicComponents/Src/IMUTask.cpp.obj
                0x080048ec                IMU::mpu_device_init()
 .text._ZN3IMU15mpu_offset_callEv
                0x080049c8      0x1e4 CMakeFiles/RM_frame2.elf.dir/BasicComponents/Src/IMUTask.cpp.obj
                0x080049c8                IMU::mpu_offset_call()
 .text._ZN3IMU15init_quaternionEv
                0x08004bac      0x220 CMakeFiles/RM_frame2.elf.dir/BasicComponents/Src/IMUTask.cpp.obj
                0x08004bac                IMU::init_quaternion()
 .text._ZN3IMU15imu_ahrs_updateEv
                0x08004dcc      0xaf4 CMakeFiles/RM_frame2.elf.dir/BasicComponents/Src/IMUTask.cpp.obj
                0x08004dcc                IMU::imu_ahrs_update()
 .text._ZN3IMU19imu_attitude_updateEv
                0x080058c0      0x21c CMakeFiles/RM_frame2.elf.dir/BasicComponents/Src/IMUTask.cpp.obj
                0x080058c0                IMU::imu_attitude_update()
 .text._Z41__static_initialization_and_destruction_0ii
                0x08005adc       0x2c CMakeFiles/RM_frame2.elf.dir/BasicComponents/Src/IMUTask.cpp.obj
 .text._GLOBAL__sub_I__ZN7IMU_SPI8inv_sqrtEf
                0x08005b08       0x10 CMakeFiles/RM_frame2.elf.dir/BasicComponents/Src/IMUTask.cpp.obj
 .text._Z20myGet_CRC8_Check_SumPhjh
                0x08005b18       0x4c CMakeFiles/RM_frame2.elf.dir/BasicComponents/Src/JudgeTask.cpp.obj
                0x08005b18                myGet_CRC8_Check_Sum(unsigned char*, unsigned int, unsigned char)
 .text._Z23myVerify_CRC8_Check_SumPhj
                0x08005b64       0x4e CMakeFiles/RM_frame2.elf.dir/BasicComponents/Src/JudgeTask.cpp.obj
                0x08005b64                myVerify_CRC8_Check_Sum(unsigned char*, unsigned int)
 *fill*         0x08005bb2        0x2 
 .text._Z21myGet_CRC16_Check_SumPhmt
                0x08005bb4       0x68 CMakeFiles/RM_frame2.elf.dir/BasicComponents/Src/JudgeTask.cpp.obj
                0x08005bb4                myGet_CRC16_Check_Sum(unsigned char*, unsigned long, unsigned short)
 .text._Z24myVerify_CRC16_Check_SumPhm
                0x08005c1c       0x68 CMakeFiles/RM_frame2.elf.dir/BasicComponents/Src/JudgeTask.cpp.obj
                0x08005c1c                myVerify_CRC16_Check_Sum(unsigned char*, unsigned long)
 .text._Z23JudgeUartRxCpltCallbackv
                0x08005c84      0x620 CMakeFiles/RM_frame2.elf.dir/BasicComponents/Src/JudgeTask.cpp.obj
                0x08005c84                JudgeUartRxCpltCallback()
 .text._ZL25Referee_Update_GameStatusv
                0x080062a4       0x78 CMakeFiles/RM_frame2.elf.dir/BasicComponents/Src/JudgeTask.cpp.obj
 .text._ZL22Referee_Update_RobotHPv
                0x0800631c      0x1c4 CMakeFiles/RM_frame2.elf.dir/BasicComponents/Src/JudgeTask.cpp.obj
 .text._ZL24Referee_Update_EventDatav
                0x080064e0        0xc CMakeFiles/RM_frame2.elf.dir/BasicComponents/Src/JudgeTask.cpp.obj
 .text._ZL25Referee_Update_DartStatusv
                0x080064ec        0xc CMakeFiles/RM_frame2.elf.dir/BasicComponents/Src/JudgeTask.cpp.obj
 .text._ZL28Referee_Update_DartRemainingv
                0x080064f8        0xc CMakeFiles/RM_frame2.elf.dir/BasicComponents/Src/JudgeTask.cpp.obj
 .text._ZL22Referee_Update_Warningv
                0x08006504       0x28 CMakeFiles/RM_frame2.elf.dir/BasicComponents/Src/JudgeTask.cpp.obj
 .text._ZL25Referee_Update_RobotStatev
                0x0800652c      0x1d4 CMakeFiles/RM_frame2.elf.dir/BasicComponents/Src/JudgeTask.cpp.obj
 .text._ZL28Referee_Update_PowerHeatDatav
                0x08006700      0x148 CMakeFiles/RM_frame2.elf.dir/BasicComponents/Src/JudgeTask.cpp.obj
 .text._ZL23Referee_Update_RobotPosv
                0x08006848       0xc4 CMakeFiles/RM_frame2.elf.dir/BasicComponents/Src/JudgeTask.cpp.obj
 .text._ZL19Referee_Update_Buffv
                0x0800690c       0x20 CMakeFiles/RM_frame2.elf.dir/BasicComponents/Src/JudgeTask.cpp.obj
 .text._ZL27Referee_Update_AerialEnergyv
                0x0800692c       0x4c CMakeFiles/RM_frame2.elf.dir/BasicComponents/Src/JudgeTask.cpp.obj
 .text._ZL24Referee_Update_RobotHurtv
                0x08006978       0x48 CMakeFiles/RM_frame2.elf.dir/BasicComponents/Src/JudgeTask.cpp.obj
 .text._ZL24Referee_Update_ShootDatav
                0x080069c0       0x60 CMakeFiles/RM_frame2.elf.dir/BasicComponents/Src/JudgeTask.cpp.obj
 .text._ZL30Referee_Update_BulletRemainingv
                0x08006a20       0x30 CMakeFiles/RM_frame2.elf.dir/BasicComponents/Src/JudgeTask.cpp.obj
 .text._ZL25Referee_Update_RfidStatusv
                0x08006a50        0xc CMakeFiles/RM_frame2.elf.dir/BasicComponents/Src/JudgeTask.cpp.obj
 .text._ZL25Referee_Update_DartClientv
                0x08006a5c        0xc CMakeFiles/RM_frame2.elf.dir/BasicComponents/Src/JudgeTask.cpp.obj
 .text._ZL25Referee_Update_RobotWarpsv
                0x08006a68      0x108 CMakeFiles/RM_frame2.elf.dir/BasicComponents/Src/JudgeTask.cpp.obj
 .text._ZN6Remote15KeyMouseControlEv
                0x08006b70       0x2c CMakeFiles/RM_frame2.elf.dir/BasicComponents/Src/KeyMouseControlTask.cpp.obj
                0x08006b70                Remote::KeyMouseControl()
 .text._ZN6Remote12LeverControlEv
                0x08006b9c       0x94 CMakeFiles/RM_frame2.elf.dir/BasicComponents/Src/LeverControlTask.cpp.obj
                0x08006b9c                Remote::LeverControl()
 .text._ZN3IMU7GetDataEv
                0x08006c30       0x16 CMakeFiles/RM_frame2.elf.dir/BasicComponents/Src/MotorTask.cpp.obj
                0x08006c30                IMU::GetData()
 .text._ZN12ChassisMotor6HandleEv
                0x08006c46       0x54 CMakeFiles/RM_frame2.elf.dir/BasicComponents/Src/MotorTask.cpp.obj
                0x08006c46                ChassisMotor::Handle()
 *fill*         0x08006c9a        0x2 
 .text._ZN11NormalMotor6HandleEv
                0x08006c9c      0x348 CMakeFiles/RM_frame2.elf.dir/BasicComponents/Src/MotorTask.cpp.obj
                0x08006c9c                NormalMotor::Handle()
 .text._ZN12GMPitchMotor6HandleEv
                0x08006fe4      0x650 CMakeFiles/RM_frame2.elf.dir/BasicComponents/Src/MotorTask.cpp.obj
                0x08006fe4                GMPitchMotor::Handle()
 .text._ZN10GMYawMotor6HandleEv
                0x08007634      0x45c CMakeFiles/RM_frame2.elf.dir/BasicComponents/Src/MotorTask.cpp.obj
                0x08007634                GMYawMotor::Handle()
 .text._ZN5Motor9motorInitEv
                0x08007a90       0x48 CMakeFiles/RM_frame2.elf.dir/BasicComponents/Src/MotorTask.cpp.obj
                0x08007a90                Motor::motorInit()
 .text._ZN5Motor5ResetE9CanType_etdddddddd
                0x08007ad8      0x10c CMakeFiles/RM_frame2.elf.dir/BasicComponents/Src/MotorTask.cpp.obj
                0x08007ad8                Motor::Reset(CanType_e, unsigned short, double, double, double, double, double, double, double, double)
 .text._ZN5Motor9StopResetEv
                0x08007be4       0x7a CMakeFiles/RM_frame2.elf.dir/BasicComponents/Src/MotorTask.cpp.obj
                0x08007be4                Motor::StopReset()
 .text._ZN12ChassisMotor5ResetE9CanType_etdddddddd
                0x08007c5e       0x64 CMakeFiles/RM_frame2.elf.dir/BasicComponents/Src/MotorTask.cpp.obj
                0x08007c5e                ChassisMotor::Reset(CanType_e, unsigned short, double, double, double, double, double, double, double, double)
 .text._ZN11NormalMotor5ResetE9CanType_etddddddddddddddd
                0x08007cc2       0xa4 CMakeFiles/RM_frame2.elf.dir/BasicComponents/Src/MotorTask.cpp.obj
                0x08007cc2                NormalMotor::Reset(CanType_e, unsigned short, double, double, double, double, double, double, double, double, double, double, double, double, double, double, double)
 .text._ZN12GMPitchMotor5ResetE9CanType_etddddddddddddddd
                0x08007d66       0xc8 CMakeFiles/RM_frame2.elf.dir/BasicComponents/Src/MotorTask.cpp.obj
                0x08007d66                GMPitchMotor::Reset(CanType_e, unsigned short, double, double, double, double, double, double, double, double, double, double, double, double, double, double, double)
 .text._ZN10GMYawMotor5ResetE9CanType_etddddddddddddddd
                0x08007e2e       0xc8 CMakeFiles/RM_frame2.elf.dir/BasicComponents/Src/MotorTask.cpp.obj
                0x08007e2e                GMYawMotor::Reset(CanType_e, unsigned short, double, double, double, double, double, double, double, double, double, double, double, double, double, double, double)
 .text._Z8PID_CalcP15PID_Regulator_t
                0x08007ef6      0x262 CMakeFiles/RM_frame2.elf.dir/BasicComponents/Src/PIDTask.cpp.obj
                0x08007ef6                PID_Calc(PID_Regulator_t*)
 .text._Z9PID_ResetP15PID_Regulator_tddddddd
                0x08008158       0xbe CMakeFiles/RM_frame2.elf.dir/BasicComponents/Src/PIDTask.cpp.obj
                0x08008158                PID_Reset(PID_Regulator_t*, double, double, double, double, double, double, double)
 .text._ZN10RemoteRecvC2Ev
                0x08008216       0x5a CMakeFiles/RM_frame2.elf.dir/BasicComponents/Src/RemoteTask.cpp.obj
                0x08008216                RemoteRecv::RemoteRecv()
                0x08008216                RemoteRecv::RemoteRecv()
 .text._ZN6RemoteC2Ev
                0x08008270       0x90 CMakeFiles/RM_frame2.elf.dir/BasicComponents/Src/RemoteTask.cpp.obj
                0x08008270                Remote::Remote()
                0x08008270                Remote::Remote()
 .text._ZN10RemoteRecv21GetRemoteSwitchActionEP14RemoteSwitch_th
                0x08008300       0xf4 CMakeFiles/RM_frame2.elf.dir/BasicComponents/Src/RemoteTask.cpp.obj
                0x08008300                RemoteRecv::GetRemoteSwitchAction(RemoteSwitch_t*, unsigned char)
 .text._ZN10RemoteRecv17RemoteDataProcessEPh
                0x080083f4      0x1d8 CMakeFiles/RM_frame2.elf.dir/BasicComponents/Src/RemoteTask.cpp.obj
                0x080083f4                RemoteRecv::RemoteDataProcess(unsigned char*)
 .text._ZN10RemoteRecv14RemoteDataRecvEv
                0x080085cc       0xc8 CMakeFiles/RM_frame2.elf.dir/BasicComponents/Src/RemoteTask.cpp.obj
                0x080085cc                RemoteRecv::RemoteDataRecv()
 .text._ZN6Remote13RemoteDataGetEv
                0x08008694       0x90 CMakeFiles/RM_frame2.elf.dir/BasicComponents/Src/RemoteTask.cpp.obj
                0x08008694                Remote::RemoteDataGet()
 .text._ZN6Remote12WorkStateFSMEv
                0x08008724      0x288 CMakeFiles/RM_frame2.elf.dir/BasicComponents/Src/RemoteTask.cpp.obj
                0x08008724                Remote::WorkStateFSM()
 .text._ZN6Remote11IWDG_HandleEv
                0x080089ac       0x50 CMakeFiles/RM_frame2.elf.dir/BasicComponents/Src/RemoteTask.cpp.obj
                0x080089ac                Remote::IWDG_Handle()
 .text._ZN6Remote6HandleEv
                0x080089fc       0x22 CMakeFiles/RM_frame2.elf.dir/BasicComponents/Src/RemoteTask.cpp.obj
                0x080089fc                Remote::Handle()
 *fill*         0x08008a1e        0x2 
 .text._Z41__static_initialization_and_destruction_0ii
                0x08008a20       0x2c CMakeFiles/RM_frame2.elf.dir/BasicComponents/Src/RemoteTask.cpp.obj
 .text._GLOBAL__sub_I__ZN10RemoteRecv21GetRemoteSwitchActionEP14RemoteSwitch_th
                0x08008a4c       0x10 CMakeFiles/RM_frame2.elf.dir/BasicComponents/Src/RemoteTask.cpp.obj
 .text._ZN5ShootC2Ev
                0x08008a5c       0xac CMakeFiles/RM_frame2.elf.dir/BasicComponents/Src/ShootTask.cpp.obj
                0x08008a5c                Shoot::Shoot()
                0x08008a5c                Shoot::Shoot()
 .text._ZN5Shoot5CountEv
                0x08008b08       0x6a CMakeFiles/RM_frame2.elf.dir/BasicComponents/Src/ShootTask.cpp.obj
                0x08008b08                Shoot::Count()
 *fill*         0x08008b72        0x2 
 .text._Z41__static_initialization_and_destruction_0ii
                0x08008b74       0x2c CMakeFiles/RM_frame2.elf.dir/BasicComponents/Src/ShootTask.cpp.obj
 .text._GLOBAL__sub_I__ZN5ShootC2Ev
                0x08008ba0       0x10 CMakeFiles/RM_frame2.elf.dir/BasicComponents/Src/ShootTask.cpp.obj
 .text.HAL_Init
                0x08008bb0       0x44 CMakeFiles/RM_frame2.elf.dir/Drivers/STM32F4xx_HAL_Driver/Src/stm32f4xx_hal.c.obj
                0x08008bb0                HAL_Init
 .text.HAL_InitTick
                0x08008bf4       0x38 CMakeFiles/RM_frame2.elf.dir/Drivers/STM32F4xx_HAL_Driver/Src/stm32f4xx_hal.c.obj
                0x08008bf4                HAL_InitTick
 .text.HAL_IncTick
                0x08008c2c       0x1c CMakeFiles/RM_frame2.elf.dir/Drivers/STM32F4xx_HAL_Driver/Src/stm32f4xx_hal.c.obj
                0x08008c2c                HAL_IncTick
 .text.HAL_GetTick
                0x08008c48       0x14 CMakeFiles/RM_frame2.elf.dir/Drivers/STM32F4xx_HAL_Driver/Src/stm32f4xx_hal.c.obj
                0x08008c48                HAL_GetTick
 .text.HAL_Delay
                0x08008c5c       0x3c CMakeFiles/RM_frame2.elf.dir/Drivers/STM32F4xx_HAL_Driver/Src/stm32f4xx_hal.c.obj
                0x08008c5c                HAL_Delay
 .text.HAL_ADC_Init
                0x08008c98       0x86 CMakeFiles/RM_frame2.elf.dir/Drivers/STM32F4xx_HAL_Driver/Src/stm32f4xx_hal_adc.c.obj
                0x08008c98                HAL_ADC_Init
 .text.HAL_ADC_IRQHandler
                0x08008d1e      0x282 CMakeFiles/RM_frame2.elf.dir/Drivers/STM32F4xx_HAL_Driver/Src/stm32f4xx_hal_adc.c.obj
                0x08008d1e                HAL_ADC_IRQHandler
 .text.HAL_ADC_ConvCpltCallback
                0x08008fa0       0x12 CMakeFiles/RM_frame2.elf.dir/Drivers/STM32F4xx_HAL_Driver/Src/stm32f4xx_hal_adc.c.obj
                0x08008fa0                HAL_ADC_ConvCpltCallback
 .text.HAL_ADC_LevelOutOfWindowCallback
                0x08008fb2       0x12 CMakeFiles/RM_frame2.elf.dir/Drivers/STM32F4xx_HAL_Driver/Src/stm32f4xx_hal_adc.c.obj
                0x08008fb2                HAL_ADC_LevelOutOfWindowCallback
 .text.HAL_ADC_ErrorCallback
                0x08008fc4       0x12 CMakeFiles/RM_frame2.elf.dir/Drivers/STM32F4xx_HAL_Driver/Src/stm32f4xx_hal_adc.c.obj
                0x08008fc4                HAL_ADC_ErrorCallback
 *fill*         0x08008fd6        0x2 
 .text.HAL_ADC_ConfigChannel
                0x08008fd8      0x24c CMakeFiles/RM_frame2.elf.dir/Drivers/STM32F4xx_HAL_Driver/Src/stm32f4xx_hal_adc.c.obj
                0x08008fd8                HAL_ADC_ConfigChannel
 .text.ADC_Init
                0x08009224      0x1f4 CMakeFiles/RM_frame2.elf.dir/Drivers/STM32F4xx_HAL_Driver/Src/stm32f4xx_hal_adc.c.obj
 .text.HAL_ADCEx_InjectedConvCpltCallback
                0x08009418       0x12 CMakeFiles/RM_frame2.elf.dir/Drivers/STM32F4xx_HAL_Driver/Src/stm32f4xx_hal_adc_ex.c.obj
                0x08009418                HAL_ADCEx_InjectedConvCpltCallback
 .text.HAL_CAN_Init
                0x0800942a      0x24a CMakeFiles/RM_frame2.elf.dir/Drivers/STM32F4xx_HAL_Driver/Src/stm32f4xx_hal_can.c.obj
                0x0800942a                HAL_CAN_Init
 .text.HAL_CAN_ConfigFilter
                0x08009674      0x198 CMakeFiles/RM_frame2.elf.dir/Drivers/STM32F4xx_HAL_Driver/Src/stm32f4xx_hal_can.c.obj
                0x08009674                HAL_CAN_ConfigFilter
 .text.HAL_CAN_Transmit_IT
                0x0800980c      0x27c CMakeFiles/RM_frame2.elf.dir/Drivers/STM32F4xx_HAL_Driver/Src/stm32f4xx_hal_can.c.obj
                0x0800980c                HAL_CAN_Transmit_IT
 .text.HAL_CAN_Receive_IT
                0x08009a88      0x176 CMakeFiles/RM_frame2.elf.dir/Drivers/STM32F4xx_HAL_Driver/Src/stm32f4xx_hal_can.c.obj
                0x08009a88                HAL_CAN_Receive_IT
 *fill*         0x08009bfe        0x2 
 .text.HAL_CAN_IRQHandler
                0x08009c00      0x484 CMakeFiles/RM_frame2.elf.dir/Drivers/STM32F4xx_HAL_Driver/Src/stm32f4xx_hal_can.c.obj
                0x08009c00                HAL_CAN_IRQHandler
 .text.HAL_CAN_ErrorCallback
                0x0800a084       0x12 CMakeFiles/RM_frame2.elf.dir/Drivers/STM32F4xx_HAL_Driver/Src/stm32f4xx_hal_can.c.obj
                0x0800a084                HAL_CAN_ErrorCallback
 .text.CAN_Transmit_IT
                0x0800a096       0x86 CMakeFiles/RM_frame2.elf.dir/Drivers/STM32F4xx_HAL_Driver/Src/stm32f4xx_hal_can.c.obj
 .text.CAN_Receive_IT
                0x0800a11c      0x278 CMakeFiles/RM_frame2.elf.dir/Drivers/STM32F4xx_HAL_Driver/Src/stm32f4xx_hal_can.c.obj
 .text.NVIC_SetPriorityGrouping
                0x0800a394       0x48 CMakeFiles/RM_frame2.elf.dir/Drivers/STM32F4xx_HAL_Driver/Src/stm32f4xx_hal_cortex.c.obj
 .text.NVIC_GetPriorityGrouping
                0x0800a3dc       0x1c CMakeFiles/RM_frame2.elf.dir/Drivers/STM32F4xx_HAL_Driver/Src/stm32f4xx_hal_cortex.c.obj
 .text.NVIC_EnableIRQ
                0x0800a3f8       0x30 CMakeFiles/RM_frame2.elf.dir/Drivers/STM32F4xx_HAL_Driver/Src/stm32f4xx_hal_cortex.c.obj
 .text.NVIC_DisableIRQ
                0x0800a428       0x34 CMakeFiles/RM_frame2.elf.dir/Drivers/STM32F4xx_HAL_Driver/Src/stm32f4xx_hal_cortex.c.obj
 .text.NVIC_SetPriority
                0x0800a45c       0x54 CMakeFiles/RM_frame2.elf.dir/Drivers/STM32F4xx_HAL_Driver/Src/stm32f4xx_hal_cortex.c.obj
 .text.NVIC_EncodePriority
                0x0800a4b0       0x64 CMakeFiles/RM_frame2.elf.dir/Drivers/STM32F4xx_HAL_Driver/Src/stm32f4xx_hal_cortex.c.obj
 .text.SysTick_Config
                0x0800a514       0x44 CMakeFiles/RM_frame2.elf.dir/Drivers/STM32F4xx_HAL_Driver/Src/stm32f4xx_hal_cortex.c.obj
 .text.HAL_NVIC_SetPriorityGrouping
                0x0800a558       0x16 CMakeFiles/RM_frame2.elf.dir/Drivers/STM32F4xx_HAL_Driver/Src/stm32f4xx_hal_cortex.c.obj
                0x0800a558                HAL_NVIC_SetPriorityGrouping
 .text.HAL_NVIC_SetPriority
                0x0800a56e       0x38 CMakeFiles/RM_frame2.elf.dir/Drivers/STM32F4xx_HAL_Driver/Src/stm32f4xx_hal_cortex.c.obj
                0x0800a56e                HAL_NVIC_SetPriority
 .text.HAL_NVIC_EnableIRQ
                0x0800a5a6       0x1c CMakeFiles/RM_frame2.elf.dir/Drivers/STM32F4xx_HAL_Driver/Src/stm32f4xx_hal_cortex.c.obj
                0x0800a5a6                HAL_NVIC_EnableIRQ
 .text.HAL_NVIC_DisableIRQ
                0x0800a5c2       0x1c CMakeFiles/RM_frame2.elf.dir/Drivers/STM32F4xx_HAL_Driver/Src/stm32f4xx_hal_cortex.c.obj
                0x0800a5c2                HAL_NVIC_DisableIRQ
 .text.HAL_SYSTICK_Config
                0x0800a5de       0x18 CMakeFiles/RM_frame2.elf.dir/Drivers/STM32F4xx_HAL_Driver/Src/stm32f4xx_hal_cortex.c.obj
                0x0800a5de                HAL_SYSTICK_Config
 *fill*         0x0800a5f6        0x2 
 .text.HAL_SYSTICK_CLKSourceConfig
                0x0800a5f8       0x38 CMakeFiles/RM_frame2.elf.dir/Drivers/STM32F4xx_HAL_Driver/Src/stm32f4xx_hal_cortex.c.obj
                0x0800a5f8                HAL_SYSTICK_CLKSourceConfig
 .text.HAL_SYSTICK_IRQHandler
                0x0800a630        0xc CMakeFiles/RM_frame2.elf.dir/Drivers/STM32F4xx_HAL_Driver/Src/stm32f4xx_hal_cortex.c.obj
                0x0800a630                HAL_SYSTICK_IRQHandler
 .text.HAL_SYSTICK_Callback
                0x0800a63c        0xc CMakeFiles/RM_frame2.elf.dir/Drivers/STM32F4xx_HAL_Driver/Src/stm32f4xx_hal_cortex.c.obj
                0x0800a63c                HAL_SYSTICK_Callback
 .text.HAL_DAC_Init
                0x0800a648       0x44 CMakeFiles/RM_frame2.elf.dir/Drivers/STM32F4xx_HAL_Driver/Src/stm32f4xx_hal_dac.c.obj
                0x0800a648                HAL_DAC_Init
 .text.HAL_DAC_IRQHandler
                0x0800a68c       0x94 CMakeFiles/RM_frame2.elf.dir/Drivers/STM32F4xx_HAL_Driver/Src/stm32f4xx_hal_dac.c.obj
                0x0800a68c                HAL_DAC_IRQHandler
 .text.HAL_DAC_DMAUnderrunCallbackCh1
                0x0800a720       0x12 CMakeFiles/RM_frame2.elf.dir/Drivers/STM32F4xx_HAL_Driver/Src/stm32f4xx_hal_dac.c.obj
                0x0800a720                HAL_DAC_DMAUnderrunCallbackCh1
 .text.HAL_DAC_ConfigChannel
                0x0800a732       0x98 CMakeFiles/RM_frame2.elf.dir/Drivers/STM32F4xx_HAL_Driver/Src/stm32f4xx_hal_dac.c.obj
                0x0800a732                HAL_DAC_ConfigChannel
 .text.HAL_DACEx_DMAUnderrunCallbackCh2
                0x0800a7ca       0x12 CMakeFiles/RM_frame2.elf.dir/Drivers/STM32F4xx_HAL_Driver/Src/stm32f4xx_hal_dac_ex.c.obj
                0x0800a7ca                HAL_DACEx_DMAUnderrunCallbackCh2
 .text.HAL_DMA_Init
                0x0800a7dc      0x15c CMakeFiles/RM_frame2.elf.dir/Drivers/STM32F4xx_HAL_Driver/Src/stm32f4xx_hal_dma.c.obj
                0x0800a7dc                HAL_DMA_Init
 .text.HAL_DMA_Start_IT
                0x0800a938       0xc0 CMakeFiles/RM_frame2.elf.dir/Drivers/STM32F4xx_HAL_Driver/Src/stm32f4xx_hal_dma.c.obj
                0x0800a938                HAL_DMA_Start_IT
 .text.HAL_DMA_Abort
                0x0800a9f8       0xe0 CMakeFiles/RM_frame2.elf.dir/Drivers/STM32F4xx_HAL_Driver/Src/stm32f4xx_hal_dma.c.obj
                0x0800a9f8                HAL_DMA_Abort
 .text.HAL_DMA_Abort_IT
                0x0800aad8       0x42 CMakeFiles/RM_frame2.elf.dir/Drivers/STM32F4xx_HAL_Driver/Src/stm32f4xx_hal_dma.c.obj
                0x0800aad8                HAL_DMA_Abort_IT
 *fill*         0x0800ab1a        0x2 
 .text.HAL_DMA_IRQHandler
                0x0800ab1c      0x314 CMakeFiles/RM_frame2.elf.dir/Drivers/STM32F4xx_HAL_Driver/Src/stm32f4xx_hal_dma.c.obj
                0x0800ab1c                HAL_DMA_IRQHandler
 .text.DMA_SetConfig
                0x0800ae30       0x5a CMakeFiles/RM_frame2.elf.dir/Drivers/STM32F4xx_HAL_Driver/Src/stm32f4xx_hal_dma.c.obj
 *fill*         0x0800ae8a        0x2 
 .text.DMA_CalcBaseAndBitshift
                0x0800ae8c       0x68 CMakeFiles/RM_frame2.elf.dir/Drivers/STM32F4xx_HAL_Driver/Src/stm32f4xx_hal_dma.c.obj
 .text.DMA_CheckFifoParam
                0x0800aef4       0xf4 CMakeFiles/RM_frame2.elf.dir/Drivers/STM32F4xx_HAL_Driver/Src/stm32f4xx_hal_dma.c.obj
 .text.HAL_GPIO_Init
                0x0800afe8      0x354 CMakeFiles/RM_frame2.elf.dir/Drivers/STM32F4xx_HAL_Driver/Src/stm32f4xx_hal_gpio.c.obj
                0x0800afe8                HAL_GPIO_Init
 .text.HAL_GPIO_WritePin
                0x0800b33c       0x30 CMakeFiles/RM_frame2.elf.dir/Drivers/STM32F4xx_HAL_Driver/Src/stm32f4xx_hal_gpio.c.obj
                0x0800b33c                HAL_GPIO_WritePin
 .text.HAL_GPIO_TogglePin
                0x0800b36c       0x22 CMakeFiles/RM_frame2.elf.dir/Drivers/STM32F4xx_HAL_Driver/Src/stm32f4xx_hal_gpio.c.obj
                0x0800b36c                HAL_GPIO_TogglePin
 *fill*         0x0800b38e        0x2 
 .text.HAL_GPIO_EXTI_IRQHandler
                0x0800b390       0x30 CMakeFiles/RM_frame2.elf.dir/Drivers/STM32F4xx_HAL_Driver/Src/stm32f4xx_hal_gpio.c.obj
                0x0800b390                HAL_GPIO_EXTI_IRQHandler
 .text.HAL_GPIO_EXTI_Callback
                0x0800b3c0       0x14 CMakeFiles/RM_frame2.elf.dir/Drivers/STM32F4xx_HAL_Driver/Src/stm32f4xx_hal_gpio.c.obj
                0x0800b3c0                HAL_GPIO_EXTI_Callback
 .text.HAL_IWDG_Refresh
                0x0800b3d4       0x1e CMakeFiles/RM_frame2.elf.dir/Drivers/STM32F4xx_HAL_Driver/Src/stm32f4xx_hal_iwdg.c.obj
                0x0800b3d4                HAL_IWDG_Refresh
 *fill*         0x0800b3f2        0x2 
 .text.HAL_RCC_OscConfig
                0x0800b3f4      0x450 CMakeFiles/RM_frame2.elf.dir/Drivers/STM32F4xx_HAL_Driver/Src/stm32f4xx_hal_rcc.c.obj
                0x0800b3f4                HAL_RCC_OscConfig
 .text.HAL_RCC_ClockConfig
                0x0800b844      0x1c4 CMakeFiles/RM_frame2.elf.dir/Drivers/STM32F4xx_HAL_Driver/Src/stm32f4xx_hal_rcc.c.obj
                0x0800b844                HAL_RCC_ClockConfig
 .text.HAL_RCC_GetSysClockFreq
                0x0800ba08      0x16c CMakeFiles/RM_frame2.elf.dir/Drivers/STM32F4xx_HAL_Driver/Src/stm32f4xx_hal_rcc.c.obj
                0x0800ba08                HAL_RCC_GetSysClockFreq
 .text.HAL_RCC_GetHCLKFreq
                0x0800bb74       0x14 CMakeFiles/RM_frame2.elf.dir/Drivers/STM32F4xx_HAL_Driver/Src/stm32f4xx_hal_rcc.c.obj
                0x0800bb74                HAL_RCC_GetHCLKFreq
 .text.HAL_RCC_GetPCLK1Freq
                0x0800bb88       0x28 CMakeFiles/RM_frame2.elf.dir/Drivers/STM32F4xx_HAL_Driver/Src/stm32f4xx_hal_rcc.c.obj
                0x0800bb88                HAL_RCC_GetPCLK1Freq
 .text.HAL_RCC_GetPCLK2Freq
                0x0800bbb0       0x28 CMakeFiles/RM_frame2.elf.dir/Drivers/STM32F4xx_HAL_Driver/Src/stm32f4xx_hal_rcc.c.obj
                0x0800bbb0                HAL_RCC_GetPCLK2Freq
 .text.HAL_SPI_Init
                0x0800bbd8       0xc8 CMakeFiles/RM_frame2.elf.dir/Drivers/STM32F4xx_HAL_Driver/Src/stm32f4xx_hal_spi.c.obj
                0x0800bbd8                HAL_SPI_Init
 .text.HAL_SPI_TransmitReceive
                0x0800bca0      0x340 CMakeFiles/RM_frame2.elf.dir/Drivers/STM32F4xx_HAL_Driver/Src/stm32f4xx_hal_spi.c.obj
                0x0800bca0                HAL_SPI_TransmitReceive
 .text.SPI_WaitFlagStateUntilTimeout
                0x0800bfe0       0xd2 CMakeFiles/RM_frame2.elf.dir/Drivers/STM32F4xx_HAL_Driver/Src/stm32f4xx_hal_spi.c.obj
 .text.SPI_CheckFlag_BSY
                0x0800c0b2       0x3c CMakeFiles/RM_frame2.elf.dir/Drivers/STM32F4xx_HAL_Driver/Src/stm32f4xx_hal_spi.c.obj
 .text.HAL_TIM_Base_Init
                0x0800c0ee       0x56 CMakeFiles/RM_frame2.elf.dir/Drivers/STM32F4xx_HAL_Driver/Src/stm32f4xx_hal_tim.c.obj
                0x0800c0ee                HAL_TIM_Base_Init
 .text.HAL_TIM_Base_Start_IT
                0x0800c144       0x34 CMakeFiles/RM_frame2.elf.dir/Drivers/STM32F4xx_HAL_Driver/Src/stm32f4xx_hal_tim.c.obj
                0x0800c144                HAL_TIM_Base_Start_IT
 .text.HAL_TIM_PWM_Init
                0x0800c178       0x56 CMakeFiles/RM_frame2.elf.dir/Drivers/STM32F4xx_HAL_Driver/Src/stm32f4xx_hal_tim.c.obj
                0x0800c178                HAL_TIM_PWM_Init
 *fill*         0x0800c1ce        0x2 
 .text.HAL_TIM_PWM_Start
                0x0800c1d0       0x68 CMakeFiles/RM_frame2.elf.dir/Drivers/STM32F4xx_HAL_Driver/Src/stm32f4xx_hal_tim.c.obj
                0x0800c1d0                HAL_TIM_PWM_Start
 .text.HAL_TIM_IRQHandler
                0x0800c238      0x210 CMakeFiles/RM_frame2.elf.dir/Drivers/STM32F4xx_HAL_Driver/Src/stm32f4xx_hal_tim.c.obj
                0x0800c238                HAL_TIM_IRQHandler
 .text.HAL_TIM_PWM_ConfigChannel
                0x0800c448      0x18c CMakeFiles/RM_frame2.elf.dir/Drivers/STM32F4xx_HAL_Driver/Src/stm32f4xx_hal_tim.c.obj
                0x0800c448                HAL_TIM_PWM_ConfigChannel
 .text.HAL_TIM_ConfigClockSource
                0x0800c5d4      0x1d6 CMakeFiles/RM_frame2.elf.dir/Drivers/STM32F4xx_HAL_Driver/Src/stm32f4xx_hal_tim.c.obj
                0x0800c5d4                HAL_TIM_ConfigClockSource
 .text.HAL_TIM_OC_DelayElapsedCallback
                0x0800c7aa       0x12 CMakeFiles/RM_frame2.elf.dir/Drivers/STM32F4xx_HAL_Driver/Src/stm32f4xx_hal_tim.c.obj
                0x0800c7aa                HAL_TIM_OC_DelayElapsedCallback
 .text.HAL_TIM_IC_CaptureCallback
                0x0800c7bc       0x12 CMakeFiles/RM_frame2.elf.dir/Drivers/STM32F4xx_HAL_Driver/Src/stm32f4xx_hal_tim.c.obj
                0x0800c7bc                HAL_TIM_IC_CaptureCallback
 .text.HAL_TIM_PWM_PulseFinishedCallback
                0x0800c7ce       0x12 CMakeFiles/RM_frame2.elf.dir/Drivers/STM32F4xx_HAL_Driver/Src/stm32f4xx_hal_tim.c.obj
                0x0800c7ce                HAL_TIM_PWM_PulseFinishedCallback
 .text.HAL_TIM_TriggerCallback
                0x0800c7e0       0x12 CMakeFiles/RM_frame2.elf.dir/Drivers/STM32F4xx_HAL_Driver/Src/stm32f4xx_hal_tim.c.obj
                0x0800c7e0                HAL_TIM_TriggerCallback
 *fill*         0x0800c7f2        0x2 
 .text.TIM_Base_SetConfig
                0x0800c7f4      0x150 CMakeFiles/RM_frame2.elf.dir/Drivers/STM32F4xx_HAL_Driver/Src/stm32f4xx_hal_tim.c.obj
                0x0800c7f4                TIM_Base_SetConfig
 .text.TIM_OC2_SetConfig
                0x0800c944       0xf0 CMakeFiles/RM_frame2.elf.dir/Drivers/STM32F4xx_HAL_Driver/Src/stm32f4xx_hal_tim.c.obj
                0x0800c944                TIM_OC2_SetConfig
 .text.TIM_CCxChannelCmd
                0x0800ca34       0x44 CMakeFiles/RM_frame2.elf.dir/Drivers/STM32F4xx_HAL_Driver/Src/stm32f4xx_hal_tim.c.obj
                0x0800ca34                TIM_CCxChannelCmd
 .text.TIM_OC1_SetConfig
                0x0800ca78       0xe4 CMakeFiles/RM_frame2.elf.dir/Drivers/STM32F4xx_HAL_Driver/Src/stm32f4xx_hal_tim.c.obj
 .text.TIM_OC3_SetConfig
                0x0800cb5c       0xec CMakeFiles/RM_frame2.elf.dir/Drivers/STM32F4xx_HAL_Driver/Src/stm32f4xx_hal_tim.c.obj
 .text.TIM_OC4_SetConfig
                0x0800cc48       0xc0 CMakeFiles/RM_frame2.elf.dir/Drivers/STM32F4xx_HAL_Driver/Src/stm32f4xx_hal_tim.c.obj
 .text.TIM_TI1_ConfigInputStage
                0x0800cd08       0x64 CMakeFiles/RM_frame2.elf.dir/Drivers/STM32F4xx_HAL_Driver/Src/stm32f4xx_hal_tim.c.obj
 .text.TIM_TI2_ConfigInputStage
                0x0800cd6c       0x66 CMakeFiles/RM_frame2.elf.dir/Drivers/STM32F4xx_HAL_Driver/Src/stm32f4xx_hal_tim.c.obj
 .text.TIM_ITRx_SetConfig
                0x0800cdd2       0x3e CMakeFiles/RM_frame2.elf.dir/Drivers/STM32F4xx_HAL_Driver/Src/stm32f4xx_hal_tim.c.obj
 .text.TIM_ETR_SetConfig
                0x0800ce10       0x42 CMakeFiles/RM_frame2.elf.dir/Drivers/STM32F4xx_HAL_Driver/Src/stm32f4xx_hal_tim.c.obj
 .text.HAL_TIMEx_MasterConfigSynchronization
                0x0800ce52       0x88 CMakeFiles/RM_frame2.elf.dir/Drivers/STM32F4xx_HAL_Driver/Src/stm32f4xx_hal_tim_ex.c.obj
                0x0800ce52                HAL_TIMEx_MasterConfigSynchronization
 .text.HAL_TIMEx_ConfigBreakDeadTime
                0x0800ceda       0xb0 CMakeFiles/RM_frame2.elf.dir/Drivers/STM32F4xx_HAL_Driver/Src/stm32f4xx_hal_tim_ex.c.obj
                0x0800ceda                HAL_TIMEx_ConfigBreakDeadTime
 .text.HAL_TIMEx_CommutationCallback
                0x0800cf8a       0x12 CMakeFiles/RM_frame2.elf.dir/Drivers/STM32F4xx_HAL_Driver/Src/stm32f4xx_hal_tim_ex.c.obj
                0x0800cf8a                HAL_TIMEx_CommutationCallback
 .text.HAL_TIMEx_BreakCallback
                0x0800cf9c       0x12 CMakeFiles/RM_frame2.elf.dir/Drivers/STM32F4xx_HAL_Driver/Src/stm32f4xx_hal_tim_ex.c.obj
                0x0800cf9c                HAL_TIMEx_BreakCallback
 .text.HAL_UART_Init
                0x0800cfae       0x9a CMakeFiles/RM_frame2.elf.dir/Drivers/STM32F4xx_HAL_Driver/Src/stm32f4xx_hal_uart.c.obj
                0x0800cfae                HAL_UART_Init
 .text.HAL_UART_Receive_IT
                0x0800d048       0x98 CMakeFiles/RM_frame2.elf.dir/Drivers/STM32F4xx_HAL_Driver/Src/stm32f4xx_hal_uart.c.obj
                0x0800d048                HAL_UART_Receive_IT
 .text.HAL_UART_Receive_DMA
                0x0800d0e0      0x100 CMakeFiles/RM_frame2.elf.dir/Drivers/STM32F4xx_HAL_Driver/Src/stm32f4xx_hal_uart.c.obj
                0x0800d0e0                HAL_UART_Receive_DMA
 .text.HAL_UART_AbortReceive
                0x0800d1e0       0x78 CMakeFiles/RM_frame2.elf.dir/Drivers/STM32F4xx_HAL_Driver/Src/stm32f4xx_hal_uart.c.obj
                0x0800d1e0                HAL_UART_AbortReceive
 .text.HAL_UART_IRQHandler
                0x0800d258      0x1f4 CMakeFiles/RM_frame2.elf.dir/Drivers/STM32F4xx_HAL_Driver/Src/stm32f4xx_hal_uart.c.obj
                0x0800d258                HAL_UART_IRQHandler
 .text.HAL_UART_TxCpltCallback
                0x0800d44c       0x12 CMakeFiles/RM_frame2.elf.dir/Drivers/STM32F4xx_HAL_Driver/Src/stm32f4xx_hal_uart.c.obj
                0x0800d44c                HAL_UART_TxCpltCallback
 .text.HAL_UART_RxHalfCpltCallback
                0x0800d45e       0x12 CMakeFiles/RM_frame2.elf.dir/Drivers/STM32F4xx_HAL_Driver/Src/stm32f4xx_hal_uart.c.obj
                0x0800d45e                HAL_UART_RxHalfCpltCallback
 .text.HAL_UART_ErrorCallback
                0x0800d470       0x12 CMakeFiles/RM_frame2.elf.dir/Drivers/STM32F4xx_HAL_Driver/Src/stm32f4xx_hal_uart.c.obj
                0x0800d470                HAL_UART_ErrorCallback
 .text.UART_DMAReceiveCplt
                0x0800d482       0x68 CMakeFiles/RM_frame2.elf.dir/Drivers/STM32F4xx_HAL_Driver/Src/stm32f4xx_hal_uart.c.obj
 .text.UART_DMARxHalfCplt
                0x0800d4ea       0x1c CMakeFiles/RM_frame2.elf.dir/Drivers/STM32F4xx_HAL_Driver/Src/stm32f4xx_hal_uart.c.obj
 .text.UART_DMAError
                0x0800d506       0x94 CMakeFiles/RM_frame2.elf.dir/Drivers/STM32F4xx_HAL_Driver/Src/stm32f4xx_hal_uart.c.obj
 .text.UART_EndTxTransfer
                0x0800d59a       0x2a CMakeFiles/RM_frame2.elf.dir/Drivers/STM32F4xx_HAL_Driver/Src/stm32f4xx_hal_uart.c.obj
 .text.UART_EndRxTransfer
                0x0800d5c4       0x3a CMakeFiles/RM_frame2.elf.dir/Drivers/STM32F4xx_HAL_Driver/Src/stm32f4xx_hal_uart.c.obj
 .text.UART_DMAAbortOnError
                0x0800d5fe       0x28 CMakeFiles/RM_frame2.elf.dir/Drivers/STM32F4xx_HAL_Driver/Src/stm32f4xx_hal_uart.c.obj
 .text.UART_Transmit_IT
                0x0800d626       0xaa CMakeFiles/RM_frame2.elf.dir/Drivers/STM32F4xx_HAL_Driver/Src/stm32f4xx_hal_uart.c.obj
 .text.UART_EndTransmit_IT
                0x0800d6d0       0x30 CMakeFiles/RM_frame2.elf.dir/Drivers/STM32F4xx_HAL_Driver/Src/stm32f4xx_hal_uart.c.obj
 .text.UART_Receive_IT
                0x0800d700       0xf2 CMakeFiles/RM_frame2.elf.dir/Drivers/STM32F4xx_HAL_Driver/Src/stm32f4xx_hal_uart.c.obj
 *fill*         0x0800d7f2        0x2 
 .text.UART_SetConfig
                0x0800d7f4      0x438 CMakeFiles/RM_frame2.elf.dir/Drivers/STM32F4xx_HAL_Driver/Src/stm32f4xx_hal_uart.c.obj
 .text.MX_ADC1_Init
                0x0800dc2c      0x100 CMakeFiles/RM_frame2.elf.dir/Src/adc.c.obj
                0x0800dc2c                MX_ADC1_Init
 .text.MX_ADC2_Init
                0x0800dd2c       0xa0 CMakeFiles/RM_frame2.elf.dir/Src/adc.c.obj
                0x0800dd2c                MX_ADC2_Init
 .text.HAL_ADC_MspInit
                0x0800ddcc      0x1bc CMakeFiles/RM_frame2.elf.dir/Src/adc.c.obj
                0x0800ddcc                HAL_ADC_MspInit
 .text.MX_CAN1_Init
                0x0800df88       0x74 CMakeFiles/RM_frame2.elf.dir/Src/can.c.obj
                0x0800df88                MX_CAN1_Init
 .text.MX_CAN2_Init
                0x0800dffc       0x74 CMakeFiles/RM_frame2.elf.dir/Src/can.c.obj
                0x0800dffc                MX_CAN2_Init
 .text.HAL_CAN_MspInit
                0x0800e070      0x138 CMakeFiles/RM_frame2.elf.dir/Src/can.c.obj
                0x0800e070                HAL_CAN_MspInit
 .text.MX_DAC_Init
                0x0800e1a8       0x70 CMakeFiles/RM_frame2.elf.dir/Src/dac.c.obj
                0x0800e1a8                MX_DAC_Init
 .text.HAL_DAC_MspInit
                0x0800e218       0x6c CMakeFiles/RM_frame2.elf.dir/Src/dac.c.obj
                0x0800e218                HAL_DAC_MspInit
 .text.MX_DMA_Init
                0x0800e284       0xdc CMakeFiles/RM_frame2.elf.dir/Src/dma.c.obj
                0x0800e284                MX_DMA_Init
 .text.MX_GPIO_Init
                0x0800e360      0x2c4 CMakeFiles/RM_frame2.elf.dir/Src/gpio.c.obj
                0x0800e360                MX_GPIO_Init
 .text.main     0x0800e624      0x13c CMakeFiles/RM_frame2.elf.dir/Src/main.cpp.obj
                0x0800e624                main
 .text._Z18SystemClock_Configv
                0x0800e760      0x104 CMakeFiles/RM_frame2.elf.dir/Src/main.cpp.obj
                0x0800e760                SystemClock_Config()
 .text._Error_Handler
                0x0800e864        0xc CMakeFiles/RM_frame2.elf.dir/Src/main.cpp.obj
                0x0800e864                _Error_Handler
 .text.MX_SPI5_Init
                0x0800e870       0x74 CMakeFiles/RM_frame2.elf.dir/Src/spi.c.obj
                0x0800e870                MX_SPI5_Init
 .text.HAL_SPI_MspInit
                0x0800e8e4       0x64 CMakeFiles/RM_frame2.elf.dir/Src/spi.c.obj
                0x0800e8e4                HAL_SPI_MspInit
 .text.HAL_MspInit
                0x0800e948       0x62 CMakeFiles/RM_frame2.elf.dir/Src/stm32f4xx_hal_msp.c.obj
                0x0800e948                HAL_MspInit
 .text.NMI_Handler
                0x0800e9aa        0xc CMakeFiles/RM_frame2.elf.dir/Src/stm32f4xx_it.c.obj
                0x0800e9aa                NMI_Handler
 .text.HardFault_Handler
                0x0800e9b6        0x6 CMakeFiles/RM_frame2.elf.dir/Src/stm32f4xx_it.c.obj
                0x0800e9b6                HardFault_Handler
 .text.MemManage_Handler
                0x0800e9bc        0x6 CMakeFiles/RM_frame2.elf.dir/Src/stm32f4xx_it.c.obj
                0x0800e9bc                MemManage_Handler
 .text.BusFault_Handler
                0x0800e9c2        0x6 CMakeFiles/RM_frame2.elf.dir/Src/stm32f4xx_it.c.obj
                0x0800e9c2                BusFault_Handler
 .text.UsageFault_Handler
                0x0800e9c8        0x6 CMakeFiles/RM_frame2.elf.dir/Src/stm32f4xx_it.c.obj
                0x0800e9c8                UsageFault_Handler
 .text.SVC_Handler
                0x0800e9ce        0xc CMakeFiles/RM_frame2.elf.dir/Src/stm32f4xx_it.c.obj
                0x0800e9ce                SVC_Handler
 .text.DebugMon_Handler
                0x0800e9da        0xc CMakeFiles/RM_frame2.elf.dir/Src/stm32f4xx_it.c.obj
                0x0800e9da                DebugMon_Handler
 .text.PendSV_Handler
                0x0800e9e6        0xc CMakeFiles/RM_frame2.elf.dir/Src/stm32f4xx_it.c.obj
                0x0800e9e6                PendSV_Handler
 .text.SysTick_Handler
                0x0800e9f2       0x10 CMakeFiles/RM_frame2.elf.dir/Src/stm32f4xx_it.c.obj
                0x0800e9f2                SysTick_Handler
 .text.EXTI2_IRQHandler
                0x0800ea02        0xe CMakeFiles/RM_frame2.elf.dir/Src/stm32f4xx_it.c.obj
                0x0800ea02                EXTI2_IRQHandler
 .text.DMA1_Stream1_IRQHandler
                0x0800ea10       0x14 CMakeFiles/RM_frame2.elf.dir/Src/stm32f4xx_it.c.obj
                0x0800ea10                DMA1_Stream1_IRQHandler
 .text.DMA1_Stream3_IRQHandler
                0x0800ea24       0x14 CMakeFiles/RM_frame2.elf.dir/Src/stm32f4xx_it.c.obj
                0x0800ea24                DMA1_Stream3_IRQHandler
 .text.DMA1_Stream5_IRQHandler
                0x0800ea38       0x14 CMakeFiles/RM_frame2.elf.dir/Src/stm32f4xx_it.c.obj
                0x0800ea38                DMA1_Stream5_IRQHandler
 .text.DMA1_Stream6_IRQHandler
                0x0800ea4c       0x14 CMakeFiles/RM_frame2.elf.dir/Src/stm32f4xx_it.c.obj
                0x0800ea4c                DMA1_Stream6_IRQHandler
 .text.ADC_IRQHandler
                0x0800ea60       0x1c CMakeFiles/RM_frame2.elf.dir/Src/stm32f4xx_it.c.obj
                0x0800ea60                ADC_IRQHandler
 .text.CAN1_TX_IRQHandler
                0x0800ea7c       0x14 CMakeFiles/RM_frame2.elf.dir/Src/stm32f4xx_it.c.obj
                0x0800ea7c                CAN1_TX_IRQHandler
 .text.CAN1_RX0_IRQHandler
                0x0800ea90       0x14 CMakeFiles/RM_frame2.elf.dir/Src/stm32f4xx_it.c.obj
                0x0800ea90                CAN1_RX0_IRQHandler
 .text.TIM1_UP_TIM10_IRQHandler
                0x0800eaa4       0x14 CMakeFiles/RM_frame2.elf.dir/Src/stm32f4xx_it.c.obj
                0x0800eaa4                TIM1_UP_TIM10_IRQHandler
 .text.USART1_IRQHandler
                0x0800eab8       0x14 CMakeFiles/RM_frame2.elf.dir/Src/stm32f4xx_it.c.obj
                0x0800eab8                USART1_IRQHandler
 .text.USART2_IRQHandler
                0x0800eacc       0x14 CMakeFiles/RM_frame2.elf.dir/Src/stm32f4xx_it.c.obj
                0x0800eacc                USART2_IRQHandler
 .text.USART3_IRQHandler
                0x0800eae0       0x14 CMakeFiles/RM_frame2.elf.dir/Src/stm32f4xx_it.c.obj
                0x0800eae0                USART3_IRQHandler
 .text.TIM6_DAC_IRQHandler
                0x0800eaf4       0x1c CMakeFiles/RM_frame2.elf.dir/Src/stm32f4xx_it.c.obj
                0x0800eaf4                TIM6_DAC_IRQHandler
 .text.TIM7_IRQHandler
                0x0800eb10       0x14 CMakeFiles/RM_frame2.elf.dir/Src/stm32f4xx_it.c.obj
                0x0800eb10                TIM7_IRQHandler
 .text.DMA2_Stream0_IRQHandler
                0x0800eb24       0x14 CMakeFiles/RM_frame2.elf.dir/Src/stm32f4xx_it.c.obj
                0x0800eb24                DMA2_Stream0_IRQHandler
 .text.DMA2_Stream1_IRQHandler
                0x0800eb38       0x14 CMakeFiles/RM_frame2.elf.dir/Src/stm32f4xx_it.c.obj
                0x0800eb38                DMA2_Stream1_IRQHandler
 .text.DMA2_Stream2_IRQHandler
                0x0800eb4c       0x14 CMakeFiles/RM_frame2.elf.dir/Src/stm32f4xx_it.c.obj
                0x0800eb4c                DMA2_Stream2_IRQHandler
 .text.DMA2_Stream3_IRQHandler
                0x0800eb60       0x14 CMakeFiles/RM_frame2.elf.dir/Src/stm32f4xx_it.c.obj
                0x0800eb60                DMA2_Stream3_IRQHandler
 .text.CAN2_TX_IRQHandler
                0x0800eb74       0x14 CMakeFiles/RM_frame2.elf.dir/Src/stm32f4xx_it.c.obj
                0x0800eb74                CAN2_TX_IRQHandler
 .text.CAN2_RX0_IRQHandler
                0x0800eb88       0x14 CMakeFiles/RM_frame2.elf.dir/Src/stm32f4xx_it.c.obj
                0x0800eb88                CAN2_RX0_IRQHandler
 .text.DMA2_Stream6_IRQHandler
                0x0800eb9c       0x14 CMakeFiles/RM_frame2.elf.dir/Src/stm32f4xx_it.c.obj
                0x0800eb9c                DMA2_Stream6_IRQHandler
 .text.USART6_IRQHandler
                0x0800ebb0       0x14 CMakeFiles/RM_frame2.elf.dir/Src/stm32f4xx_it.c.obj
                0x0800ebb0                USART6_IRQHandler
 .text.UART7_IRQHandler
                0x0800ebc4       0x14 CMakeFiles/RM_frame2.elf.dir/Src/stm32f4xx_it.c.obj
                0x0800ebc4                UART7_IRQHandler
 .text.UART8_IRQHandler
                0x0800ebd8       0x14 CMakeFiles/RM_frame2.elf.dir/Src/stm32f4xx_it.c.obj
                0x0800ebd8                UART8_IRQHandler
 .text._getpid  0x0800ebec        0xe CMakeFiles/RM_frame2.elf.dir/Src/syscalls.c.obj
                0x0800ebec                _getpid
 .text._kill    0x0800ebfa       0x20 CMakeFiles/RM_frame2.elf.dir/Src/syscalls.c.obj
                0x0800ebfa                _kill
 .text._exit    0x0800ec1a       0x14 CMakeFiles/RM_frame2.elf.dir/Src/syscalls.c.obj
                0x0800ec1a                _exit
 *fill*         0x0800ec2e        0x2 
 .text.SystemInit
                0x0800ec30       0x5c CMakeFiles/RM_frame2.elf.dir/Src/system_stm32f4xx.c.obj
                0x0800ec30                SystemInit
 .text.MX_TIM2_Init
                0x0800ec8c       0xec CMakeFiles/RM_frame2.elf.dir/Src/tim.c.obj
                0x0800ec8c                MX_TIM2_Init
 .text.MX_TIM3_Init
                0x0800ed78       0xa0 CMakeFiles/RM_frame2.elf.dir/Src/tim.c.obj
                0x0800ed78                MX_TIM3_Init
 .text.MX_TIM5_Init
                0x0800ee18       0xa4 CMakeFiles/RM_frame2.elf.dir/Src/tim.c.obj
                0x0800ee18                MX_TIM5_Init
 .text.MX_TIM6_Init
                0x0800eebc       0x68 CMakeFiles/RM_frame2.elf.dir/Src/tim.c.obj
                0x0800eebc                MX_TIM6_Init
 .text.MX_TIM7_Init
                0x0800ef24       0x68 CMakeFiles/RM_frame2.elf.dir/Src/tim.c.obj
                0x0800ef24                MX_TIM7_Init
 .text.MX_TIM8_Init
                0x0800ef8c      0x10c CMakeFiles/RM_frame2.elf.dir/Src/tim.c.obj
                0x0800ef8c                MX_TIM8_Init
 .text.MX_TIM10_Init
                0x0800f098       0x4c CMakeFiles/RM_frame2.elf.dir/Src/tim.c.obj
                0x0800f098                MX_TIM10_Init
 .text.MX_TIM12_Init
                0x0800f0e4       0xbc CMakeFiles/RM_frame2.elf.dir/Src/tim.c.obj
                0x0800f0e4                MX_TIM12_Init
 .text.HAL_TIM_Base_MspInit
                0x0800f1a0      0x11c CMakeFiles/RM_frame2.elf.dir/Src/tim.c.obj
                0x0800f1a0                HAL_TIM_Base_MspInit
 .text.HAL_TIM_PWM_MspInit
                0x0800f2bc       0x98 CMakeFiles/RM_frame2.elf.dir/Src/tim.c.obj
                0x0800f2bc                HAL_TIM_PWM_MspInit
 .text.HAL_TIM_MspPostInit
                0x0800f354      0x10c CMakeFiles/RM_frame2.elf.dir/Src/tim.c.obj
                0x0800f354                HAL_TIM_MspPostInit
 .text.MX_UART5_Init
                0x0800f460       0x5c CMakeFiles/RM_frame2.elf.dir/Src/usart.c.obj
                0x0800f460                MX_UART5_Init
 .text.MX_UART7_Init
                0x0800f4bc       0x5c CMakeFiles/RM_frame2.elf.dir/Src/usart.c.obj
                0x0800f4bc                MX_UART7_Init
 .text.MX_UART8_Init
                0x0800f518       0x5c CMakeFiles/RM_frame2.elf.dir/Src/usart.c.obj
                0x0800f518                MX_UART8_Init
 .text.MX_USART1_UART_Init
                0x0800f574       0x60 CMakeFiles/RM_frame2.elf.dir/Src/usart.c.obj
                0x0800f574                MX_USART1_UART_Init
 .text.MX_USART2_UART_Init
                0x0800f5d4       0x5c CMakeFiles/RM_frame2.elf.dir/Src/usart.c.obj
                0x0800f5d4                MX_USART2_UART_Init
 .text.MX_USART3_UART_Init
                0x0800f630       0x5c CMakeFiles/RM_frame2.elf.dir/Src/usart.c.obj
                0x0800f630                MX_USART3_UART_Init
 .text.MX_USART6_UART_Init
                0x0800f68c       0x5c CMakeFiles/RM_frame2.elf.dir/Src/usart.c.obj
                0x0800f68c                MX_USART6_UART_Init
 .text.HAL_UART_MspInit
                0x0800f6e8      0x5cc CMakeFiles/RM_frame2.elf.dir/Src/usart.c.obj
                0x0800f6e8                HAL_UART_MspInit
 .text._ZN10RemoteRecv18UartRxCpltCallbackEv
                0x0800fcb4       0x22 CMakeFiles/RM_frame2.elf.dir/UpperTasks/Src/CallbackAdministration.cpp.obj
                0x0800fcb4                RemoteRecv::UartRxCpltCallback()
 .text._ZN3CAN9SetTxDoneEh
                0x0800fcd6       0x1c CMakeFiles/RM_frame2.elf.dir/UpperTasks/Src/CallbackAdministration.cpp.obj
                0x0800fcd6                CAN::SetTxDone(unsigned char)
 .text._ZN3CAN7GetHcanEv
                0x0800fcf2       0x16 CMakeFiles/RM_frame2.elf.dir/UpperTasks/Src/CallbackAdministration.cpp.obj
                0x0800fcf2                CAN::GetHcan()
 .text.HAL_TIM_PeriodElapsedCallback
                0x0800fd08       0xa8 CMakeFiles/RM_frame2.elf.dir/UpperTasks/Src/CallbackAdministration.cpp.obj
                0x0800fd08                HAL_TIM_PeriodElapsedCallback
 .text.HAL_CAN_RxCpltCallback
                0x0800fdb0       0x48 CMakeFiles/RM_frame2.elf.dir/UpperTasks/Src/CallbackAdministration.cpp.obj
                0x0800fdb0                HAL_CAN_RxCpltCallback
 .text.HAL_CAN_TxCpltCallback
                0x0800fdf8       0x40 CMakeFiles/RM_frame2.elf.dir/UpperTasks/Src/CallbackAdministration.cpp.obj
                0x0800fdf8                HAL_CAN_TxCpltCallback
 .text.HAL_UART_RxCpltCallback
                0x0800fe38       0x4c CMakeFiles/RM_frame2.elf.dir/UpperTasks/Src/CallbackAdministration.cpp.obj
                0x0800fe38                HAL_UART_RxCpltCallback
 .text.Reset_Handler
                0x0800fe84       0x50 CMakeFiles/RM_frame2.elf.dir/startup/startup_stm32f427xx.s.obj
                0x0800fe84                Reset_Handler
 .text.Default_Handler
                0x0800fed4        0x2 CMakeFiles/RM_frame2.elf.dir/startup/startup_stm32f427xx.s.obj
                0x0800fed4                RTC_Alarm_IRQHandler
                0x0800fed4                HASH_RNG_IRQHandler
                0x0800fed4                TIM8_CC_IRQHandler
                0x0800fed4                SPI4_IRQHandler
                0x0800fed4                TIM1_CC_IRQHandler
                0x0800fed4                DMA2_Stream5_IRQHandler
                0x0800fed4                PVD_IRQHandler
                0x0800fed4                SDIO_IRQHandler
                0x0800fed4                TAMP_STAMP_IRQHandler
                0x0800fed4                CAN2_RX1_IRQHandler
                0x0800fed4                EXTI3_IRQHandler
                0x0800fed4                TIM8_TRG_COM_TIM14_IRQHandler
                0x0800fed4                TIM8_UP_TIM13_IRQHandler
                0x0800fed4                I2C3_ER_IRQHandler
                0x0800fed4                EXTI0_IRQHandler
                0x0800fed4                I2C2_EV_IRQHandler
                0x0800fed4                DMA1_Stream2_IRQHandler
                0x0800fed4                FPU_IRQHandler
                0x0800fed4                OTG_HS_WKUP_IRQHandler
                0x0800fed4                CAN2_SCE_IRQHandler
                0x0800fed4                SPI1_IRQHandler
                0x0800fed4                TIM1_BRK_TIM9_IRQHandler
                0x0800fed4                DCMI_IRQHandler
                0x0800fed4                CAN1_RX1_IRQHandler
                0x0800fed4                UART5_IRQHandler
                0x0800fed4                TIM4_IRQHandler
                0x0800fed4                I2C1_EV_IRQHandler
                0x0800fed4                UART4_IRQHandler
                0x0800fed4                TIM3_IRQHandler
                0x0800fed4                RCC_IRQHandler
                0x0800fed4                TIM8_BRK_TIM12_IRQHandler
                0x0800fed4                Default_Handler
                0x0800fed4                EXTI15_10_IRQHandler
                0x0800fed4                DMA1_Stream7_IRQHandler
                0x0800fed4                SPI5_IRQHandler
                0x0800fed4                TIM5_IRQHandler
                0x0800fed4                DMA2_Stream7_IRQHandler
                0x0800fed4                I2C3_EV_IRQHandler
                0x0800fed4                EXTI9_5_IRQHandler
                0x0800fed4                RTC_WKUP_IRQHandler
                0x0800fed4                ETH_WKUP_IRQHandler
                0x0800fed4                SPI2_IRQHandler
                0x0800fed4                OTG_HS_EP1_IN_IRQHandler
                0x0800fed4                DMA1_Stream0_IRQHandler
                0x0800fed4                EXTI4_IRQHandler
                0x0800fed4                ETH_IRQHandler
                0x0800fed4                OTG_HS_EP1_OUT_IRQHandler
                0x0800fed4                WWDG_IRQHandler
                0x0800fed4                SPI6_IRQHandler
                0x0800fed4                TIM2_IRQHandler
                0x0800fed4                OTG_FS_WKUP_IRQHandler
                0x0800fed4                TIM1_TRG_COM_TIM11_IRQHandler
                0x0800fed4                OTG_HS_IRQHandler
                0x0800fed4                DMA2D_IRQHandler
                0x0800fed4                EXTI1_IRQHandler
                0x0800fed4                I2C2_ER_IRQHandler
                0x0800fed4                CAN1_SCE_IRQHandler
                0x0800fed4                FLASH_IRQHandler
                0x0800fed4                DMA2_Stream4_IRQHandler
                0x0800fed4                OTG_FS_IRQHandler
                0x0800fed4                SPI3_IRQHandler
                0x0800fed4                DMA1_Stream4_IRQHandler
                0x0800fed4                I2C1_ER_IRQHandler
                0x0800fed4                FMC_IRQHandler
                0x0800fed4                SAI1_IRQHandler
 .text._ZNK10__cxxabiv117__class_type_info11__do_upcastEPKS0_PPv
                0x0800fed6       0x34 f:/rm_stm32/confi/gcc-arm-none-eabi-9-2020-q2-update-win32/bin/../lib/gcc/arm-none-eabi/9.3.1/../../../../arm-none-eabi/lib/thumb/v7e-m/nofp\libstdc++_nano.a(class_type_info.o)
                0x0800fed6                __cxxabiv1::__class_type_info::__do_upcast(__cxxabiv1::__class_type_info const*, void**) const
 .text._ZNK10__cxxabiv117__class_type_info20__do_find_public_srcEiPKvPKS0_S2_
                0x0800ff0a        0xc f:/rm_stm32/confi/gcc-arm-none-eabi-9-2020-q2-update-win32/bin/../lib/gcc/arm-none-eabi/9.3.1/../../../../arm-none-eabi/lib/thumb/v7e-m/nofp\libstdc++_nano.a(class_type_info.o)
                0x0800ff0a                __cxxabiv1::__class_type_info::__do_find_public_src(int, void const*, __cxxabiv1::__class_type_info const*, void const*) const
 *fill*         0x0800ff16        0x2 
 .text._ZN10__cxxabiv117__class_type_infoD2Ev
                0x0800ff18       0x14 f:/rm_stm32/confi/gcc-arm-none-eabi-9-2020-q2-update-win32/bin/../lib/gcc/arm-none-eabi/9.3.1/../../../../arm-none-eabi/lib/thumb/v7e-m/nofp\libstdc++_nano.a(class_type_info.o)
                0x0800ff18                __cxxabiv1::__class_type_info::~__class_type_info()
                0x0800ff18                __cxxabiv1::__class_type_info::~__class_type_info()
 .text._ZN10__cxxabiv117__class_type_infoD0Ev
                0x0800ff2c       0x14 f:/rm_stm32/confi/gcc-arm-none-eabi-9-2020-q2-update-win32/bin/../lib/gcc/arm-none-eabi/9.3.1/../../../../arm-none-eabi/lib/thumb/v7e-m/nofp\libstdc++_nano.a(class_type_info.o)
                0x0800ff2c                __cxxabiv1::__class_type_info::~__class_type_info()
 .text._ZNK10__cxxabiv117__class_type_info12__do_dyncastEiNS0_10__sub_kindEPKS0_PKvS3_S5_RNS0_16__dyncast_resultE
                0x0800ff40       0x3e f:/rm_stm32/confi/gcc-arm-none-eabi-9-2020-q2-update-win32/bin/../lib/gcc/arm-none-eabi/9.3.1/../../../../arm-none-eabi/lib/thumb/v7e-m/nofp\libstdc++_nano.a(class_type_info.o)
                0x0800ff40                __cxxabiv1::__class_type_info::__do_dyncast(int, __cxxabiv1::__class_type_info::__sub_kind, __cxxabiv1::__class_type_info const*, void const*, __cxxabiv1::__class_type_info const*, void const*, __cxxabiv1::__class_type_info::__dyncast_result&) const
 .text._ZNK10__cxxabiv117__class_type_info11__do_upcastEPKS0_PKvRNS0_15__upcast_resultE
                0x0800ff7e       0x18 f:/rm_stm32/confi/gcc-arm-none-eabi-9-2020-q2-update-win32/bin/../lib/gcc/arm-none-eabi/9.3.1/../../../../arm-none-eabi/lib/thumb/v7e-m/nofp\libstdc++_nano.a(class_type_info.o)
                0x0800ff7e                __cxxabiv1::__class_type_info::__do_upcast(__cxxabiv1::__class_type_info const*, void const*, __cxxabiv1::__class_type_info::__upcast_result&) const
 .text._ZNK10__cxxabiv117__class_type_info10__do_catchEPKSt9type_infoPPvj
                0x0800ff96       0x2a f:/rm_stm32/confi/gcc-arm-none-eabi-9-2020-q2-update-win32/bin/../lib/gcc/arm-none-eabi/9.3.1/../../../../arm-none-eabi/lib/thumb/v7e-m/nofp\libstdc++_nano.a(class_type_info.o)
                0x0800ff96                __cxxabiv1::__class_type_info::__do_catch(std::type_info const*, void**, unsigned int) const
 .text._ZdlPvj  0x0800ffc0        0x4 f:/rm_stm32/confi/gcc-arm-none-eabi-9-2020-q2-update-win32/bin/../lib/gcc/arm-none-eabi/9.3.1/../../../../arm-none-eabi/lib/thumb/v7e-m/nofp\libstdc++_nano.a(del_ops.o)
                0x0800ffc0                operator delete(void*, unsigned int)
 .text._ZN10__cxxabiv120__si_class_type_infoD2Ev
                0x0800ffc4       0x14 f:/rm_stm32/confi/gcc-arm-none-eabi-9-2020-q2-update-win32/bin/../lib/gcc/arm-none-eabi/9.3.1/../../../../arm-none-eabi/lib/thumb/v7e-m/nofp\libstdc++_nano.a(si_class_type_info.o)
                0x0800ffc4                __cxxabiv1::__si_class_type_info::~__si_class_type_info()
                0x0800ffc4                __cxxabiv1::__si_class_type_info::~__si_class_type_info()
 .text._ZN10__cxxabiv120__si_class_type_infoD0Ev
                0x0800ffd8       0x14 f:/rm_stm32/confi/gcc-arm-none-eabi-9-2020-q2-update-win32/bin/../lib/gcc/arm-none-eabi/9.3.1/../../../../arm-none-eabi/lib/thumb/v7e-m/nofp\libstdc++_nano.a(si_class_type_info.o)
                0x0800ffd8                __cxxabiv1::__si_class_type_info::~__si_class_type_info()
 .text._ZNK10__cxxabiv120__si_class_type_info20__do_find_public_srcEiPKvPKNS_17__class_type_infoES2_
                0x0800ffec       0x3c f:/rm_stm32/confi/gcc-arm-none-eabi-9-2020-q2-update-win32/bin/../lib/gcc/arm-none-eabi/9.3.1/../../../../arm-none-eabi/lib/thumb/v7e-m/nofp\libstdc++_nano.a(si_class_type_info.o)
                0x0800ffec                __cxxabiv1::__si_class_type_info::__do_find_public_src(int, void const*, __cxxabiv1::__class_type_info const*, void const*) const
 .text._ZNK10__cxxabiv120__si_class_type_info12__do_dyncastEiNS_17__class_type_info10__sub_kindEPKS1_PKvS4_S6_RNS1_16__dyncast_resultE
                0x08010028       0x74 f:/rm_stm32/confi/gcc-arm-none-eabi-9-2020-q2-update-win32/bin/../lib/gcc/arm-none-eabi/9.3.1/../../../../arm-none-eabi/lib/thumb/v7e-m/nofp\libstdc++_nano.a(si_class_type_info.o)
                0x08010028                __cxxabiv1::__si_class_type_info::__do_dyncast(int, __cxxabiv1::__class_type_info::__sub_kind, __cxxabiv1::__class_type_info const*, void const*, __cxxabiv1::__class_type_info const*, void const*, __cxxabiv1::__class_type_info::__dyncast_result&) const
 .text._ZNK10__cxxabiv120__si_class_type_info11__do_upcastEPKNS_17__class_type_infoEPKvRNS1_15__upcast_resultE
                0x0801009c       0x2a f:/rm_stm32/confi/gcc-arm-none-eabi-9-2020-q2-update-win32/bin/../lib/gcc/arm-none-eabi/9.3.1/../../../../arm-none-eabi/lib/thumb/v7e-m/nofp\libstdc++_nano.a(si_class_type_info.o)
                0x0801009c                __cxxabiv1::__si_class_type_info::__do_upcast(__cxxabiv1::__class_type_info const*, void const*, __cxxabiv1::__class_type_info::__upcast_result&) const
 .text._ZNSt9type_infoD2Ev
                0x080100c6        0x2 f:/rm_stm32/confi/gcc-arm-none-eabi-9-2020-q2-update-win32/bin/../lib/gcc/arm-none-eabi/9.3.1/../../../../arm-none-eabi/lib/thumb/v7e-m/nofp\libstdc++_nano.a(tinfo.o)
                0x080100c6                std::type_info::~type_info()
                0x080100c6                std::type_info::~type_info()