Archive member included to satisfy reference by file (symbol)

f:/rm_stm32/confi/gcc-arm-none-eabi-9-2020-q2-update-win32/bin/../lib/gcc/arm-none-eabi/9.3.1/../../../../arm-none-eabi/lib/thumb/v7e-m/nofp\libstdc++_nano.a(class_type_info.o)
                              CMakeFiles/RM_frame2.elf.dir/Additional/Src/Additional.cpp.obj (vtable for __cxxabiv1::__class_type_info)
f:/rm_stm32/confi/gcc-arm-none-eabi-9-2020-q2-update-win32/bin/../lib/gcc/arm-none-eabi/9.3.1/../../../../arm-none-eabi/lib/thumb/v7e-m/nofp\libstdc++_nano.a(del_ops.o)
                              f:/rm_stm32/confi/gcc-arm-none-eabi-9-2020-q2-update-win32/bin/../lib/gcc/arm-none-eabi/9.3.1/../../../../arm-none-eabi/lib/thumb/v7e-m/nofp\libstdc++_nano.a(class_type_info.o) (operator delete(void*, unsigned int))
f:/rm_stm32/confi/gcc-arm-none-eabi-9-2020-q2-update-win32/bin/../lib/gcc/arm-none-eabi/9.3.1/../../../../arm-none-eabi/lib/thumb/v7e-m/nofp\libstdc++_nano.a(si_class_type_info.o)
                              CMakeFiles/RM_frame2.elf.dir/BasicComponents/Src/MotorTask.cpp.obj (vtable for __cxxabiv1::__si_class_type_info)
f:/rm_stm32/confi/gcc-arm-none-eabi-9-2020-q2-update-win32/bin/../lib/gcc/arm-none-eabi/9.3.1/../../../../arm-none-eabi/lib/thumb/v7e-m/nofp\libstdc++_nano.a(tinfo.o)
                              f:/rm_stm32/confi/gcc-arm-none-eabi-9-2020-q2-update-win32/bin/../lib/gcc/arm-none-eabi/9.3.1/../../../../arm-none-eabi/lib/thumb/v7e-m/nofp\libstdc++_nano.a(class_type_info.o) (std::type_info::~type_info())
f:/rm_stm32/confi/gcc-arm-none-eabi-9-2020-q2-update-win32/bin/../lib/gcc/arm-none-eabi/9.3.1/../../../../arm-none-eabi/lib/thumb/v7e-m/nofp\libstdc++_nano.a(del_op.o)
                              f:/rm_stm32/confi/gcc-arm-none-eabi-9-2020-q2-update-win32/bin/../lib/gcc/arm-none-eabi/9.3.1/../../../../arm-none-eabi/lib/thumb/v7e-m/nofp\libstdc++_nano.a(del_ops.o) (operator delete(void*))
f:/rm_stm32/confi/gcc-arm-none-eabi-9-2020-q2-update-win32/bin/../lib/gcc/arm-none-eabi/9.3.1/../../../../arm-none-eabi/lib/thumb/v7e-m/nofp\libm.a(lib_a-sf_cos.o)
                              CMakeFiles/RM_frame2.elf.dir/BasicComponents/Src/ChassisTask.cpp.obj (cosf)
f:/rm_stm32/confi/gcc-arm-none-eabi-9-2020-q2-update-win32/bin/../lib/gcc/arm-none-eabi/9.3.1/../../../../arm-none-eabi/lib/thumb/v7e-m/nofp\libm.a(lib_a-sf_sin.o)
                              CMakeFiles/RM_frame2.elf.dir/BasicComponents/Src/ChassisTask.cpp.obj (sinf)
f:/rm_stm32/confi/gcc-arm-none-eabi-9-2020-q2-update-win32/bin/../lib/gcc/arm-none-eabi/9.3.1/../../../../arm-none-eabi/lib/thumb/v7e-m/nofp\libm.a(lib_a-wf_asin.o)
                              CMakeFiles/RM_frame2.elf.dir/BasicComponents/Src/IMUTask.cpp.obj (asinf)
f:/rm_stm32/confi/gcc-arm-none-eabi-9-2020-q2-update-win32/bin/../lib/gcc/arm-none-eabi/9.3.1/../../../../arm-none-eabi/lib/thumb/v7e-m/nofp\libm.a(lib_a-wf_atan2.o)
                              CMakeFiles/RM_frame2.elf.dir/BasicComponents/Src/IMUTask.cpp.obj (atan2f)
f:/rm_stm32/confi/gcc-arm-none-eabi-9-2020-q2-update-win32/bin/../lib/gcc/arm-none-eabi/9.3.1/../../../../arm-none-eabi/lib/thumb/v7e-m/nofp\libm.a(lib_a-wf_sqrt.o)
                              CMakeFiles/RM_frame2.elf.dir/BasicComponents/Src/IMUTask.cpp.obj (sqrtf)
f:/rm_stm32/confi/gcc-arm-none-eabi-9-2020-q2-update-win32/bin/../lib/gcc/arm-none-eabi/9.3.1/../../../../arm-none-eabi/lib/thumb/v7e-m/nofp\libm.a(lib_a-ef_asin.o)
                              f:/rm_stm32/confi/gcc-arm-none-eabi-9-2020-q2-update-win32/bin/../lib/gcc/arm-none-eabi/9.3.1/../../../../arm-none-eabi/lib/thumb/v7e-m/nofp\libm.a(lib_a-wf_asin.o) (__ieee754_asinf)
f:/rm_stm32/confi/gcc-arm-none-eabi-9-2020-q2-update-win32/bin/../lib/gcc/arm-none-eabi/9.3.1/../../../../arm-none-eabi/lib/thumb/v7e-m/nofp\libm.a(lib_a-ef_atan2.o)
                              f:/rm_stm32/confi/gcc-arm-none-eabi-9-2020-q2-update-win32/bin/../lib/gcc/arm-none-eabi/9.3.1/../../../../arm-none-eabi/lib/thumb/v7e-m/nofp\libm.a(lib_a-wf_atan2.o) (__ieee754_atan2f)
f:/rm_stm32/confi/gcc-arm-none-eabi-9-2020-q2-update-win32/bin/../lib/gcc/arm-none-eabi/9.3.1/../../../../arm-none-eabi/lib/thumb/v7e-m/nofp\libm.a(lib_a-ef_rem_pio2.o)
                              f:/rm_stm32/confi/gcc-arm-none-eabi-9-2020-q2-update-win32/bin/../lib/gcc/arm-none-eabi/9.3.1/../../../../arm-none-eabi/lib/thumb/v7e-m/nofp\libm.a(lib_a-sf_cos.o) (__ieee754_rem_pio2f)
f:/rm_stm32/confi/gcc-arm-none-eabi-9-2020-q2-update-win32/bin/../lib/gcc/arm-none-eabi/9.3.1/../../../../arm-none-eabi/lib/thumb/v7e-m/nofp\libm.a(lib_a-ef_sqrt.o)
                              f:/rm_stm32/confi/gcc-arm-none-eabi-9-2020-q2-update-win32/bin/../lib/gcc/arm-none-eabi/9.3.1/../../../../arm-none-eabi/lib/thumb/v7e-m/nofp\libm.a(lib_a-wf_sqrt.o) (__ieee754_sqrtf)
f:/rm_stm32/confi/gcc-arm-none-eabi-9-2020-q2-update-win32/bin/../lib/gcc/arm-none-eabi/9.3.1/../../../../arm-none-eabi/lib/thumb/v7e-m/nofp\libm.a(lib_a-kf_cos.o)
[...]
Memory Configuration

Name             Origin             Length             Attributes
RAM              0x20000000         0x00030000         xrw
CCMRAM           0x10000000         0x00010000         rw
FLASH            0x08000000         0x00200000         xr
*default*        0x00000000         0xffffffff

Linker script and memory map

LOAD f:/rm_stm32/confi/gcc-arm-none-eabi-9-2020-q2-update-win32/bin/../lib/gcc/arm-none-eabi/9.3.1/thumb/v7e-m/nofp/crti.o
LOAD f:/rm_stm32/confi/gcc-arm-none-eabi-9-2020-q2-update-win32/bin/../lib/gcc/arm-none-eabi/9.3.1/thumb/v7e-m/nofp/crtbegin.o
LOAD f:/rm_stm32/confi/gcc-arm-none-eabi-9-2020-q2-update-win32/bin/../lib/gcc/arm-none-eabi/9.3.1/../../../../arm-none-eabi/lib/thumb/v7e-m/nofp/crt0.o
LOAD CMakeFiles/RM_frame2.elf.dir/Additional/Src/Additional.cpp.obj
LOAD CMakeFiles/RM_frame2.elf.dir/AdditionalFunctions/Src/CapTask.cpp.obj
LOAD CMakeFiles/RM_frame2.elf.dir/AdditionalFunctions/Src/DigitalTubeTask.cpp.obj
LOAD CMakeFiles/RM_frame2.elf.dir/BSP/Src/KeyMonitor.cpp.obj
LOAD CMakeFiles/RM_frame2.elf.dir/BSP/Src/LED.cpp.obj
LOAD CMakeFiles/RM_frame2.elf.dir/BasicComponents/Src/AutoAimTask.cpp.obj
LOAD CMakeFiles/RM_frame2.elf.dir/BasicComponents/Src/CANTask.cpp.obj
LOAD CMakeFiles/RM_frame2.elf.dir/BasicComponents/Src/CarTask.cpp.obj
LOAD CMakeFiles/RM_frame2.elf.dir/BasicComponents/Src/ChassisTask.cpp.obj
LOAD CMakeFiles/RM_frame2.elf.dir/BasicComponents/Src/GateTask.cpp.obj
LOAD CMakeFiles/RM_frame2.elf.dir/BasicComponents/Src/GimbalTask.cpp.obj
LOAD CMakeFiles/RM_frame2.elf.dir/BasicComponents/Src/IMUTask.cpp.obj
LOAD CMakeFiles/RM_frame2.elf.dir/BasicComponents/Src/JudgeTask.cpp.obj
LOAD CMakeFiles/RM_frame2.elf.dir/BasicComponents/Src/KeyMouseControlTask.cpp.obj
LOAD CMakeFiles/RM_frame2.elf.dir/BasicComponents/Src/LeverControlTask.cpp.obj
LOAD CMakeFiles/RM_frame2.elf.dir/BasicComponents/Src/MotorTask.cpp.obj
LOAD CMakeFiles/RM_frame2.elf.dir/BasicComponents/Src/PIDTask.cpp.obj
LOAD CMakeFiles/RM_frame2.elf.dir/BasicComponents/Src/RemoteTask.cpp.obj
LOAD CMakeFiles/RM_frame2.elf.dir/BasicComponents/Src/ShootTask.cpp.obj
LOAD CMakeFiles/RM_frame2.elf.dir/Drivers/STM32F4xx_HAL_Driver/Src/stm32f4xx_hal.c.obj
LOAD CMakeFiles/RM_frame2.elf.dir/Drivers/STM32F4xx_HAL_Driver/Src/stm32f4xx_hal_adc.c.obj
LOAD CMakeFiles/RM_frame2.elf.dir/Drivers/STM32F4xx_HAL_Driver/Src/stm32f4xx_hal_adc_ex.c.obj
LOAD CMakeFiles/RM_frame2.elf.dir/Drivers/STM32F4xx_HAL_Driver/Src/stm32f4xx_hal_can.c.obj
LOAD CMakeFiles/RM_frame2.elf.dir/Drivers/STM32F4xx_HAL_Driver/Src/stm32f4xx_hal_cortex.c.obj
LOAD CMakeFiles/RM_frame2.elf.dir/Drivers/STM32F4xx_HAL_Driver/Src/stm32f4xx_hal_dac.c.obj
LOAD CMakeFiles/RM_frame2.elf.dir/Drivers/STM32F4xx_HAL_Driver/Src/stm32f4xx_hal_dac_ex.c.obj
LOAD CMakeFiles/RM_frame2.elf.dir/Drivers/STM32F4xx_HAL_Driver/Src/stm32f4xx_hal_dma.c.obj
LOAD CMakeFiles/RM_frame2.elf.dir/Drivers/STM32F4xx_HAL_Driver/Src/stm32f4xx_hal_dma_ex.c.obj
LOAD CMakeFiles/RM_frame2.elf.dir/Drivers/STM32F4xx_HAL_Driver/Src/stm32f4xx_hal_flash.c.obj
LOAD CMakeFiles/RM_frame2.elf.dir/Drivers/STM32F4xx_HAL_Driver/Src/stm32f4xx_hal_flash_ex.c.obj
LOAD CMakeFiles/RM_frame2.elf.dir/Drivers/STM32F4xx_HAL_Driver/Src/stm32f4xx_hal_flash_ramfunc.c.obj
LOAD CMakeFiles/RM_frame2.elf.dir/Drivers/STM32F4xx_HAL_Driver/Src/stm32f4xx_hal_gpio.c.obj
LOAD CMakeFiles/RM_frame2.elf.dir/Drivers/STM32F4xx_HAL_Driver/Src/stm32f4xx_hal_iwdg.c.obj
LOAD CMakeFiles/RM_frame2.elf.dir/Drivers/STM32F4xx_HAL_Driver/Src/stm32f4xx_hal_pwr.c.obj
LOAD CMakeFiles/RM_frame2.elf.dir/Drivers/STM32F4xx_HAL_Driver/Src/stm32f4xx_hal_pwr_ex.c.obj
LOAD CMakeFiles/RM_frame2.elf.dir/Drivers/STM32F4xx_HAL_Driver/Src/stm32f4xx_hal_rcc.c.obj
LOAD CMakeFiles/RM_frame2.elf.dir/Drivers/STM32F4xx_HAL_Driver/Src/stm32f4xx_hal_rcc_ex.c.obj
LOAD CMakeFiles/RM_frame2.elf.dir/Drivers/STM32F4xx_HAL_Driver/Src/stm32f4xx_hal_spi.c.obj
LOAD CMakeFiles/RM_frame2.elf.dir/Drivers/STM32F4xx_HAL_Driver/Src/stm32f4xx_hal_tim.c.obj
LOAD CMakeFiles/RM_frame2.elf.dir/Drivers/STM32F4xx_HAL_Driver/Src/stm32f4xx_hal_tim_ex.c.obj
LOAD CMakeFiles/RM_frame2.elf.dir/Drivers/STM32F4xx_HAL_Driver/Src/stm32f4xx_hal_uart.c.obj
LOAD CMakeFiles/RM_frame2.elf.dir/Middleware/Src/SoftTimer.cpp.obj
LOAD CMakeFiles/RM_frame2.elf.dir/Multimedia/Src/DanceWithBGM.cpp.obj
LOAD CMakeFiles/RM_frame2.elf.dir/Multimedia/Src/MusicAutoPlay.cpp.obj
LOAD CMakeFiles/RM_frame2.elf.dir/Src/adc.c.obj
LOAD CMakeFiles/RM_frame2.elf.dir/Src/can.c.obj
LOAD CMakeFiles/RM_frame2.elf.dir/Src/dac.c.obj
LOAD CMakeFiles/RM_frame2.elf.dir/Src/dma.c.obj
LOAD CMakeFiles/RM_frame2.elf.dir/Src/gpio.c.obj
LOAD CMakeFiles/RM_frame2.elf.dir/Src/iwdg.c.obj
LOAD CMakeFiles/RM_frame2.elf.dir/Src/main.cpp.obj
LOAD CMakeFiles/RM_frame2.elf.dir/Src/spi.c.obj
LOAD CMakeFiles/RM_frame2.elf.dir/Src/stm32f4xx_hal_msp.c.obj
LOAD CMakeFiles/RM_frame2.elf.dir/Src/stm32f4xx_it.c.obj
LOAD CMakeFiles/RM_frame2.elf.dir/Src/syscalls.c.obj
LOAD CMakeFiles/RM_frame2.elf.dir/Src/system_stm32f4xx.c.obj
LOAD CMakeFiles/RM_frame2.elf.dir/Src/tim.c.obj
LOAD CMakeFiles/RM_frame2.elf.dir/Src/usart.c.obj
LOAD CMakeFiles/RM_frame2.elf.dir/UpperTasks/Src/CallbackAdministration.cpp.obj
LOAD CMakeFiles/RM_frame2.elf.dir/startup/startup_stm32f427xx.s.obj
LOAD f:/rm_stm32/confi/gcc-arm-none-eabi-9-2020-q2-update-win32/bin/../lib/gcc/arm-none-eabi/9.3.1/../../../../arm-none-eabi/lib/thumb/v7e-m/nofp\libstdc++_nano.a
LOAD f:/rm_stm32/confi/gcc-arm-none-eabi-9-2020-q2-update-win32/bin/../lib/gcc/arm-none-eabi/9.3.1/../../../../arm-none-eabi/lib/thumb/v7e-m/nofp\libm.a
START GROUP
LOAD f:/rm_stm32/confi/gcc-arm-none-eabi-9-2020-q2-update-win32/bin/../lib/gcc/arm-none-eabi/9.3.1/thumb/v7e-m/nofp\libgcc.a
LOAD f:/rm_stm32/confi/gcc-arm-none-eabi-9-2020-q2-update-win32/bin/../lib/gcc/arm-none-eabi/9.3.1/../../../../arm-none-eabi/lib/thumb/v7e-m/nofp\libg_nano.a
LOAD f:/rm_stm32/confi/gcc-arm-none-eabi-9-2020-q2-update-win32/bin/../lib/gcc/arm-none-eabi/9.3.1/../../../../arm-none-eabi/lib/thumb/v7e-m/nofp\libc_nano.a
END GROUP
START GROUP
LOAD f:/rm_stm32/confi/gcc-arm-none-eabi-9-2020-q2-update-win32/bin/../lib/gcc/arm-none-eabi/9.3.1/thumb/v7e-m/nofp\libgcc.a
LOAD f:/rm_stm32/confi/gcc-arm-none-eabi-9-2020-q2-update-win32/bin/../lib/gcc/arm-none-eabi/9.3.1/../../../../arm-none-eabi/lib/thumb/v7e-m/nofp\libc_nano.a
LOAD f:/rm_stm32/confi/gcc-arm-none-eabi-9-2020-q2-update-win32/bin/../lib/gcc/arm-none-eabi/9.3.1/../../../../arm-none-eabi/lib/thumb/v7e-m/nofp\libnosys.a
END GROUP
START GROUP
LOAD f:/rm_stm32/confi/gcc-arm-none-eabi-9-2020-q2-update-win32/bin/../lib/gcc/arm-none-eabi/9.3.1/thumb/v7e-m/nofp\libgcc.a
LOAD f:/rm_stm32/confi/gcc-arm-none-eabi-9-2020-q2-update-win32/bin/../lib/gcc/arm-none-eabi/9.3.1/../../../../arm-none-eabi/lib/thumb/v7e-m/nofp\libc_nano.a
LOAD f:/rm_stm32/confi/gcc-arm-none-eabi-9-2020-q2-update-win32/bin/../lib/gcc/arm-none-eabi/9.3.1/../../../../arm-none-eabi/lib/thumb/v7e-m/nofp\libnosys.a
END GROUP
LOAD f:/rm_stm32/confi/gcc-arm-none-eabi-9-2020-q2-update-win32/bin/../lib/gcc/arm-none-eabi/9.3.1/thumb/v7e-m/nofp/crtend.o
LOAD f:/rm_stm32/confi/gcc-arm-none-eabi-9-2020-q2-update-win32/bin/../lib/gcc/arm-none-eabi/9.3.1/thumb/v7e-m/nofp/crtn.o
                0x20030000                _estack = 0x20030000
                0x00000200                _Min_Heap_Size = 0x200
                0x00000400                _Min_Stack_Size = 0x400

.isr_vector     0x08000000      0x1ac
                0x08000000                . = ALIGN (0x4)
 *(.isr_vector)
 .isr_vector    0x08000000      0x1ac CMakeFiles/RM_frame2.elf.dir/startup/startup_stm32f427xx.s.obj
                0x08000000                g_pfnVectors
                0x080001ac                . = ALIGN (0x4)

.text           0x080001b0    0x11678
                0x080001b0                . = ALIGN (0x4)
 *(.text)
 .text          0x080001b0       0x40 f:/rm_stm32/confi/gcc-arm-none-eabi-9-2020-q2-update-win32/bin/../lib/gcc/arm-none-eabi/9.3.1/thumb/v7e-m/nofp/crtbegin.o
 .text          0x080001f0      0x378 f:/rm_stm32/confi/gcc-arm-none-eabi-9-2020-q2-update-win32/bin/../lib/gcc/arm-none-eabi/9.3.1/thumb/v7e-m/nofp\libgcc.a(_arm_addsubdf3.o)
                0x080001f0                __aeabi_drsub
                0x080001f8                __aeabi_dsub
                0x080001f8                __subdf3
                0x080001fc                __aeabi_dadd
                0x080001fc                __adddf3
                0x08000474                __floatunsidf
                0x08000474                __aeabi_ui2d
                0x08000494                __floatsidf
                0x08000494                __aeabi_i2d
                0x080004b8                __aeabi_f2d
                0x080004b8                __extendsfdf2
                0x080004fc                __floatundidf
                0x080004fc                __aeabi_ul2d
                0x0800050c                __floatdidf
                0x0800050c                __aeabi_l2d
 .text          0x08000568      0x424 f:/rm_stm32/confi/gcc-arm-none-eabi-9-2020-q2-update-win32/bin/../lib/gcc/arm-none-eabi/9.3.1/thumb/v7e-m/nofp\libgcc.a(_arm_muldivdf3.o)
                0x08000568                __aeabi_dmul
                0x08000568                __muldf3
                0x080007bc                __divdf3
                0x080007bc                __aeabi_ddiv
 .text          0x0800098c      0x110 f:/rm_stm32/confi/gcc-arm-none-eabi-9-2020-q2-update-win32/bin/../lib/gcc/arm-none-eabi/9.3.1/thumb/v7e-m/nofp\libgcc.a(_arm_cmpdf2.o)
                0x0800098c                __gtdf2
                0x0800098c                __gedf2
                0x08000994                __ltdf2
                0x08000994                __ledf2
                0x0800099c                __nedf2
                0x0800099c                __eqdf2
                0x0800099c                __cmpdf2
                0x08000a18                __aeabi_cdrcmple
                0x08000a28                __aeabi_cdcmpeq
                0x08000a28                __aeabi_cdcmple
                0x08000a38                __aeabi_dcmpeq
                0x08000a4c                __aeabi_dcmplt
                0x08000a60                __aeabi_dcmple
                0x08000a74                __aeabi_dcmpge
                0x08000a88                __aeabi_dcmpgt
 .text          0x08000a9c       0xa0 f:/rm_stm32/confi/gcc-arm-none-eabi-9-2020-q2-update-win32/bin/../lib/gcc/arm-none-eabi/9.3.1/thumb/v7e-m/nofp\libgcc.a(_arm_truncdfsf2.o)
                0x08000a9c                __truncdfsf2
                0x08000a9c                __aeabi_d2f
 .text          0x08000b3c      0x21c f:/rm_stm32/confi/gcc-arm-none-eabi-9-2020-q2-update-win32/bin/../lib/gcc/arm-none-eabi/9.3.1/thumb/v7e-m/nofp\libgcc.a(_arm_addsubsf3.o)
                0x08000b3c                __aeabi_frsub
                0x08000b44                __subsf3
                0x08000b44                __aeabi_fsub
                0x08000b48                __aeabi_fadd
                0x08000b48                __addsf3
                0x08000ca8                __aeabi_ui2f
                0x08000ca8                __floatunsisf
                0x08000cb0                __aeabi_i2f
                0x08000cb0                __floatsisf
                0x08000ccc                __aeabi_ul2f
                0x08000ccc                __floatundisf
                0x08000cdc                __aeabi_l2f
                0x08000cdc                __floatdisf
 .text          0x08000d58      0x2a0 f:/rm_stm32/confi/gcc-arm-none-eabi-9-2020-q2-update-win32/bin/../lib/gcc/arm-none-eabi/9.3.1/thumb/v7e-m/nofp\libgcc.a(_arm_muldivsf3.o)
                0x08000d58                __mulsf3
                0x08000d58                __aeabi_fmul
                0x08000ec0                __aeabi_fdiv
                0x08000ec0                __divsf3
 .text          0x08000ff8       0xec f:/rm_stm32/confi/gcc-arm-none-eabi-9-2020-q2-update-win32/bin/../lib/gcc/arm-none-eabi/9.3.1/thumb/v7e-m/nofp\libgcc.a(_arm_cmpsf2.o)
                0x08000ff8                __gesf2
                0x08000ff8                __gtsf2
                0x08001000                __lesf2
                0x08001000                __ltsf2
                0x08001008                __nesf2
                0x08001008                __eqsf2
                0x08001008                __cmpsf2
                0x08001068                __aeabi_cfrcmple
                0x08001070                __aeabi_cfcmpeq
                0x08001070                __aeabi_cfcmple
                0x08001080                __aeabi_fcmpeq
                0x08001094                __aeabi_fcmplt
                0x080010a8                __aeabi_fcmple
                0x080010bc                __aeabi_fcmpge
                0x080010d0                __aeabi_fcmpgt
 .text          0x080010e4       0x2c f:/rm_stm32/confi/gcc-arm-none-eabi-9-2020-q2-update-win32/bin/../lib/gcc/arm-none-eabi/9.3.1/thumb/v7e-m/nofp\libgcc.a(_arm_unordsf2.o)
                0x080010e4                __unordsf2
                0x080010e4                __aeabi_fcmpun
 .text          0x08001110       0x4c f:/rm_stm32/confi/gcc-arm-none-eabi-9-2020-q2-update-win32/bin/../lib/gcc/arm-none-eabi/9.3.1/thumb/v7e-m/nofp\libgcc.a(_arm_fixsfsi.o)
                0x08001110                __aeabi_f2iz
                0x08001110                __fixsfsi
 .text          0x0800115c       0x40 f:/rm_stm32/confi/gcc-arm-none-eabi-9-2020-q2-update-win32/bin/../lib/gcc/arm-none-eabi/9.3.1/thumb/v7e-m/nofp\libgcc.a(_arm_fixunssfsi.o)
                0x0800115c                __fixunssfsi
                0x0800115c                __aeabi_f2uiz
 .text          0x0800119c       0x30 f:/rm_stm32/confi/gcc-arm-none-eabi-9-2020-q2-update-win32/bin/../lib/gcc/arm-none-eabi/9.3.1/thumb/v7e-m/nofp\libgcc.a(_aeabi_uldivmod.o)
                0x0800119c                __aeabi_uldivmod
 .text          0x080011cc      0x2c0 f:/rm_stm32/confi/gcc-arm-none-eabi-9-2020-q2-update-win32/bin/../lib/gcc/arm-none-eabi/9.3.1/thumb/v7e-m/nofp\libgcc.a(_udivmoddi4.o)
                0x080011cc                __udivmoddi4
 .text          0x0800148c      0x9b8 f:/rm_stm32/confi/gcc-arm-none-eabi-9-2020-q2-update-win32/bin/../lib/gcc/arm-none-eabi/9.3.1/thumb/v7e-m/nofp\libgcc.a(unwind-arm.o)
                0x08001734                _Unwind_GetCFA
                0x08001738                __gnu_Unwind_RaiseException
                0x08001798                __gnu_Unwind_ForcedUnwind
                0x080017ac                __gnu_Unwind_Resume
                0x080017f0                __gnu_Unwind_Resume_or_Rethrow
                0x08001800                _Unwind_Complete
                0x08001804                _Unwind_DeleteException
                0x08001810                _Unwind_VRS_Get
                0x08001858                _Unwind_VRS_Set
                0x080018a0                __gnu_Unwind_Backtrace
                0x08001bc0                __aeabi_unwind_cpp_pr0
                0x08001bc4                __aeabi_unwind_cpp_pr1
                0x08001bc8                __aeabi_unwind_cpp_pr2
                0x08001bcc                _Unwind_VRS_Pop
 .text          0x08001e44      0x1ac f:/rm_stm32/confi/gcc-arm-none-eabi-9-2020-q2-update-win32/bin/../lib/gcc/arm-none-eabi/9.3.1/thumb/v7e-m/nofp\libgcc.a(libunwind.o)
                0x08001e44                __restore_core_regs
                0x08001e44                restore_core_regs
                0x08001e5c                __gnu_Unwind_Restore_VFP
                0x08001e64                __gnu_Unwind_Save_VFP
                0x08001e6c                __gnu_Unwind_Restore_VFP_D
                0x08001e74                __gnu_Unwind_Save_VFP_D
                0x08001e7c                __gnu_Unwind_Restore_VFP_D_16_to_31
                0x08001e84                __gnu_Unwind_Save_VFP_D_16_to_31
                0x08001e8c                __gnu_Unwind_Restore_WMMXD
                0x08001ed0                __gnu_Unwind_Save_WMMXD
                0x08001f14                __gnu_Unwind_Restore_WMMXC
                0x08001f28                __gnu_Unwind_Save_WMMXC
                0x08001f3c                ___Unwind_RaiseException
                0x08001f3c                _Unwind_RaiseException
                0x08001f60                _Unwind_Resume
                0x08001f60                ___Unwind_Resume
                0x08001f84                _Unwind_Resume_or_Rethrow
                0x08001f84                ___Unwind_Resume_or_Rethrow
                0x08001fa8                _Unwind_ForcedUnwind
                0x08001fa8                ___Unwind_ForcedUnwind
                0x08001fcc                ___Unwind_Backtrace
                0x08001fcc                _Unwind_Backtrace
 .text          0x08001ff0      0x340 f:/rm_stm32/confi/gcc-arm-none-eabi-9-2020-q2-update-win32/bin/../lib/gcc/arm-none-eabi/9.3.1/thumb/v7e-m/nofp\libgcc.a(pr-support.o)
                0x08002048                __gnu_unwind_execute
                0x080022e4                __gnu_unwind_frame
                0x08002310                _Unwind_GetRegionStart
                0x0800231c                _Unwind_GetLanguageSpecificData
 .text          0x08002330        0x4 f:/rm_stm32/confi/gcc-arm-none-eabi-9-2020-q2-update-win32/bin/../lib/gcc/arm-none-eabi/9.3.1/thumb/v7e-m/nofp\libgcc.a(_dvmd_tls.o)
                0x08002330                __aeabi_idiv0
                0x08002330                __aeabi_ldiv0
 .text          0x08002334       0x14 f:/rm_stm32/confi/gcc-arm-none-eabi-9-2020-q2-update-win32/bin/../lib/gcc/arm-none-eabi/9.3.1/../../../../arm-none-eabi/lib/thumb/v7e-m/nofp\libg_nano.a(lib_a-strcmp.o)
                0x08002334                strcmp
 *(.text*)
 .text._ZN5Motor5ResetE9CanType_etddddddddddddddd
                0x08002348       0x1a CMakeFiles/RM_frame2.elf.dir/Additional/Src/Additional.cpp.obj
                0x08002348                Motor::Reset(CanType_e, unsigned short, double, double, double, double, double, double, double, double, double, double, double, double, double, double, double)
 .text._ZN5Motor6HandleEv
                0x08002362       0x12 CMakeFiles/RM_frame2.elf.dir/Additional/Src/Additional.cpp.obj
                0x08002362                Motor::Handle()
 .text._ZN5MotorC2Ev
                0x08002374       0x20 CMakeFiles/RM_frame2.elf.dir/Additional/Src/Additional.cpp.obj
                0x08002374                Motor::Motor()
                0x08002374                Motor::Motor()
 .text._ZN12ChassisMotorC2Ev
                0x08002394       0x34 CMakeFiles/RM_frame2.elf.dir/Additional/Src/Additional.cpp.obj
                0x08002394                ChassisMotor::ChassisMotor()
                0x08002394                ChassisMotor::ChassisMotor()
 .text._ZN11NormalMotorC2Ev
                0x080023c8       0x34 CMakeFiles/RM_frame2.elf.dir/Additional/Src/Additional.cpp.obj
                0x080023c8                NormalMotor::NormalMotor()
                0x080023c8                NormalMotor::NormalMotor()
 .text._ZN10Additional6HandleEv
                0x080023fc       0x26 CMakeFiles/RM_frame2.elf.dir/Additional/Src/Additional.cpp.obj
                0x080023fc                Additional::Handle()
 *fill*         0x08002422        0x6 
 .text._ZN10Additional5ResetEv
                0x08002428       0xec CMakeFiles/RM_frame2.elf.dir/Additional/Src/Additional.cpp.obj
                0x08002428                Additional::Reset()
 .text._ZN10Additional16setBrushVelocityEs
                0x08002514       0x28 CMakeFiles/RM_frame2.elf.dir/Additional/Src/Additional.cpp.obj
                0x08002514                Additional::setBrushVelocity(short)
 .text._ZN10Additional15setRollVelocityEs
                0x0800253c       0x28 CMakeFiles/RM_frame2.elf.dir/Additional/Src/Additional.cpp.obj
                0x0800253c                Additional::setRollVelocity(short)
 .text._ZN10AdditionalC2Ev
                0x08002564       0x30 CMakeFiles/RM_frame2.elf.dir/Additional/Src/Additional.cpp.obj
                0x08002564                Additional::Additional()
                0x08002564                Additional::Additional()
 .text._Z41__static_initialization_and_destruction_0ii
                0x08002594       0x2c CMakeFiles/RM_frame2.elf.dir/Additional/Src/Additional.cpp.obj
 .text._GLOBAL__sub_I__ZN10Additional6HandleEv
                0x080025c0       0x10 CMakeFiles/RM_frame2.elf.dir/Additional/Src/Additional.cpp.obj
 .text._ZN6Remote12GetWorkStateEv
                0x080025d0       0x16 CMakeFiles/RM_frame2.elf.dir/AdditionalFunctions/Src/CapTask.cpp.obj
                0x080025d0                Remote::GetWorkState()
 *fill*         0x080025e6        0x2 
 .text._ZN3Cap13GetAimedPowerEv
                0x080025e8       0x6c CMakeFiles/RM_frame2.elf.dir/AdditionalFunctions/Src/CapTask.cpp.obj
                0x080025e8                Cap::GetAimedPower()
 .text._ZN11DigitalTube10ShowNumberEm
                0x08002654      0x10c CMakeFiles/RM_frame2.elf.dir/AdditionalFunctions/Src/DigitalTubeTask.cpp.obj
                0x08002654                DigitalTube::ShowNumber(unsigned long)
 .text._ZN11DigitalTube8AddScoreEh
                0x08002760       0x2c CMakeFiles/RM_frame2.elf.dir/AdditionalFunctions/Src/DigitalTubeTask.cpp.obj
                0x08002760                DigitalTube::AddScore(unsigned char)
 .text._ZN11DigitalTube17StartTransmitDataEv
                0x0800278c       0x1a CMakeFiles/RM_frame2.elf.dir/AdditionalFunctions/Src/DigitalTubeTask.cpp.obj
                0x0800278c                DigitalTube::StartTransmitData()
 .text._ZN11DigitalTube12TransmitDataEv
                0x080027a6       0xca CMakeFiles/RM_frame2.elf.dir/AdditionalFunctions/Src/DigitalTubeTask.cpp.obj
                0x080027a6                DigitalTube::TransmitData()
 .text._ZN11DigitalTube8ChangeSIEh
                0x08002870       0x4a CMakeFiles/RM_frame2.elf.dir/AdditionalFunctions/Src/DigitalTubeTask.cpp.obj
                0x08002870                DigitalTube::ChangeSI(unsigned char)
 .text._ZN11DigitalTube6SetRCKEv
                0x080028ba       0x24 CMakeFiles/RM_frame2.elf.dir/AdditionalFunctions/Src/DigitalTubeTask.cpp.obj
                0x080028ba                DigitalTube::SetRCK()
 .text._ZN11DigitalTube8ResetRCKEv
                0x080028de       0x26 CMakeFiles/RM_frame2.elf.dir/AdditionalFunctions/Src/DigitalTubeTask.cpp.obj
                0x080028de                DigitalTube::ResetRCK()
 .text._ZN11DigitalTube6SetSCKEv
                0x08002904       0x24 CMakeFiles/RM_frame2.elf.dir/AdditionalFunctions/Src/DigitalTubeTask.cpp.obj
                0x08002904                DigitalTube::SetSCK()
 .text._ZN11DigitalTube8ResetSCKEv
                0x08002928       0x26 CMakeFiles/RM_frame2.elf.dir/AdditionalFunctions/Src/DigitalTubeTask.cpp.obj
                0x08002928                DigitalTube::ResetSCK()
 .text._ZSt5isnanf
                0x0800294e       0x32 CMakeFiles/RM_frame2.elf.dir/BasicComponents/Src/AutoAimTask.cpp.obj
                0x0800294e                std::isnan(float)
 .text._ZN11AutoAimRecv18UartRxCpltCallbackEv
                0x08002980      0x180 CMakeFiles/RM_frame2.elf.dir/BasicComponents/Src/AutoAimTask.cpp.obj
                0x08002980                AutoAimRecv::UartRxCpltCallback()
 .text._ZN7AutoAimC2Ev
                0x08002b00       0x8c CMakeFiles/RM_frame2.elf.dir/BasicComponents/Src/AutoAimTask.cpp.obj
                0x08002b00                AutoAim::AutoAim()
                0x08002b00                AutoAim::AutoAim()
 .text._Z41__static_initialization_and_destruction_0ii
                0x08002b8c       0x2c CMakeFiles/RM_frame2.elf.dir/BasicComponents/Src/AutoAimTask.cpp.obj
 .text._GLOBAL__sub_I__ZN11AutoAimRecv8RecvInitEv
                0x08002bb8       0x10 CMakeFiles/RM_frame2.elf.dir/BasicComponents/Src/AutoAimTask.cpp.obj
 .text._ZN5Motor12SetRxMsgC6x0Esss
                0x08002bc8       0x3c CMakeFiles/RM_frame2.elf.dir/BasicComponents/Src/CANTask.cpp.obj
                0x08002bc8                Motor::SetRxMsgC6x0(short, short, short)
 .text._ZNK5Motor12GetIntensityEv
                0x08002c04       0x18 CMakeFiles/RM_frame2.elf.dir/BasicComponents/Src/CANTask.cpp.obj
                0x08002c04                Motor::GetIntensity() const
 .text._ZN3Cap15SetRxCapVoltageEf
                0x08002c1c       0x1c CMakeFiles/RM_frame2.elf.dir/BasicComponents/Src/CANTask.cpp.obj
                0x08002c1c                Cap::SetRxCapVoltage(float)
 .text._ZN3Cap15SetRxPwrVoltageEf
                0x08002c38       0x1c CMakeFiles/RM_frame2.elf.dir/BasicComponents/Src/CANTask.cpp.obj
                0x08002c38                Cap::SetRxPwrVoltage(float)
 .text._ZN3Cap15SetRxOutVoltageEf
                0x08002c54       0x1c CMakeFiles/RM_frame2.elf.dir/BasicComponents/Src/CANTask.cpp.obj
                0x08002c54                Cap::SetRxOutVoltage(float)
 .text._ZN3Cap13SetRxCapStateE10CapState_e
                0x08002c70       0x1e CMakeFiles/RM_frame2.elf.dir/BasicComponents/Src/CANTask.cpp.obj
                0x08002c70                Cap::SetRxCapState(CapState_e)
 *fill*         0x08002c8e        0x2 
 .text._ZN3CAN8RxHandleEv
                0x08002c90      0x1a8 CMakeFiles/RM_frame2.elf.dir/BasicComponents/Src/CANTask.cpp.obj
                0x08002c90                CAN::RxHandle()
 .text._ZN3CAN13TxHandleMotorEh
                0x08002e38      0x18c CMakeFiles/RM_frame2.elf.dir/BasicComponents/Src/CANTask.cpp.obj
                0x08002e38                CAN::TxHandleMotor(unsigned char)
 .text._ZN3CAN19TxHandleDoubleBoardEv
                0x08002fc4      0x168 CMakeFiles/RM_frame2.elf.dir/BasicComponents/Src/CANTask.cpp.obj
                0x08002fc4                CAN::TxHandleDoubleBoard()
 .text._ZN3CAN5ResetE9CanType_ehhh
                0x0800312c       0xdc CMakeFiles/RM_frame2.elf.dir/BasicComponents/Src/CANTask.cpp.obj
                0x0800312c                CAN::Reset(CanType_e, unsigned char, unsigned char, unsigned char)
 .text._ZN3CAN8TxHandleEv
                0x08003208       0xb8 CMakeFiles/RM_frame2.elf.dir/BasicComponents/Src/CANTask.cpp.obj
                0x08003208                CAN::TxHandle()
 .text._ZN11AutoAimRecv5CountEv
                0x080032c0       0x26 CMakeFiles/RM_frame2.elf.dir/BasicComponents/Src/CarTask.cpp.obj
                0x080032c0                AutoAimRecv::Count()
 *fill*         0x080032e6        0x2 
 .text._ZN10RemoteRecv5ResetEv
                0x080032e8       0x3c CMakeFiles/RM_frame2.elf.dir/BasicComponents/Src/CarTask.cpp.obj
                0x080032e8                RemoteRecv::Reset()
 .text._ZN6Remote12GetInputModeEv
                0x08003324       0x16 CMakeFiles/RM_frame2.elf.dir/BasicComponents/Src/CarTask.cpp.obj
                0x08003324                Remote::GetInputMode()
 .text._ZN3IMU5ResetEv
                0x0800333a       0x1c CMakeFiles/RM_frame2.elf.dir/BasicComponents/Src/CarTask.cpp.obj
                0x0800333a                IMU::Reset()
 .text._ZN3IMU6HandleEv
                0x08003356       0x24 CMakeFiles/RM_frame2.elf.dir/BasicComponents/Src/CarTask.cpp.obj
                0x08003356                IMU::Handle()
 *fill*         0x0800337a        0x2 
 .text._Z7CarInitv
                0x0800337c       0x14 CMakeFiles/RM_frame2.elf.dir/BasicComponents/Src/CarTask.cpp.obj
                0x0800337c                CarInit()
 .text._Z15MainControlLoopv
                0x08003390       0x58 CMakeFiles/RM_frame2.elf.dir/BasicComponents/Src/CarTask.cpp.obj
                0x08003390                MainControlLoop()
 .text._Z25RemoteKeyMouseControlLoopv
                0x080033e8       0x70 CMakeFiles/RM_frame2.elf.dir/BasicComponents/Src/CarTask.cpp.obj
                0x080033e8                RemoteKeyMouseControlLoop()
 .text._Z5Countv
                0x08003458       0x1c CMakeFiles/RM_frame2.elf.dir/BasicComponents/Src/CarTask.cpp.obj
                0x08003458                Count()
 .text._ZN3Car5ResetEv
                0x08003474       0x64 CMakeFiles/RM_frame2.elf.dir/BasicComponents/Src/CarTask.cpp.obj
                0x08003474                Car::Reset()
 .text._ZSt3absf
                0x080034d8       0x18 CMakeFiles/RM_frame2.elf.dir/BasicComponents/Src/ChassisTask.cpp.obj
                0x080034d8                std::abs(float)
 .text._ZSt3cosf
                0x080034f0       0x18 CMakeFiles/RM_frame2.elf.dir/BasicComponents/Src/ChassisTask.cpp.obj
                0x080034f0                std::cos(float)
 .text._ZSt3sinf
                0x08003508       0x18 CMakeFiles/RM_frame2.elf.dir/BasicComponents/Src/ChassisTask.cpp.obj
                0x08003508                std::sin(float)
 .text._ZN3PID4CalcEv
                0x08003520       0x18 CMakeFiles/RM_frame2.elf.dir/BasicComponents/Src/ChassisTask.cpp.obj
                0x08003520                PID::Calc()
 .text._ZN3PID5ResetEddddddd
                0x08003538       0x50 CMakeFiles/RM_frame2.elf.dir/BasicComponents/Src/ChassisTask.cpp.obj
                0x08003538                PID::Reset(double, double, double, double, double, double, double)
 .text._ZN5Motor12GetRxMsgC6x0Ev
                0x08003588       0x22 CMakeFiles/RM_frame2.elf.dir/BasicComponents/Src/ChassisTask.cpp.obj
                0x08003588                Motor::GetRxMsgC6x0()
 .text._ZN5Motor11GetSpeedPIDEv
                0x080035aa       0x32 CMakeFiles/RM_frame2.elf.dir/BasicComponents/Src/ChassisTask.cpp.obj
                0x080035aa                Motor::GetSpeedPID()
 .text._ZN6Gimbal8GetRxMsgE4GM_e
                0x080035dc       0x3a CMakeFiles/RM_frame2.elf.dir/BasicComponents/Src/ChassisTask.cpp.obj
                0x080035dc                Gimbal::GetRxMsg(GM_e)
 .text._ZN7Chassis6HandleEv
                0x08003616       0x46 CMakeFiles/RM_frame2.elf.dir/BasicComponents/Src/ChassisTask.cpp.obj
                0x08003616                Chassis::Handle()
 *fill*         0x0800365c        0x4 
 .text._ZN7Chassis5ResetEv
                0x08003660      0x234 CMakeFiles/RM_frame2.elf.dir/BasicComponents/Src/ChassisTask.cpp.obj
                0x08003660                Chassis::Reset()
 *fill*         0x08003894        0x4 
 .text._ZN7Chassis15PowerLimitationEv
                0x08003898      0x3e8 CMakeFiles/RM_frame2.elf.dir/BasicComponents/Src/ChassisTask.cpp.obj
                0x08003898                Chassis::PowerLimitation()
 .text._ZN7Chassis13ControlRotateEv
                0x08003c80       0x78 CMakeFiles/RM_frame2.elf.dir/BasicComponents/Src/ChassisTask.cpp.obj
                0x08003c80                Chassis::ControlRotate()
 .text._ZN7Chassis19ChassisDataDecodingEv
                0x08003cf8      0x1e4 CMakeFiles/RM_frame2.elf.dir/BasicComponents/Src/ChassisTask.cpp.obj
                0x08003cf8                Chassis::ChassisDataDecoding()
 .text._ZN7Chassis11SetVelocityEsss
                0x08003edc       0x9c CMakeFiles/RM_frame2.elf.dir/BasicComponents/Src/ChassisTask.cpp.obj
                0x08003edc                Chassis::SetVelocity(short, short, short)
 .text._ZN7ChassisC2Ev
                0x08003f78       0x3c CMakeFiles/RM_frame2.elf.dir/BasicComponents/Src/ChassisTask.cpp.obj
                0x08003f78                Chassis::Chassis()
                0x08003f78                Chassis::Chassis()
 .text._Z41__static_initialization_and_destruction_0ii
                0x08003fb4       0x2c CMakeFiles/RM_frame2.elf.dir/BasicComponents/Src/ChassisTask.cpp.obj
 .text._GLOBAL__sub_I__ZN7Chassis6HandleEv
                0x08003fe0       0x10 CMakeFiles/RM_frame2.elf.dir/BasicComponents/Src/ChassisTask.cpp.obj
 .text._ZN12GMPitchMotorC2Ev
                0x08003ff0       0x24 CMakeFiles/RM_frame2.elf.dir/BasicComponents/Src/GimbalTask.cpp.obj
                0x08003ff0                GMPitchMotor::GMPitchMotor()
                0x08003ff0                GMPitchMotor::GMPitchMotor()
 .text._ZN10GMYawMotorC2Ev
                0x08004014       0x24 CMakeFiles/RM_frame2.elf.dir/BasicComponents/Src/GimbalTask.cpp.obj
                0x08004014                GMYawMotor::GMYawMotor()
                0x08004014                GMYawMotor::GMYawMotor()
 .text._ZN6GimbalC2Ev
                0x08004038       0x24 CMakeFiles/RM_frame2.elf.dir/BasicComponents/Src/GimbalTask.cpp.obj
                0x08004038                Gimbal::Gimbal()
                0x08004038                Gimbal::Gimbal()
 .text._Z41__static_initialization_and_destruction_0ii
                0x0800405c       0x2c CMakeFiles/RM_frame2.elf.dir/BasicComponents/Src/GimbalTask.cpp.obj
 .text._GLOBAL__sub_I__ZN6GimbalC2Ev
                0x08004088       0x10 CMakeFiles/RM_frame2.elf.dir/BasicComponents/Src/GimbalTask.cpp.obj
 .text._ZSt4asinf
                0x08004098       0x18 CMakeFiles/RM_frame2.elf.dir/BasicComponents/Src/IMUTask.cpp.obj
                0x08004098                std::asin(float)
 .text._ZSt5atan2ff
                0x080040b0       0x1c CMakeFiles/RM_frame2.elf.dir/BasicComponents/Src/IMUTask.cpp.obj
                0x080040b0                std::atan2(float, float)
 .text._ZSt4sqrtf
                0x080040cc       0x18 CMakeFiles/RM_frame2.elf.dir/BasicComponents/Src/IMUTask.cpp.obj
                0x080040cc                std::sqrt(float)
 .text._ZN7IMU_SPIC2Ev
                0x080040e4       0x32 CMakeFiles/RM_frame2.elf.dir/BasicComponents/Src/IMUTask.cpp.obj
                0x080040e4                IMU_SPI::IMU_SPI()
                0x080040e4                IMU_SPI::IMU_SPI()
 .text._ZN3IMUC2Ev
                0x08004116       0x4c CMakeFiles/RM_frame2.elf.dir/BasicComponents/Src/IMUTask.cpp.obj
                0x08004116                IMU::IMU()
                0x08004116                IMU::IMU()
 *fill*         0x08004162        0x2 
 .text._ZN7IMU_SPI8inv_sqrtEf
                0x08004164       0x7c CMakeFiles/RM_frame2.elf.dir/BasicComponents/Src/IMUTask.cpp.obj
                0x08004164                IMU_SPI::inv_sqrt(float)
 .text._ZN7IMU_SPI14mpu_write_byteEhh
                0x080041e0       0x6c CMakeFiles/RM_frame2.elf.dir/BasicComponents/Src/IMUTask.cpp.obj
                0x080041e0                IMU_SPI::mpu_write_byte(unsigned char, unsigned char)
 .text._ZN7IMU_SPI13mpu_read_byteEh
                0x0800424c       0x64 CMakeFiles/RM_frame2.elf.dir/BasicComponents/Src/IMUTask.cpp.obj
                0x0800424c                IMU_SPI::mpu_read_byte(unsigned char)
 .text._ZN7IMU_SPI14mpu_read_bytesEhPhh
                0x080042b0       0x74 CMakeFiles/RM_frame2.elf.dir/BasicComponents/Src/IMUTask.cpp.obj
                0x080042b0                IMU_SPI::mpu_read_bytes(unsigned char, unsigned char*, unsigned char)
 .text._ZN7IMU_SPI20ist_reg_write_by_mpuEhh
                0x08004324       0x5c CMakeFiles/RM_frame2.elf.dir/BasicComponents/Src/IMUTask.cpp.obj
                0x08004324                IMU_SPI::ist_reg_write_by_mpu(unsigned char, unsigned char)
 .text._ZN7IMU_SPI19ist_reg_read_by_mpuEh
                0x08004380       0x54 CMakeFiles/RM_frame2.elf.dir/BasicComponents/Src/IMUTask.cpp.obj
                0x08004380                IMU_SPI::ist_reg_read_by_mpu(unsigned char)
 .text._ZN7IMU_SPI31mpu_master_i2c_auto_read_configEhhh
                0x080043d4       0xc6 CMakeFiles/RM_frame2.elf.dir/BasicComponents/Src/IMUTask.cpp.obj
                0x080043d4                IMU_SPI::mpu_master_i2c_auto_read_config(unsigned char, unsigned char, unsigned char)
 .text._ZN7IMU_SPI12ist8310_initEv
                0x0800449a      0x170 CMakeFiles/RM_frame2.elf.dir/BasicComponents/Src/IMUTask.cpp.obj
                0x0800449a                IMU_SPI::ist8310_init()
 .text._ZN7IMU_SPI16ist8310_get_dataEPh
                0x0800460a       0x1e CMakeFiles/RM_frame2.elf.dir/BasicComponents/Src/IMUTask.cpp.obj
                0x0800460a                IMU_SPI::ist8310_get_data(unsigned char*)
 .text._ZN7IMU_SPI12mpu_get_dataEv
                0x08004628      0x218 CMakeFiles/RM_frame2.elf.dir/BasicComponents/Src/IMUTask.cpp.obj
                0x08004628                IMU_SPI::mpu_get_data()
 .text._ZN7IMU_SPI16mpu_set_gyro_fsrEh
                0x08004840       0x26 CMakeFiles/RM_frame2.elf.dir/BasicComponents/Src/IMUTask.cpp.obj
                0x08004840                IMU_SPI::mpu_set_gyro_fsr(unsigned char)
 .text._ZN7IMU_SPI17mpu_set_accel_fsrEh
                0x08004866       0x26 CMakeFiles/RM_frame2.elf.dir/BasicComponents/Src/IMUTask.cpp.obj
                0x08004866                IMU_SPI::mpu_set_accel_fsr(unsigned char)
 .text._ZN3IMU15mpu_device_initEv
                0x0800488c       0xdc CMakeFiles/RM_frame2.elf.dir/BasicComponents/Src/IMUTask.cpp.obj
                0x0800488c                IMU::mpu_device_init()
 .text._ZN3IMU15mpu_offset_callEv
                0x08004968      0x1e4 CMakeFiles/RM_frame2.elf.dir/BasicComponents/Src/IMUTask.cpp.obj
                0x08004968                IMU::mpu_offset_call()
 .text._ZN3IMU15init_quaternionEv
                0x08004b4c      0x220 CMakeFiles/RM_frame2.elf.dir/BasicComponents/Src/IMUTask.cpp.obj
                0x08004b4c                IMU::init_quaternion()
 .text._ZN3IMU15imu_ahrs_updateEv
                0x08004d6c      0xaf4 CMakeFiles/RM_frame2.elf.dir/BasicComponents/Src/IMUTask.cpp.obj
                0x08004d6c                IMU::imu_ahrs_update()
 .text._ZN3IMU19imu_attitude_updateEv
                0x08005860      0x21c CMakeFiles/RM_frame2.elf.dir/BasicComponents/Src/IMUTask.cpp.obj
                0x08005860                IMU::imu_attitude_update()
 .text._Z41__static_initialization_and_destruction_0ii
                0x08005a7c       0x2c CMakeFiles/RM_frame2.elf.dir/BasicComponents/Src/IMUTask.cpp.obj
 .text._GLOBAL__sub_I__ZN7IMU_SPI8inv_sqrtEf
                0x08005aa8       0x10 CMakeFiles/RM_frame2.elf.dir/BasicComponents/Src/IMUTask.cpp.obj
 .text._Z20myGet_CRC8_Check_SumPhjh
                0x08005ab8       0x4c CMakeFiles/RM_frame2.elf.dir/BasicComponents/Src/JudgeTask.cpp.obj
                0x08005ab8                myGet_CRC8_Check_Sum(unsigned char*, unsigned int, unsigned char)
 .text._Z23myVerify_CRC8_Check_SumPhj
                0x08005b04       0x4e CMakeFiles/RM_frame2.elf.dir/BasicComponents/Src/JudgeTask.cpp.obj
                0x08005b04                myVerify_CRC8_Check_Sum(unsigned char*, unsigned int)
 *fill*         0x08005b52        0x2 
 .text._Z21myGet_CRC16_Check_SumPhmt
                0x08005b54       0x68 CMakeFiles/RM_frame2.elf.dir/BasicComponents/Src/JudgeTask.cpp.obj
                0x08005b54                myGet_CRC16_Check_Sum(unsigned char*, unsigned long, unsigned short)
 .text._Z24myVerify_CRC16_Check_SumPhm
                0x08005bbc       0x68 CMakeFiles/RM_frame2.elf.dir/BasicComponents/Src/JudgeTask.cpp.obj
                0x08005bbc                myVerify_CRC16_Check_Sum(unsigned char*, unsigned long)
 .text._Z23JudgeUartRxCpltCallbackv
                0x08005c24      0x620 CMakeFiles/RM_frame2.elf.dir/BasicComponents/Src/JudgeTask.cpp.obj
                0x08005c24                JudgeUartRxCpltCallback()
 .text._ZL25Referee_Update_GameStatusv
                0x08006244       0x78 CMakeFiles/RM_frame2.elf.dir/BasicComponents/Src/JudgeTask.cpp.obj
 .text._ZL22Referee_Update_RobotHPv
                0x080062bc      0x1c4 CMakeFiles/RM_frame2.elf.dir/BasicComponents/Src/JudgeTask.cpp.obj
 .text._ZL24Referee_Update_EventDatav
                0x08006480        0xc CMakeFiles/RM_frame2.elf.dir/BasicComponents/Src/JudgeTask.cpp.obj
 .text._ZL25Referee_Update_DartStatusv
                0x0800648c        0xc CMakeFiles/RM_frame2.elf.dir/BasicComponents/Src/JudgeTask.cpp.obj
 .text._ZL28Referee_Update_DartRemainingv
                0x08006498        0xc CMakeFiles/RM_frame2.elf.dir/BasicComponents/Src/JudgeTask.cpp.obj
 .text._ZL22Referee_Update_Warningv
                0x080064a4       0x28 CMakeFiles/RM_frame2.elf.dir/BasicComponents/Src/JudgeTask.cpp.obj
 .text._ZL25Referee_Update_RobotStatev
                0x080064cc      0x1d4 CMakeFiles/RM_frame2.elf.dir/BasicComponents/Src/JudgeTask.cpp.obj
 .text._ZL28Referee_Update_PowerHeatDatav
                0x080066a0      0x148 CMakeFiles/RM_frame2.elf.dir/BasicComponents/Src/JudgeTask.cpp.obj
 .text._ZL23Referee_Update_RobotPosv
                0x080067e8       0xc4 CMakeFiles/RM_frame2.elf.dir/BasicComponents/Src/JudgeTask.cpp.obj
 .text._ZL19Referee_Update_Buffv
                0x080068ac       0x20 CMakeFiles/RM_frame2.elf.dir/BasicComponents/Src/JudgeTask.cpp.obj
 .text._ZL27Referee_Update_AerialEnergyv
                0x080068cc       0x4c CMakeFiles/RM_frame2.elf.dir/BasicComponents/Src/JudgeTask.cpp.obj
 .text._ZL24Referee_Update_RobotHurtv
                0x08006918       0x48 CMakeFiles/RM_frame2.elf.dir/BasicComponents/Src/JudgeTask.cpp.obj
 .text._ZL24Referee_Update_ShootDatav
                0x08006960       0x60 CMakeFiles/RM_frame2.elf.dir/BasicComponents/Src/JudgeTask.cpp.obj
 .text._ZL30Referee_Update_BulletRemainingv
                0x080069c0       0x30 CMakeFiles/RM_frame2.elf.dir/BasicComponents/Src/JudgeTask.cpp.obj
 .text._ZL25Referee_Update_RfidStatusv
                0x080069f0        0xc CMakeFiles/RM_frame2.elf.dir/BasicComponents/Src/JudgeTask.cpp.obj
 .text._ZL25Referee_Update_DartClientv
                0x080069fc        0xc CMakeFiles/RM_frame2.elf.dir/BasicComponents/Src/JudgeTask.cpp.obj
 .text._ZL25Referee_Update_RobotWarpsv
                0x08006a08      0x108 CMakeFiles/RM_frame2.elf.dir/BasicComponents/Src/JudgeTask.cpp.obj
 .text._ZN6Remote15KeyMouseControlEv
                0x08006b10       0x2c CMakeFiles/RM_frame2.elf.dir/BasicComponents/Src/KeyMouseControlTask.cpp.obj
                0x08006b10                Remote::KeyMouseControl()
 .text._ZN6Remote12LeverControlEv
                0x08006b3c       0x94 CMakeFiles/RM_frame2.elf.dir/BasicComponents/Src/LeverControlTask.cpp.obj
                0x08006b3c                Remote::LeverControl()
 .text._ZN3IMU7GetDataEv
                0x08006bd0       0x16 CMakeFiles/RM_frame2.elf.dir/BasicComponents/Src/MotorTask.cpp.obj
                0x08006bd0                IMU::GetData()
 .text._ZN12ChassisMotor6HandleEv
                0x08006be6       0x54 CMakeFiles/RM_frame2.elf.dir/BasicComponents/Src/MotorTask.cpp.obj
                0x08006be6                ChassisMotor::Handle()
 *fill*         0x08006c3a        0x2 
 .text._ZN11NormalMotor6HandleEv
                0x08006c3c      0x348 CMakeFiles/RM_frame2.elf.dir/BasicComponents/Src/MotorTask.cpp.obj
                0x08006c3c                NormalMotor::Handle()
 .text._ZN12GMPitchMotor6HandleEv
                0x08006f84      0x650 CMakeFiles/RM_frame2.elf.dir/BasicComponents/Src/MotorTask.cpp.obj
                0x08006f84                GMPitchMotor::Handle()
 .text._ZN10GMYawMotor6HandleEv
                0x080075d4      0x45c CMakeFiles/RM_frame2.elf.dir/BasicComponents/Src/MotorTask.cpp.obj
                0x080075d4                GMYawMotor::Handle()
 .text._ZN5Motor9motorInitEv
                0x08007a30       0x48 CMakeFiles/RM_frame2.elf.dir/BasicComponents/Src/MotorTask.cpp.obj
                0x08007a30                Motor::motorInit()
 .text._ZN5Motor5ResetE9CanType_etdddddddd
                0x08007a78      0x10c CMakeFiles/RM_frame2.elf.dir/BasicComponents/Src/MotorTask.cpp.obj
                0x08007a78                Motor::Reset(CanType_e, unsigned short, double, double, double, double, double, double, double, double)
 .text._ZN5Motor9StopResetEv
                0x08007b84       0x7a CMakeFiles/RM_frame2.elf.dir/BasicComponents/Src/MotorTask.cpp.obj
                0x08007b84                Motor::StopReset()
 .text._ZN12ChassisMotor5ResetE9CanType_etdddddddd
                0x08007bfe       0x64 CMakeFiles/RM_frame2.elf.dir/BasicComponents/Src/MotorTask.cpp.obj
                0x08007bfe                ChassisMotor::Reset(CanType_e, unsigned short, double, double, double, double, double, double, double, double)
 .text._ZN11NormalMotor5ResetE9CanType_etddddddddddddddd
                0x08007c62       0xa4 CMakeFiles/RM_frame2.elf.dir/BasicComponents/Src/MotorTask.cpp.obj
                0x08007c62                NormalMotor::Reset(CanType_e, unsigned short, double, double, double, double, double, double, double, double, double, double, double, double, double, double, double)
 .text._ZN12GMPitchMotor5ResetE9CanType_etddddddddddddddd
                0x08007d06       0xc8 CMakeFiles/RM_frame2.elf.dir/BasicComponents/Src/MotorTask.cpp.obj
                0x08007d06                GMPitchMotor::Reset(CanType_e, unsigned short, double, double, double, double, double, double, double, double, double, double, double, double, double, double, double)
 .text._ZN10GMYawMotor5ResetE9CanType_etddddddddddddddd
                0x08007dce       0xc8 CMakeFiles/RM_frame2.elf.dir/BasicComponents/Src/MotorTask.cpp.obj
                0x08007dce                GMYawMotor::Reset(CanType_e, unsigned short, double, double, double, double, double, double, double, double, double, double, double, double, double, double, double)
 .text._Z8PID_CalcP15PID_Regulator_t
                0x08007e96      0x262 CMakeFiles/RM_frame2.elf.dir/BasicComponents/Src/PIDTask.cpp.obj
                0x08007e96                PID_Calc(PID_Regulator_t*)
 .text._Z9PID_ResetP15PID_Regulator_tddddddd
                0x080080f8       0xbe CMakeFiles/RM_frame2.elf.dir/BasicComponents/Src/PIDTask.cpp.obj
                0x080080f8                PID_Reset(PID_Regulator_t*, double, double, double, double, double, double, double)
 .text._ZN10RemoteRecvC2Ev
                0x080081b6       0x5a CMakeFiles/RM_frame2.elf.dir/BasicComponents/Src/RemoteTask.cpp.obj
                0x080081b6                RemoteRecv::RemoteRecv()
                0x080081b6                RemoteRecv::RemoteRecv()
 .text._ZN6RemoteC2Ev
                0x08008210       0x90 CMakeFiles/RM_frame2.elf.dir/BasicComponents/Src/RemoteTask.cpp.obj
                0x08008210                Remote::Remote()
                0x08008210                Remote::Remote()
 .text._ZN10RemoteRecv21GetRemoteSwitchActionEP14RemoteSwitch_th
                0x080082a0       0xf4 CMakeFiles/RM_frame2.elf.dir/BasicComponents/Src/RemoteTask.cpp.obj
                0x080082a0                RemoteRecv::GetRemoteSwitchAction(RemoteSwitch_t*, unsigned char)
 .text._ZN10RemoteRecv17RemoteDataProcessEPh
                0x08008394      0x1d8 CMakeFiles/RM_frame2.elf.dir/BasicComponents/Src/RemoteTask.cpp.obj
                0x08008394                RemoteRecv::RemoteDataProcess(unsigned char*)
 .text._ZN10RemoteRecv14RemoteDataRecvEv
                0x0800856c       0xc8 CMakeFiles/RM_frame2.elf.dir/BasicComponents/Src/RemoteTask.cpp.obj
                0x0800856c                RemoteRecv::RemoteDataRecv()
 .text._ZN6Remote13RemoteDataGetEv
                0x08008634       0x90 CMakeFiles/RM_frame2.elf.dir/BasicComponents/Src/RemoteTask.cpp.obj
                0x08008634                Remote::RemoteDataGet()
 .text._ZN6Remote12WorkStateFSMEv
                0x080086c4      0x288 CMakeFiles/RM_frame2.elf.dir/BasicComponents/Src/RemoteTask.cpp.obj
                0x080086c4                Remote::WorkStateFSM()
 .text._ZN6Remote11IWDG_HandleEv
                0x0800894c       0x50 CMakeFiles/RM_frame2.elf.dir/BasicComponents/Src/RemoteTask.cpp.obj
                0x0800894c                Remote::IWDG_Handle()
 .text._ZN6Remote6HandleEv
                0x0800899c       0x22 CMakeFiles/RM_frame2.elf.dir/BasicComponents/Src/RemoteTask.cpp.obj
                0x0800899c                Remote::Handle()
 *fill*         0x080089be        0x2 
 .text._Z41__static_initialization_and_destruction_0ii
                0x080089c0       0x2c CMakeFiles/RM_frame2.elf.dir/BasicComponents/Src/RemoteTask.cpp.obj
 .text._GLOBAL__sub_I__ZN10RemoteRecv21GetRemoteSwitchActionEP14RemoteSwitch_th
                0x080089ec       0x10 CMakeFiles/RM_frame2.elf.dir/BasicComponents/Src/RemoteTask.cpp.obj
 .text._ZN5ShootC2Ev
                0x080089fc       0xac CMakeFiles/RM_frame2.elf.dir/BasicComponents/Src/ShootTask.cpp.obj
                0x080089fc                Shoot::Shoot()
                0x080089fc                Shoot::Shoot()
 .text._ZN5Shoot5CountEv
                0x08008aa8       0x6a CMakeFiles/RM_frame2.elf.dir/BasicComponents/Src/ShootTask.cpp.obj
                0x08008aa8                Shoot::Count()
 *fill*         0x08008b12        0x2 
 .text._Z41__static_initialization_and_destruction_0ii
                0x08008b14       0x2c CMakeFiles/RM_frame2.elf.dir/BasicComponents/Src/ShootTask.cpp.obj
 .text._GLOBAL__sub_I__ZN5ShootC2Ev
                0x08008b40       0x10 CMakeFiles/RM_frame2.elf.dir/BasicComponents/Src/ShootTask.cpp.obj
 .text.HAL_Init
                0x08008b50       0x44 CMakeFiles/RM_frame2.elf.dir/Drivers/STM32F4xx_HAL_Driver/Src/stm32f4xx_hal.c.obj
                0x08008b50                HAL_Init
 .text.HAL_InitTick
                0x08008b94       0x38 CMakeFiles/RM_frame2.elf.dir/Drivers/STM32F4xx_HAL_Driver/Src/stm32f4xx_hal.c.obj
                0x08008b94                HAL_InitTick
 .text.HAL_IncTick
                0x08008bcc       0x1c CMakeFiles/RM_frame2.elf.dir/Drivers/STM32F4xx_HAL_Driver/Src/stm32f4xx_hal.c.obj
                0x08008bcc                HAL_IncTick
 .text.HAL_GetTick
                0x08008be8       0x14 CMakeFiles/RM_frame2.elf.dir/Drivers/STM32F4xx_HAL_Driver/Src/stm32f4xx_hal.c.obj
                0x08008be8                HAL_GetTick
 .text.HAL_Delay
                0x08008bfc       0x3c CMakeFiles/RM_frame2.elf.dir/Drivers/STM32F4xx_HAL_Driver/Src/stm32f4xx_hal.c.obj
                0x08008bfc                HAL_Delay
 .text.HAL_ADC_Init
                0x08008c38       0x86 CMakeFiles/RM_frame2.elf.dir/Drivers/STM32F4xx_HAL_Driver/Src/stm32f4xx_hal_adc.c.obj
                0x08008c38                HAL_ADC_Init
 .text.HAL_ADC_IRQHandler
                0x08008cbe      0x282 CMakeFiles/RM_frame2.elf.dir/Drivers/STM32F4xx_HAL_Driver/Src/stm32f4xx_hal_adc.c.obj
                0x08008cbe                HAL_ADC_IRQHandler
 .text.HAL_ADC_ConvCpltCallback
                0x08008f40       0x12 CMakeFiles/RM_frame2.elf.dir/Drivers/STM32F4xx_HAL_Driver/Src/stm32f4xx_hal_adc.c.obj
                0x08008f40                HAL_ADC_ConvCpltCallback
 .text.HAL_ADC_LevelOutOfWindowCallback
                0x08008f52       0x12 CMakeFiles/RM_frame2.elf.dir/Drivers/STM32F4xx_HAL_Driver/Src/stm32f4xx_hal_adc.c.obj
                0x08008f52                HAL_ADC_LevelOutOfWindowCallback
 .text.HAL_ADC_ErrorCallback
                0x08008f64       0x12 CMakeFiles/RM_frame2.elf.dir/Drivers/STM32F4xx_HAL_Driver/Src/stm32f4xx_hal_adc.c.obj
                0x08008f64                HAL_ADC_ErrorCallback
 *fill*         0x08008f76        0x2 
 .text.HAL_ADC_ConfigChannel
                0x08008f78      0x24c CMakeFiles/RM_frame2.elf.dir/Drivers/STM32F4xx_HAL_Driver/Src/stm32f4xx_hal_adc.c.obj
                0x08008f78                HAL_ADC_ConfigChannel
 .text.ADC_Init
                0x080091c4      0x1f4 CMakeFiles/RM_frame2.elf.dir/Drivers/STM32F4xx_HAL_Driver/Src/stm32f4xx_hal_adc.c.obj
 .text.HAL_ADCEx_InjectedConvCpltCallback
                0x080093b8       0x12 CMakeFiles/RM_frame2.elf.dir/Drivers/STM32F4xx_HAL_Driver/Src/stm32f4xx_hal_adc_ex.c.obj
                0x080093b8                HAL_ADCEx_InjectedConvCpltCallback
 .text.HAL_CAN_Init
                0x080093ca      0x24a CMakeFiles/RM_frame2.elf.dir/Drivers/STM32F4xx_HAL_Driver/Src/stm32f4xx_hal_can.c.obj
                0x080093ca                HAL_CAN_Init
 .text.HAL_CAN_ConfigFilter
                0x08009614      0x198 CMakeFiles/RM_frame2.elf.dir/Drivers/STM32F4xx_HAL_Driver/Src/stm32f4xx_hal_can.c.obj
                0x08009614                HAL_CAN_ConfigFilter
 .text.HAL_CAN_Transmit_IT
                0x080097ac      0x27c CMakeFiles/RM_frame2.elf.dir/Drivers/STM32F4xx_HAL_Driver/Src/stm32f4xx_hal_can.c.obj
                0x080097ac                HAL_CAN_Transmit_IT
 .text.HAL_CAN_Receive_IT
                0x08009a28      0x176 CMakeFiles/RM_frame2.elf.dir/Drivers/STM32F4xx_HAL_Driver/Src/stm32f4xx_hal_can.c.obj
                0x08009a28                HAL_CAN_Receive_IT
 *fill*         0x08009b9e        0x2 
 .text.HAL_CAN_IRQHandler
                0x08009ba0      0x484 CMakeFiles/RM_frame2.elf.dir/Drivers/STM32F4xx_HAL_Driver/Src/stm32f4xx_hal_can.c.obj
                0x08009ba0                HAL_CAN_IRQHandler
 .text.HAL_CAN_ErrorCallback
                0x0800a024       0x12 CMakeFiles/RM_frame2.elf.dir/Drivers/STM32F4xx_HAL_Driver/Src/stm32f4xx_hal_can.c.obj
                0x0800a024                HAL_CAN_ErrorCallback
 .text.CAN_Transmit_IT
                0x0800a036       0x86 CMakeFiles/RM_frame2.elf.dir/Drivers/STM32F4xx_HAL_Driver/Src/stm32f4xx_hal_can.c.obj
 .text.CAN_Receive_IT
                0x0800a0bc      0x278 CMakeFiles/RM_frame2.elf.dir/Drivers/STM32F4xx_HAL_Driver/Src/stm32f4xx_hal_can.c.obj
 .text.NVIC_SetPriorityGrouping
                0x0800a334       0x48 CMakeFiles/RM_frame2.elf.dir/Drivers/STM32F4xx_HAL_Driver/Src/stm32f4xx_hal_cortex.c.obj
 .text.NVIC_GetPriorityGrouping
                0x0800a37c       0x1c CMakeFiles/RM_frame2.elf.dir/Drivers/STM32F4xx_HAL_Driver/Src/stm32f4xx_hal_cortex.c.obj
 .text.NVIC_EnableIRQ
                0x0800a398       0x30 CMakeFiles/RM_frame2.elf.dir/Drivers/STM32F4xx_HAL_Driver/Src/stm32f4xx_hal_cortex.c.obj
 .text.NVIC_DisableIRQ
                0x0800a3c8       0x34 CMakeFiles/RM_frame2.elf.dir/Drivers/STM32F4xx_HAL_Driver/Src/stm32f4xx_hal_cortex.c.obj
 .text.NVIC_SetPriority
                0x0800a3fc       0x54 CMakeFiles/RM_frame2.elf.dir/Drivers/STM32F4xx_HAL_Driver/Src/stm32f4xx_hal_cortex.c.obj
 .text.NVIC_EncodePriority
                0x0800a450       0x64 CMakeFiles/RM_frame2.elf.dir/Drivers/STM32F4xx_HAL_Driver/Src/stm32f4xx_hal_cortex.c.obj
 .text.SysTick_Config
                0x0800a4b4       0x44 CMakeFiles/RM_frame2.elf.dir/Drivers/STM32F4xx_HAL_Driver/Src/stm32f4xx_hal_cortex.c.obj
 .text.HAL_NVIC_SetPriorityGrouping
                0x0800a4f8       0x16 CMakeFiles/RM_frame2.elf.dir/Drivers/STM32F4xx_HAL_Driver/Src/stm32f4xx_hal_cortex.c.obj
                0x0800a4f8                HAL_NVIC_SetPriorityGrouping
 .text.HAL_NVIC_SetPriority
                0x0800a50e       0x38 CMakeFiles/RM_frame2.elf.dir/Drivers/STM32F4xx_HAL_Driver/Src/stm32f4xx_hal_cortex.c.obj
                0x0800a50e                HAL_NVIC_SetPriority
 .text.HAL_NVIC_EnableIRQ
                0x0800a546       0x1c CMakeFiles/RM_frame2.elf.dir/Drivers/STM32F4xx_HAL_Driver/Src/stm32f4xx_hal_cortex.c.obj
                0x0800a546                HAL_NVIC_EnableIRQ
 .text.HAL_NVIC_DisableIRQ
                0x0800a562       0x1c CMakeFiles/RM_frame2.elf.dir/Drivers/STM32F4xx_HAL_Driver/Src/stm32f4xx_hal_cortex.c.obj
                0x0800a562                HAL_NVIC_DisableIRQ
 .text.HAL_SYSTICK_Config
                0x0800a57e       0x18 CMakeFiles/RM_frame2.elf.dir/Drivers/STM32F4xx_HAL_Driver/Src/stm32f4xx_hal_cortex.c.obj
                0x0800a57e                HAL_SYSTICK_Config
 *fill*         0x0800a596        0x2 
 .text.HAL_SYSTICK_CLKSourceConfig
                0x0800a598       0x38 CMakeFiles/RM_frame2.elf.dir/Drivers/STM32F4xx_HAL_Driver/Src/stm32f4xx_hal_cortex.c.obj
                0x0800a598                HAL_SYSTICK_CLKSourceConfig
 .text.HAL_SYSTICK_IRQHandler
                0x0800a5d0        0xc CMakeFiles/RM_frame2.elf.dir/Drivers/STM32F4xx_HAL_Driver/Src/stm32f4xx_hal_cortex.c.obj
                0x0800a5d0                HAL_SYSTICK_IRQHandler
 .text.HAL_SYSTICK_Callback
                0x0800a5dc        0xc CMakeFiles/RM_frame2.elf.dir/Drivers/STM32F4xx_HAL_Driver/Src/stm32f4xx_hal_cortex.c.obj
                0x0800a5dc                HAL_SYSTICK_Callback
 .text.HAL_DAC_Init
                0x0800a5e8       0x44 CMakeFiles/RM_frame2.elf.dir/Drivers/STM32F4xx_HAL_Driver/Src/stm32f4xx_hal_dac.c.obj
                0x0800a5e8                HAL_DAC_Init
 .text.HAL_DAC_IRQHandler
                0x0800a62c       0x94 CMakeFiles/RM_frame2.elf.dir/Drivers/STM32F4xx_HAL_Driver/Src/stm32f4xx_hal_dac.c.obj
                0x0800a62c                HAL_DAC_IRQHandler
 .text.HAL_DAC_DMAUnderrunCallbackCh1
                0x0800a6c0       0x12 CMakeFiles/RM_frame2.elf.dir/Drivers/STM32F4xx_HAL_Driver/Src/stm32f4xx_hal_dac.c.obj
                0x0800a6c0                HAL_DAC_DMAUnderrunCallbackCh1
 .text.HAL_DAC_ConfigChannel
                0x0800a6d2       0x98 CMakeFiles/RM_frame2.elf.dir/Drivers/STM32F4xx_HAL_Driver/Src/stm32f4xx_hal_dac.c.obj
                0x0800a6d2                HAL_DAC_ConfigChannel
 .text.HAL_DACEx_DMAUnderrunCallbackCh2
                0x0800a76a       0x12 CMakeFiles/RM_frame2.elf.dir/Drivers/STM32F4xx_HAL_Driver/Src/stm32f4xx_hal_dac_ex.c.obj
                0x0800a76a                HAL_DACEx_DMAUnderrunCallbackCh2
 .text.HAL_DMA_Init
                0x0800a77c      0x15c CMakeFiles/RM_frame2.elf.dir/Drivers/STM32F4xx_HAL_Driver/Src/stm32f4xx_hal_dma.c.obj
                0x0800a77c                HAL_DMA_Init
 .text.HAL_DMA_Start_IT
                0x0800a8d8       0xc0 CMakeFiles/RM_frame2.elf.dir/Drivers/STM32F4xx_HAL_Driver/Src/stm32f4xx_hal_dma.c.obj
                0x0800a8d8                HAL_DMA_Start_IT
 .text.HAL_DMA_Abort
                0x0800a998       0xe0 CMakeFiles/RM_frame2.elf.dir/Drivers/STM32F4xx_HAL_Driver/Src/stm32f4xx_hal_dma.c.obj
                0x0800a998                HAL_DMA_Abort
 .text.HAL_DMA_Abort_IT
                0x0800aa78       0x42 CMakeFiles/RM_frame2.elf.dir/Drivers/STM32F4xx_HAL_Driver/Src/stm32f4xx_hal_dma.c.obj
                0x0800aa78                HAL_DMA_Abort_IT
 *fill*         0x0800aaba        0x2 
 .text.HAL_DMA_IRQHandler
                0x0800aabc      0x314 CMakeFiles/RM_frame2.elf.dir/Drivers/STM32F4xx_HAL_Driver/Src/stm32f4xx_hal_dma.c.obj
                0x0800aabc                HAL_DMA_IRQHandler
 .text.DMA_SetConfig
                0x0800add0       0x5a CMakeFiles/RM_frame2.elf.dir/Drivers/STM32F4xx_HAL_Driver/Src/stm32f4xx_hal_dma.c.obj
 *fill*         0x0800ae2a        0x2 
 .text.DMA_CalcBaseAndBitshift
                0x0800ae2c       0x68 CMakeFiles/RM_frame2.elf.dir/Drivers/STM32F4xx_HAL_Driver/Src/stm32f4xx_hal_dma.c.obj
 .text.DMA_CheckFifoParam
                0x0800ae94       0xf4 CMakeFiles/RM_frame2.elf.dir/Drivers/STM32F4xx_HAL_Driver/Src/stm32f4xx_hal_dma.c.obj
 .text.HAL_GPIO_Init
                0x0800af88      0x354 CMakeFiles/RM_frame2.elf.dir/Drivers/STM32F4xx_HAL_Driver/Src/stm32f4xx_hal_gpio.c.obj
                0x0800af88                HAL_GPIO_Init
 .text.HAL_GPIO_WritePin
                0x0800b2dc       0x30 CMakeFiles/RM_frame2.elf.dir/Drivers/STM32F4xx_HAL_Driver/Src/stm32f4xx_hal_gpio.c.obj
                0x0800b2dc                HAL_GPIO_WritePin
 .text.HAL_GPIO_TogglePin
                0x0800b30c       0x22 CMakeFiles/RM_frame2.elf.dir/Drivers/STM32F4xx_HAL_Driver/Src/stm32f4xx_hal_gpio.c.obj
                0x0800b30c                HAL_GPIO_TogglePin
 *fill*         0x0800b32e        0x2 
 .text.HAL_GPIO_EXTI_IRQHandler
                0x0800b330       0x30 CMakeFiles/RM_frame2.elf.dir/Drivers/STM32F4xx_HAL_Driver/Src/stm32f4xx_hal_gpio.c.obj
                0x0800b330                HAL_GPIO_EXTI_IRQHandler
 .text.HAL_GPIO_EXTI_Callback
                0x0800b360       0x14 CMakeFiles/RM_frame2.elf.dir/Drivers/STM32F4xx_HAL_Driver/Src/stm32f4xx_hal_gpio.c.obj
                0x0800b360                HAL_GPIO_EXTI_Callback
 .text.HAL_IWDG_Refresh
                0x0800b374       0x1e CMakeFiles/RM_frame2.elf.dir/Drivers/STM32F4xx_HAL_Driver/Src/stm32f4xx_hal_iwdg.c.obj
                0x0800b374                HAL_IWDG_Refresh
 *fill*         0x0800b392        0x2 
 .text.HAL_RCC_OscConfig
                0x0800b394      0x450 CMakeFiles/RM_frame2.elf.dir/Drivers/STM32F4xx_HAL_Driver/Src/stm32f4xx_hal_rcc.c.obj
                0x0800b394                HAL_RCC_OscConfig
 .text.HAL_RCC_ClockConfig
                0x0800b7e4      0x1c4 CMakeFiles/RM_frame2.elf.dir/Drivers/STM32F4xx_HAL_Driver/Src/stm32f4xx_hal_rcc.c.obj
                0x0800b7e4                HAL_RCC_ClockConfig
 .text.HAL_RCC_GetSysClockFreq
                0x0800b9a8      0x16c CMakeFiles/RM_frame2.elf.dir/Drivers/STM32F4xx_HAL_Driver/Src/stm32f4xx_hal_rcc.c.obj
                0x0800b9a8                HAL_RCC_GetSysClockFreq
 .text.HAL_RCC_GetHCLKFreq
                0x0800bb14       0x14 CMakeFiles/RM_frame2.elf.dir/Drivers/STM32F4xx_HAL_Driver/Src/stm32f4xx_hal_rcc.c.obj
                0x0800bb14                HAL_RCC_GetHCLKFreq
 .text.HAL_RCC_GetPCLK1Freq
                0x0800bb28       0x28 CMakeFiles/RM_frame2.elf.dir/Drivers/STM32F4xx_HAL_Driver/Src/stm32f4xx_hal_rcc.c.obj
                0x0800bb28                HAL_RCC_GetPCLK1Freq
 .text.HAL_RCC_GetPCLK2Freq
                0x0800bb50       0x28 CMakeFiles/RM_frame2.elf.dir/Drivers/STM32F4xx_HAL_Driver/Src/stm32f4xx_hal_rcc.c.obj
                0x0800bb50                HAL_RCC_GetPCLK2Freq
 .text.HAL_SPI_Init
                0x0800bb78       0xc8 CMakeFiles/RM_frame2.elf.dir/Drivers/STM32F4xx_HAL_Driver/Src/stm32f4xx_hal_spi.c.obj
                0x0800bb78                HAL_SPI_Init
 .text.HAL_SPI_TransmitReceive
                0x0800bc40      0x340 CMakeFiles/RM_frame2.elf.dir/Drivers/STM32F4xx_HAL_Driver/Src/stm32f4xx_hal_spi.c.obj
                0x0800bc40                HAL_SPI_TransmitReceive
 .text.SPI_WaitFlagStateUntilTimeout
                0x0800bf80       0xd2 CMakeFiles/RM_frame2.elf.dir/Drivers/STM32F4xx_HAL_Driver/Src/stm32f4xx_hal_spi.c.obj
 .text.SPI_CheckFlag_BSY
                0x0800c052       0x3c CMakeFiles/RM_frame2.elf.dir/Drivers/STM32F4xx_HAL_Driver/Src/stm32f4xx_hal_spi.c.obj
 .text.HAL_TIM_Base_Init
                0x0800c08e       0x56 CMakeFiles/RM_frame2.elf.dir/Drivers/STM32F4xx_HAL_Driver/Src/stm32f4xx_hal_tim.c.obj
                0x0800c08e                HAL_TIM_Base_Init
 .text.HAL_TIM_Base_Start_IT
                0x0800c0e4       0x34 CMakeFiles/RM_frame2.elf.dir/Drivers/STM32F4xx_HAL_Driver/Src/stm32f4xx_hal_tim.c.obj
                0x0800c0e4                HAL_TIM_Base_Start_IT
 .text.HAL_TIM_PWM_Init
                0x0800c118       0x56 CMakeFiles/RM_frame2.elf.dir/Drivers/STM32F4xx_HAL_Driver/Src/stm32f4xx_hal_tim.c.obj
                0x0800c118                HAL_TIM_PWM_Init
 *fill*         0x0800c16e        0x2 
 .text.HAL_TIM_PWM_Start
                0x0800c170       0x68 CMakeFiles/RM_frame2.elf.dir/Drivers/STM32F4xx_HAL_Driver/Src/stm32f4xx_hal_tim.c.obj
                0x0800c170                HAL_TIM_PWM_Start
 .text.HAL_TIM_IRQHandler
                0x0800c1d8      0x210 CMakeFiles/RM_frame2.elf.dir/Drivers/STM32F4xx_HAL_Driver/Src/stm32f4xx_hal_tim.c.obj
                0x0800c1d8                HAL_TIM_IRQHandler
 .text.HAL_TIM_PWM_ConfigChannel
                0x0800c3e8      0x18c CMakeFiles/RM_frame2.elf.dir/Drivers/STM32F4xx_HAL_Driver/Src/stm32f4xx_hal_tim.c.obj
                0x0800c3e8                HAL_TIM_PWM_ConfigChannel
 .text.HAL_TIM_ConfigClockSource
                0x0800c574      0x1d6 CMakeFiles/RM_frame2.elf.dir/Drivers/STM32F4xx_HAL_Driver/Src/stm32f4xx_hal_tim.c.obj
                0x0800c574                HAL_TIM_ConfigClockSource
 .text.HAL_TIM_OC_DelayElapsedCallback
                0x0800c74a       0x12 CMakeFiles/RM_frame2.elf.dir/Drivers/STM32F4xx_HAL_Driver/Src/stm32f4xx_hal_tim.c.obj
                0x0800c74a                HAL_TIM_OC_DelayElapsedCallback
 .text.HAL_TIM_IC_CaptureCallback
                0x0800c75c       0x12 CMakeFiles/RM_frame2.elf.dir/Drivers/STM32F4xx_HAL_Driver/Src/stm32f4xx_hal_tim.c.obj
                0x0800c75c                HAL_TIM_IC_CaptureCallback
 .text.HAL_TIM_PWM_PulseFinishedCallback
                0x0800c76e       0x12 CMakeFiles/RM_frame2.elf.dir/Drivers/STM32F4xx_HAL_Driver/Src/stm32f4xx_hal_tim.c.obj
                0x0800c76e                HAL_TIM_PWM_PulseFinishedCallback
 .text.HAL_TIM_TriggerCallback
                0x0800c780       0x12 CMakeFiles/RM_frame2.elf.dir/Drivers/STM32F4xx_HAL_Driver/Src/stm32f4xx_hal_tim.c.obj
                0x0800c780                HAL_TIM_TriggerCallback
 *fill*         0x0800c792        0x2 
 .text.TIM_Base_SetConfig
                0x0800c794      0x150 CMakeFiles/RM_frame2.elf.dir/Drivers/STM32F4xx_HAL_Driver/Src/stm32f4xx_hal_tim.c.obj
                0x0800c794                TIM_Base_SetConfig
 .text.TIM_OC2_SetConfig
                0x0800c8e4       0xf0 CMakeFiles/RM_frame2.elf.dir/Drivers/STM32F4xx_HAL_Driver/Src/stm32f4xx_hal_tim.c.obj
                0x0800c8e4                TIM_OC2_SetConfig
 .text.TIM_CCxChannelCmd
                0x0800c9d4       0x44 CMakeFiles/RM_frame2.elf.dir/Drivers/STM32F4xx_HAL_Driver/Src/stm32f4xx_hal_tim.c.obj
                0x0800c9d4                TIM_CCxChannelCmd
 .text.TIM_OC1_SetConfig
                0x0800ca18       0xe4 CMakeFiles/RM_frame2.elf.dir/Drivers/STM32F4xx_HAL_Driver/Src/stm32f4xx_hal_tim.c.obj
 .text.TIM_OC3_SetConfig
                0x0800cafc       0xec CMakeFiles/RM_frame2.elf.dir/Drivers/STM32F4xx_HAL_Driver/Src/stm32f4xx_hal_tim.c.obj
 .text.TIM_OC4_SetConfig
                0x0800cbe8       0xc0 CMakeFiles/RM_frame2.elf.dir/Drivers/STM32F4xx_HAL_Driver/Src/stm32f4xx_hal_tim.c.obj
 .text.TIM_TI1_ConfigInputStage
                0x0800cca8       0x64 CMakeFiles/RM_frame2.elf.dir/Drivers/STM32F4xx_HAL_Driver/Src/stm32f4xx_hal_tim.c.obj
 .text.TIM_TI2_ConfigInputStage
                0x0800cd0c       0x66 CMakeFiles/RM_frame2.elf.dir/Drivers/STM32F4xx_HAL_Driver/Src/stm32f4xx_hal_tim.c.obj
 .text.TIM_ITRx_SetConfig
                0x0800cd72       0x3e CMakeFiles/RM_frame2.elf.dir/Drivers/STM32F4xx_HAL_Driver/Src/stm32f4xx_hal_tim.c.obj
 .text.TIM_ETR_SetConfig
                0x0800cdb0       0x42 CMakeFiles/RM_frame2.elf.dir/Drivers/STM32F4xx_HAL_Driver/Src/stm32f4xx_hal_tim.c.obj
 .text.HAL_TIMEx_MasterConfigSynchronization
                0x0800cdf2       0x88 CMakeFiles/RM_frame2.elf.dir/Drivers/STM32F4xx_HAL_Driver/Src/stm32f4xx_hal_tim_ex.c.obj
                0x0800cdf2                HAL_TIMEx_MasterConfigSynchronization
 .text.HAL_TIMEx_ConfigBreakDeadTime
                0x0800ce7a       0xb0 CMakeFiles/RM_frame2.elf.dir/Drivers/STM32F4xx_HAL_Driver/Src/stm32f4xx_hal_tim_ex.c.obj
                0x0800ce7a                HAL_TIMEx_ConfigBreakDeadTime
 .text.HAL_TIMEx_CommutationCallback
                0x0800cf2a       0x12 CMakeFiles/RM_frame2.elf.dir/Drivers/STM32F4xx_HAL_Driver/Src/stm32f4xx_hal_tim_ex.c.obj
                0x0800cf2a                HAL_TIMEx_CommutationCallback
 .text.HAL_TIMEx_BreakCallback
                0x0800cf3c       0x12 CMakeFiles/RM_frame2.elf.dir/Drivers/STM32F4xx_HAL_Driver/Src/stm32f4xx_hal_tim_ex.c.obj
                0x0800cf3c                HAL_TIMEx_BreakCallback
 .text.HAL_UART_Init
                0x0800cf4e       0x9a CMakeFiles/RM_frame2.elf.dir/Drivers/STM32F4xx_HAL_Driver/Src/stm32f4xx_hal_uart.c.obj
                0x0800cf4e                HAL_UART_Init
 .text.HAL_UART_Receive_IT
                0x0800cfe8       0x98 CMakeFiles/RM_frame2.elf.dir/Drivers/STM32F4xx_HAL_Driver/Src/stm32f4xx_hal_uart.c.obj
                0x0800cfe8                HAL_UART_Receive_IT
 .text.HAL_UART_Receive_DMA
                0x0800d080      0x100 CMakeFiles/RM_frame2.elf.dir/Drivers/STM32F4xx_HAL_Driver/Src/stm32f4xx_hal_uart.c.obj
                0x0800d080                HAL_UART_Receive_DMA
 .text.HAL_UART_AbortReceive
                0x0800d180       0x78 CMakeFiles/RM_frame2.elf.dir/Drivers/STM32F4xx_HAL_Driver/Src/stm32f4xx_hal_uart.c.obj
                0x0800d180                HAL_UART_AbortReceive
 .text.HAL_UART_IRQHandler
                0x0800d1f8      0x1f4 CMakeFiles/RM_frame2.elf.dir/Drivers/STM32F4xx_HAL_Driver/Src/stm32f4xx_hal_uart.c.obj
                0x0800d1f8                HAL_UART_IRQHandler
 .text.HAL_UART_TxCpltCallback
                0x0800d3ec       0x12 CMakeFiles/RM_frame2.elf.dir/Drivers/STM32F4xx_HAL_Driver/Src/stm32f4xx_hal_uart.c.obj
                0x0800d3ec                HAL_UART_TxCpltCallback
 .text.HAL_UART_RxHalfCpltCallback
                0x0800d3fe       0x12 CMakeFiles/RM_frame2.elf.dir/Drivers/STM32F4xx_HAL_Driver/Src/stm32f4xx_hal_uart.c.obj
                0x0800d3fe                HAL_UART_RxHalfCpltCallback
 .text.HAL_UART_ErrorCallback
                0x0800d410       0x12 CMakeFiles/RM_frame2.elf.dir/Drivers/STM32F4xx_HAL_Driver/Src/stm32f4xx_hal_uart.c.obj
                0x0800d410                HAL_UART_ErrorCallback
 .text.UART_DMAReceiveCplt
                0x0800d422       0x68 CMakeFiles/RM_frame2.elf.dir/Drivers/STM32F4xx_HAL_Driver/Src/stm32f4xx_hal_uart.c.obj
 .text.UART_DMARxHalfCplt
                0x0800d48a       0x1c CMakeFiles/RM_frame2.elf.dir/Drivers/STM32F4xx_HAL_Driver/Src/stm32f4xx_hal_uart.c.obj
 .text.UART_DMAError
                0x0800d4a6       0x94 CMakeFiles/RM_frame2.elf.dir/Drivers/STM32F4xx_HAL_Driver/Src/stm32f4xx_hal_uart.c.obj
 .text.UART_EndTxTransfer
                0x0800d53a       0x2a CMakeFiles/RM_frame2.elf.dir/Drivers/STM32F4xx_HAL_Driver/Src/stm32f4xx_hal_uart.c.obj
 .text.UART_EndRxTransfer
                0x0800d564       0x3a CMakeFiles/RM_frame2.elf.dir/Drivers/STM32F4xx_HAL_Driver/Src/stm32f4xx_hal_uart.c.obj
 .text.UART_DMAAbortOnError
                0x0800d59e       0x28 CMakeFiles/RM_frame2.elf.dir/Drivers/STM32F4xx_HAL_Driver/Src/stm32f4xx_hal_uart.c.obj
 .text.UART_Transmit_IT
                0x0800d5c6       0xaa CMakeFiles/RM_frame2.elf.dir/Drivers/STM32F4xx_HAL_Driver/Src/stm32f4xx_hal_uart.c.obj
 .text.UART_EndTransmit_IT
                0x0800d670       0x30 CMakeFiles/RM_frame2.elf.dir/Drivers/STM32F4xx_HAL_Driver/Src/stm32f4xx_hal_uart.c.obj
 .text.UART_Receive_IT
                0x0800d6a0       0xf2 CMakeFiles/RM_frame2.elf.dir/Drivers/STM32F4xx_HAL_Driver/Src/stm32f4xx_hal_uart.c.obj
 *fill*         0x0800d792        0x2 
 .text.UART_SetConfig
                0x0800d794      0x438 CMakeFiles/RM_frame2.elf.dir/Drivers/STM32F4xx_HAL_Driver/Src/stm32f4xx_hal_uart.c.obj
 .text.MX_ADC1_Init
                0x0800dbcc      0x100 CMakeFiles/RM_frame2.elf.dir/Src/adc.c.obj
                0x0800dbcc                MX_ADC1_Init
 .text.MX_ADC2_Init
                0x0800dccc       0xa0 CMakeFiles/RM_frame2.elf.dir/Src/adc.c.obj
                0x0800dccc                MX_ADC2_Init
 .text.HAL_ADC_MspInit
                0x0800dd6c      0x1bc CMakeFiles/RM_frame2.elf.dir/Src/adc.c.obj
                0x0800dd6c                HAL_ADC_MspInit
 .text.MX_CAN1_Init
                0x0800df28       0x74 CMakeFiles/RM_frame2.elf.dir/Src/can.c.obj
                0x0800df28                MX_CAN1_Init
 .text.MX_CAN2_Init
                0x0800df9c       0x74 CMakeFiles/RM_frame2.elf.dir/Src/can.c.obj
                0x0800df9c                MX_CAN2_Init
 .text.HAL_CAN_MspInit
                0x0800e010      0x138 CMakeFiles/RM_frame2.elf.dir/Src/can.c.obj
                0x0800e010                HAL_CAN_MspInit
 .text.MX_DAC_Init
                0x0800e148       0x70 CMakeFiles/RM_frame2.elf.dir/Src/dac.c.obj
                0x0800e148                MX_DAC_Init
 .text.HAL_DAC_MspInit
                0x0800e1b8       0x6c CMakeFiles/RM_frame2.elf.dir/Src/dac.c.obj
                0x0800e1b8                HAL_DAC_MspInit
 .text.MX_DMA_Init
                0x0800e224       0xdc CMakeFiles/RM_frame2.elf.dir/Src/dma.c.obj
                0x0800e224                MX_DMA_Init
 .text.MX_GPIO_Init
                0x0800e300      0x2c4 CMakeFiles/RM_frame2.elf.dir/Src/gpio.c.obj
                0x0800e300                MX_GPIO_Init
 .text.main     0x0800e5c4      0x13c CMakeFiles/RM_frame2.elf.dir/Src/main.cpp.obj
                0x0800e5c4                main
 .text._Z18SystemClock_Configv
                0x0800e700      0x104 CMakeFiles/RM_frame2.elf.dir/Src/main.cpp.obj
                0x0800e700                SystemClock_Config()
 .text._Error_Handler
                0x0800e804        0xc CMakeFiles/RM_frame2.elf.dir/Src/main.cpp.obj
                0x0800e804                _Error_Handler
 .text.MX_SPI5_Init
                0x0800e810       0x74 CMakeFiles/RM_frame2.elf.dir/Src/spi.c.obj
                0x0800e810                MX_SPI5_Init
 .text.HAL_SPI_MspInit
                0x0800e884       0x64 CMakeFiles/RM_frame2.elf.dir/Src/spi.c.obj
                0x0800e884                HAL_SPI_MspInit
 .text.HAL_MspInit
                0x0800e8e8       0x62 CMakeFiles/RM_frame2.elf.dir/Src/stm32f4xx_hal_msp.c.obj
                0x0800e8e8                HAL_MspInit
 .text.NMI_Handler
                0x0800e94a        0xc CMakeFiles/RM_frame2.elf.dir/Src/stm32f4xx_it.c.obj
                0x0800e94a                NMI_Handler
 .text.HardFault_Handler
                0x0800e956        0x6 CMakeFiles/RM_frame2.elf.dir/Src/stm32f4xx_it.c.obj
                0x0800e956                HardFault_Handler
 .text.MemManage_Handler
                0x0800e95c        0x6 CMakeFiles/RM_frame2.elf.dir/Src/stm32f4xx_it.c.obj
                0x0800e95c                MemManage_Handler
 .text.BusFault_Handler
                0x0800e962        0x6 CMakeFiles/RM_frame2.elf.dir/Src/stm32f4xx_it.c.obj
                0x0800e962                BusFault_Handler
 .text.UsageFault_Handler
                0x0800e968        0x6 CMakeFiles/RM_frame2.elf.dir/Src/stm32f4xx_it.c.obj
                0x0800e968                UsageFault_Handler
 .text.SVC_Handler
                0x0800e96e        0xc CMakeFiles/RM_frame2.elf.dir/Src/stm32f4xx_it.c.obj
                0x0800e96e                SVC_Handler
 .text.DebugMon_Handler
                0x0800e97a        0xc CMakeFiles/RM_frame2.elf.dir/Src/stm32f4xx_it.c.obj
                0x0800e97a                DebugMon_Handler
 .text.PendSV_Handler
                0x0800e986        0xc CMakeFiles/RM_frame2.elf.dir/Src/stm32f4xx_it.c.obj
                0x0800e986                PendSV_Handler
 .text.SysTick_Handler
                0x0800e992       0x10 CMakeFiles/RM_frame2.elf.dir/Src/stm32f4xx_it.c.obj
                0x0800e992                SysTick_Handler
 .text.EXTI2_IRQHandler
                0x0800e9a2        0xe CMakeFiles/RM_frame2.elf.dir/Src/stm32f4xx_it.c.obj
                0x0800e9a2                EXTI2_IRQHandler
 .text.DMA1_Stream1_IRQHandler
                0x0800e9b0       0x14 CMakeFiles/RM_frame2.elf.dir/Src/stm32f4xx_it.c.obj
                0x0800e9b0                DMA1_Stream1_IRQHandler
 .text.DMA1_Stream3_IRQHandler
                0x0800e9c4       0x14 CMakeFiles/RM_frame2.elf.dir/Src/stm32f4xx_it.c.obj
                0x0800e9c4                DMA1_Stream3_IRQHandler
 .text.DMA1_Stream5_IRQHandler
                0x0800e9d8       0x14 CMakeFiles/RM_frame2.elf.dir/Src/stm32f4xx_it.c.obj
                0x0800e9d8                DMA1_Stream5_IRQHandler
 .text.DMA1_Stream6_IRQHandler
                0x0800e9ec       0x14 CMakeFiles/RM_frame2.elf.dir/Src/stm32f4xx_it.c.obj
                0x0800e9ec                DMA1_Stream6_IRQHandler
 .text.ADC_IRQHandler
                0x0800ea00       0x1c CMakeFiles/RM_frame2.elf.dir/Src/stm32f4xx_it.c.obj
                0x0800ea00                ADC_IRQHandler
 .text.CAN1_TX_IRQHandler
                0x0800ea1c       0x14 CMakeFiles/RM_frame2.elf.dir/Src/stm32f4xx_it.c.obj
                0x0800ea1c                CAN1_TX_IRQHandler
 .text.CAN1_RX0_IRQHandler
                0x0800ea30       0x14 CMakeFiles/RM_frame2.elf.dir/Src/stm32f4xx_it.c.obj
                0x0800ea30                CAN1_RX0_IRQHandler
 .text.TIM1_UP_TIM10_IRQHandler
                0x0800ea44       0x14 CMakeFiles/RM_frame2.elf.dir/Src/stm32f4xx_it.c.obj
                0x0800ea44                TIM1_UP_TIM10_IRQHandler
 .text.USART1_IRQHandler
                0x0800ea58       0x14 CMakeFiles/RM_frame2.elf.dir/Src/stm32f4xx_it.c.obj
                0x0800ea58                USART1_IRQHandler
 .text.USART2_IRQHandler
                0x0800ea6c       0x14 CMakeFiles/RM_frame2.elf.dir/Src/stm32f4xx_it.c.obj
                0x0800ea6c                USART2_IRQHandler
 .text.USART3_IRQHandler
                0x0800ea80       0x14 CMakeFiles/RM_frame2.elf.dir/Src/stm32f4xx_it.c.obj
                0x0800ea80                USART3_IRQHandler
 .text.TIM6_DAC_IRQHandler
                0x0800ea94       0x1c CMakeFiles/RM_frame2.elf.dir/Src/stm32f4xx_it.c.obj
                0x0800ea94                TIM6_DAC_IRQHandler
 .text.TIM7_IRQHandler
                0x0800eab0       0x14 CMakeFiles/RM_frame2.elf.dir/Src/stm32f4xx_it.c.obj
                0x0800eab0                TIM7_IRQHandler
 .text.DMA2_Stream0_IRQHandler
                0x0800eac4       0x14 CMakeFiles/RM_frame2.elf.dir/Src/stm32f4xx_it.c.obj
                0x0800eac4                DMA2_Stream0_IRQHandler
 .text.DMA2_Stream1_IRQHandler
                0x0800ead8       0x14 CMakeFiles/RM_frame2.elf.dir/Src/stm32f4xx_it.c.obj
                0x0800ead8                DMA2_Stream1_IRQHandler
 .text.DMA2_Stream2_IRQHandler
                0x0800eaec       0x14 CMakeFiles/RM_frame2.elf.dir/Src/stm32f4xx_it.c.obj
                0x0800eaec                DMA2_Stream2_IRQHandler
 .text.DMA2_Stream3_IRQHandler
                0x0800eb00       0x14 CMakeFiles/RM_frame2.elf.dir/Src/stm32f4xx_it.c.obj
                0x0800eb00                DMA2_Stream3_IRQHandler
 .text.CAN2_TX_IRQHandler
                0x0800eb14       0x14 CMakeFiles/RM_frame2.elf.dir/Src/stm32f4xx_it.c.obj
                0x0800eb14                CAN2_TX_IRQHandler
 .text.CAN2_RX0_IRQHandler
                0x0800eb28       0x14 CMakeFiles/RM_frame2.elf.dir/Src/stm32f4xx_it.c.obj
                0x0800eb28                CAN2_RX0_IRQHandler
 .text.DMA2_Stream6_IRQHandler
                0x0800eb3c       0x14 CMakeFiles/RM_frame2.elf.dir/Src/stm32f4xx_it.c.obj
                0x0800eb3c                DMA2_Stream6_IRQHandler
 .text.USART6_IRQHandler
                0x0800eb50       0x14 CMakeFiles/RM_frame2.elf.dir/Src/stm32f4xx_it.c.obj
                0x0800eb50                USART6_IRQHandler
 .text.UART7_IRQHandler
                0x0800eb64       0x14 CMakeFiles/RM_frame2.elf.dir/Src/stm32f4xx_it.c.obj
                0x0800eb64                UART7_IRQHandler
 .text.UART8_IRQHandler
                0x0800eb78       0x14 CMakeFiles/RM_frame2.elf.dir/Src/stm32f4xx_it.c.obj
                0x0800eb78                UART8_IRQHandler
 .text._getpid  0x0800eb8c        0xe CMakeFiles/RM_frame2.elf.dir/Src/syscalls.c.obj
                0x0800eb8c                _getpid
 .text._kill    0x0800eb9a       0x20 CMakeFiles/RM_frame2.elf.dir/Src/syscalls.c.obj
                0x0800eb9a                _kill
 .text._exit    0x0800ebba       0x14 CMakeFiles/RM_frame2.elf.dir/Src/syscalls.c.obj
                0x0800ebba                _exit
 *fill*         0x0800ebce        0x2 
 .text.SystemInit
                0x0800ebd0       0x5c CMakeFiles/RM_frame2.elf.dir/Src/system_stm32f4xx.c.obj
                0x0800ebd0                SystemInit
 .text.MX_TIM2_Init
                0x0800ec2c       0xec CMakeFiles/RM_frame2.elf.dir/Src/tim.c.obj
                0x0800ec2c                MX_TIM2_Init
 .text.MX_TIM3_Init
                0x0800ed18       0xa0 CMakeFiles/RM_frame2.elf.dir/Src/tim.c.obj
                0x0800ed18                MX_TIM3_Init
 .text.MX_TIM5_Init
                0x0800edb8       0xa4 CMakeFiles/RM_frame2.elf.dir/Src/tim.c.obj
                0x0800edb8                MX_TIM5_Init
 .text.MX_TIM6_Init
                0x0800ee5c       0x68 CMakeFiles/RM_frame2.elf.dir/Src/tim.c.obj
                0x0800ee5c                MX_TIM6_Init
 .text.MX_TIM7_Init
                0x0800eec4       0x68 CMakeFiles/RM_frame2.elf.dir/Src/tim.c.obj
                0x0800eec4                MX_TIM7_Init
 .text.MX_TIM8_Init
                0x0800ef2c      0x10c CMakeFiles/RM_frame2.elf.dir/Src/tim.c.obj
                0x0800ef2c                MX_TIM8_Init
 .text.MX_TIM10_Init
                0x0800f038       0x4c CMakeFiles/RM_frame2.elf.dir/Src/tim.c.obj
                0x0800f038                MX_TIM10_Init
 .text.MX_TIM12_Init
                0x0800f084       0xbc CMakeFiles/RM_frame2.elf.dir/Src/tim.c.obj
                0x0800f084                MX_TIM12_Init
 .text.HAL_TIM_Base_MspInit
                0x0800f140      0x11c CMakeFiles/RM_frame2.elf.dir/Src/tim.c.obj
                0x0800f140                HAL_TIM_Base_MspInit
 .text.HAL_TIM_PWM_MspInit
                0x0800f25c       0x98 CMakeFiles/RM_frame2.elf.dir/Src/tim.c.obj
                0x0800f25c                HAL_TIM_PWM_MspInit
 .text.HAL_TIM_MspPostInit
                0x0800f2f4      0x10c CMakeFiles/RM_frame2.elf.dir/Src/tim.c.obj
                0x0800f2f4                HAL_TIM_MspPostInit
 .text.MX_UART5_Init
                0x0800f400       0x5c CMakeFiles/RM_frame2.elf.dir/Src/usart.c.obj
                0x0800f400                MX_UART5_Init
 .text.MX_UART7_Init
                0x0800f45c       0x5c CMakeFiles/RM_frame2.elf.dir/Src/usart.c.obj
                0x0800f45c                MX_UART7_Init
 .text.MX_UART8_Init
                0x0800f4b8       0x5c CMakeFiles/RM_frame2.elf.dir/Src/usart.c.obj
                0x0800f4b8                MX_UART8_Init
 .text.MX_USART1_UART_Init
                0x0800f514       0x60 CMakeFiles/RM_frame2.elf.dir/Src/usart.c.obj
                0x0800f514                MX_USART1_UART_Init
 .text.MX_USART2_UART_Init
                0x0800f574       0x5c CMakeFiles/RM_frame2.elf.dir/Src/usart.c.obj
                0x0800f574                MX_USART2_UART_Init
 .text.MX_USART3_UART_Init
                0x0800f5d0       0x5c CMakeFiles/RM_frame2.elf.dir/Src/usart.c.obj
                0x0800f5d0                MX_USART3_UART_Init
 .text.MX_USART6_UART_Init
                0x0800f62c       0x5c CMakeFiles/RM_frame2.elf.dir/Src/usart.c.obj
                0x0800f62c                MX_USART6_UART_Init
 .text.HAL_UART_MspInit
                0x0800f688      0x5cc CMakeFiles/RM_frame2.elf.dir/Src/usart.c.obj
                0x0800f688                HAL_UART_MspInit
 .text._ZN10RemoteRecv18UartRxCpltCallbackEv
                0x0800fc54       0x22 CMakeFiles/RM_frame2.elf.dir/UpperTasks/Src/CallbackAdministration.cpp.obj
                0x0800fc54                RemoteRecv::UartRxCpltCallback()
 .text._ZN3CAN9SetTxDoneEh
                0x0800fc76       0x1c CMakeFiles/RM_frame2.elf.dir/UpperTasks/Src/CallbackAdministration.cpp.obj
                0x0800fc76                CAN::SetTxDone(unsigned char)
 .text._ZN3CAN7GetHcanEv
                0x0800fc92       0x16 CMakeFiles/RM_frame2.elf.dir/UpperTasks/Src/CallbackAdministration.cpp.obj
                0x0800fc92                CAN::GetHcan()
 .text.HAL_TIM_PeriodElapsedCallback
                0x0800fca8       0xb8 CMakeFiles/RM_frame2.elf.dir/UpperTasks/Src/CallbackAdministration.cpp.obj
                0x0800fca8                HAL_TIM_PeriodElapsedCallback
 .text.HAL_CAN_RxCpltCallback
                0x0800fd60       0x48 CMakeFiles/RM_frame2.elf.dir/UpperTasks/Src/CallbackAdministration.cpp.obj
                0x0800fd60                HAL_CAN_RxCpltCallback
 .text.HAL_CAN_TxCpltCallback
                0x0800fda8       0x40 CMakeFiles/RM_frame2.elf.dir/UpperTasks/Src/CallbackAdministration.cpp.obj
                0x0800fda8                HAL_CAN_TxCpltCallback
 .text.HAL_UART_RxCpltCallback
                0x0800fde8       0x4c CMakeFiles/RM_frame2.elf.dir/UpperTasks/Src/CallbackAdministration.cpp.obj
                0x0800fde8                HAL_UART_RxCpltCallback
 .text.Reset_Handler
                0x0800fe34       0x50 CMakeFiles/RM_frame2.elf.dir/startup/startup_stm32f427xx.s.obj
                0x0800fe34                Reset_Handler
 .text.Default_Handler
                0x0800fe84        0x2 CMakeFiles/RM_frame2.elf.dir/startup/startup_stm32f427xx.s.obj
                0x0800fe84                RTC_Alarm_IRQHandler
                0x0800fe84                HASH_RNG_IRQHandler
                0x0800fe84                TIM8_CC_IRQHandler
                0x0800fe84                SPI4_IRQHandler
                0x0800fe84                TIM1_CC_IRQHandler
                0x0800fe84                DMA2_Stream5_IRQHandler
                0x0800fe84                PVD_IRQHandler
                0x0800fe84                SDIO_IRQHandler
                0x0800fe84                TAMP_STAMP_IRQHandler
                0x0800fe84                CAN2_RX1_IRQHandler
                0x0800fe84                EXTI3_IRQHandler
                0x0800fe84                TIM8_TRG_COM_TIM14_IRQHandler
                0x0800fe84                TIM8_UP_TIM13_IRQHandler
                0x0800fe84                I2C3_ER_IRQHandler
                0x0800fe84                EXTI0_IRQHandler
                0x0800fe84                I2C2_EV_IRQHandler
                0x0800fe84                DMA1_Stream2_IRQHandler
                0x0800fe84                FPU_IRQHandler
                0x0800fe84                OTG_HS_WKUP_IRQHandler
                0x0800fe84                CAN2_SCE_IRQHandler
                0x0800fe84                SPI1_IRQHandler
                0x0800fe84                TIM1_BRK_TIM9_IRQHandler
                0x0800fe84                DCMI_IRQHandler
                0x0800fe84                CAN1_RX1_IRQHandler
                0x0800fe84                UART5_IRQHandler
                0x0800fe84                TIM4_IRQHandler
                0x0800fe84                I2C1_EV_IRQHandler
                0x0800fe84                UART4_IRQHandler
                0x0800fe84                TIM3_IRQHandler
                0x0800fe84                RCC_IRQHandler
                0x0800fe84                TIM8_BRK_TIM12_IRQHandler
                0x0800fe84                Default_Handler
                0x0800fe84                EXTI15_10_IRQHandler
                0x0800fe84                DMA1_Stream7_IRQHandler
                0x0800fe84                SPI5_IRQHandler
                0x0800fe84                TIM5_IRQHandler
                0x0800fe84                DMA2_Stream7_IRQHandler
                0x0800fe84                I2C3_EV_IRQHandler
                0x0800fe84                EXTI9_5_IRQHandler
                0x0800fe84                RTC_WKUP_IRQHandler
                0x0800fe84                ETH_WKUP_IRQHandler
                0x0800fe84                SPI2_IRQHandler
                0x0800fe84                OTG_HS_EP1_IN_IRQHandler
                0x0800fe84                DMA1_Stream0_IRQHandler
                0x0800fe84                EXTI4_IRQHandler
                0x0800fe84                ETH_IRQHandler
                0x0800fe84                OTG_HS_EP1_OUT_IRQHandler
                0x0800fe84                WWDG_IRQHandler
                0x0800fe84                SPI6_IRQHandler
                0x0800fe84                TIM2_IRQHandler
                0x0800fe84                OTG_FS_WKUP_IRQHandler
                0x0800fe84                TIM1_TRG_COM_TIM11_IRQHandler
                0x0800fe84                OTG_HS_IRQHandler
                0x0800fe84                DMA2D_IRQHandler
                0x0800fe84                EXTI1_IRQHandler
                0x0800fe84                I2C2_ER_IRQHandler
                0x0800fe84                CAN1_SCE_IRQHandler
                0x0800fe84                FLASH_IRQHandler
                0x0800fe84                DMA2_Stream4_IRQHandler
                0x0800fe84                OTG_FS_IRQHandler
                0x0800fe84                SPI3_IRQHandler
                0x0800fe84                DMA1_Stream4_IRQHandler
                0x0800fe84                I2C1_ER_IRQHandler
                0x0800fe84                FMC_IRQHandler
                0x0800fe84                SAI1_IRQHandler
 .text._ZNK10__cxxabiv117__class_type_info11__do_upcastEPKS0_PPv
                0x0800fe86       0x34 f:/rm_stm32/confi/gcc-arm-none-eabi-9-2020-q2-update-win32/bin/../lib/gcc/arm-none-eabi/9.3.1/../../../../arm-none-eabi/lib/thumb/v7e-m/nofp\libstdc++_nano.a(class_type_info.o)
                0x0800fe86                __cxxabiv1::__class_type_info::__do_upcast(__cxxabiv1::__class_type_info const*, void**) const
 .text._ZNK10__cxxabiv117__class_type_info20__do_find_public_srcEiPKvPKS0_S2_
                0x0800feba        0xc f:/rm_stm32/confi/gcc-arm-none-eabi-9-2020-q2-update-win32/bin/../lib/gcc/arm-none-eabi/9.3.1/../../../../arm-none-eabi/lib/thumb/v7e-m/nofp\libstdc++_nano.a(class_type_info.o)
                0x0800feba                __cxxabiv1::__class_type_info::__do_find_public_src(int, void const*, __cxxabiv1::__class_type_info const*, void const*) const
 *fill*         0x0800fec6        0x2 
 .text._ZN10__cxxabiv117__class_type_infoD2Ev
                0x0800fec8       0x14 f:/rm_stm32/confi/gcc-arm-none-eabi-9-2020-q2-update-win32/bin/../lib/gcc/arm-none-eabi/9.3.1/../../../../arm-none-eabi/lib/thumb/v7e-m/nofp\libstdc++_nano.a(class_type_info.o)
                0x0800fec8                __cxxabiv1::__class_type_info::~__class_type_info()
                0x0800fec8                __cxxabiv1::__class_type_info::~__class_type_info()
 .text._ZN10__cxxabiv117__class_type_infoD0Ev
                0x0800fedc       0x14 f:/rm_stm32/confi/gcc-arm-none-eabi-9-2020-q2-update-win32/bin/../lib/gcc/arm-none-eabi/9.3.1/../../../../arm-none-eabi/lib/thumb/v7e-m/nofp\libstdc++_nano.a(class_type_info.o)
                0x0800fedc                __cxxabiv1::__class_type_info::~__class_type_info()
 .text._ZNK10__cxxabiv117__class_type_info12__do_dyncastEiNS0_10__sub_kindEPKS0_PKvS3_S5_RNS0_16__dyncast_resultE
                0x0800fef0       0x3e f:/rm_stm32/confi/gcc-arm-none-eabi-9-2020-q2-update-win32/bin/../lib/gcc/arm-none-eabi/9.3.1/../../../../arm-none-eabi/lib/thumb/v7e-m/nofp\libstdc++_nano.a(class_type_info.o)
                0x0800fef0                __cxxabiv1::__class_type_info::__do_dyncast(int, __cxxabiv1::__class_type_info::__sub_kind, __cxxabiv1::__class_type_info const*, void const*, __cxxabiv1::__class_type_info const*, void const*, __cxxabiv1::__class_type_info::__dyncast_result&) const
 .text._ZNK10__cxxabiv117__class_type_info11__do_upcastEPKS0_PKvRNS0_15__upcast_resultE
                0x0800ff2e       0x18 f:/rm_stm32/confi/gcc-arm-none-eabi-9-2020-q2-update-win32/bin/../lib/gcc/arm-none-eabi/9.3.1/../../../../arm-none-eabi/lib/thumb/v7e-m/nofp\libstdc++_nano.a(class_type_info.o)
                0x0800ff2e                __cxxabiv1::__class_type_info::__do_upcast(__cxxabiv1::__class_type_info const*, void const*, __cxxabiv1::__class_type_info::__upcast_result&) const
 .text._ZNK10__cxxabiv117__class_type_info10__do_catchEPKSt9type_infoPPvj
                0x0800ff46       0x2a f:/rm_stm32/confi/gcc-arm-none-eabi-9-2020-q2-update-win32/bin/../lib/gcc/arm-none-eabi/9.3.1/../../../../arm-none-eabi/lib/thumb/v7e-m/nofp\libstdc++_nano.a(class_type_info.o)
                0x0800ff46                __cxxabiv1::__class_type_info::__do_catch(std::type_info const*, void**, unsigned int) const
 .text._ZdlPvj  0x0800ff70        0x4 f:/rm_stm32/confi/gcc-arm-none-eabi-9-2020-q2-update-win32/bin/../lib/gcc/arm-none-eabi/9.3.1/../../../../arm-none-eabi/lib/thumb/v7e-m/nofp\libstdc++_nano.a(del_ops.o)
                0x0800ff70                operator delete(void*, unsigned int)
 .text._ZN10__cxxabiv120__si_class_type_infoD2Ev
                0x0800ff74       0x14 f:/rm_stm32/confi/gcc-arm-none-eabi-9-2020-q2-update-win32/bin/../lib/gcc/arm-none-eabi/9.3.1/../../../../arm-none-eabi/lib/thumb/v7e-m/nofp\libstdc++_nano.a(si_class_type_info.o)
                0x0800ff74                __cxxabiv1::__si_class_type_info::~__si_class_type_info()
                0x0800ff74                __cxxabiv1::__si_class_type_info::~__si_class_type_info()
 .text._ZN10__cxxabiv120__si_class_type_infoD0Ev
                0x0800ff88       0x14 f:/rm_stm32/confi/gcc-arm-none-eabi-9-2020-q2-update-win32/bin/../lib/gcc/arm-none-eabi/9.3.1/../../../../arm-none-eabi/lib/thumb/v7e-m/nofp\libstdc++_nano.a(si_class_type_info.o)
                0x0800ff88                __cxxabiv1::__si_class_type_info::~__si_class_type_info()
 .text._ZNK10__cxxabiv120__si_class_type_info20__do_find_public_srcEiPKvPKNS_17__class_type_infoES2_
                0x0800ff9c       0x3c f:/rm_stm32/confi/gcc-arm-none-eabi-9-2020-q2-update-win32/bin/../lib/gcc/arm-none-eabi/9.3.1/../../../../arm-none-eabi/lib/thumb/v7e-m/nofp\libstdc++_nano.a(si_class_type_info.o)
                0x0800ff9c                __cxxabiv1::__si_class_type_info::__do_find_public_src(int, void const*, __cxxabiv1::__class_type_info const*, void const*) const
 .text._ZNK10__cxxabiv120__si_class_type_info12__do_dyncastEiNS_17__class_type_info10__sub_kindEPKS1_PKvS4_S6_RNS1_16__dyncast_resultE
                0x0800ffd8       0x74 f:/rm_stm32/confi/gcc-arm-none-eabi-9-2020-q2-update-win32/bin/../lib/gcc/arm-none-eabi/9.3.1/../../../../arm-none-eabi/lib/thumb/v7e-m/nofp\libstdc++_nano.a(si_class_type_info.o)
                0x0800ffd8                __cxxabiv1::__si_class_type_info::__do_dyncast(int, __cxxabiv1::__class_type_info::__sub_kind, __cxxabiv1::__class_type_info const*, void const*, __cxxabiv1::__class_type_info const*, void const*, __cxxabiv1::__class_type_info::__dyncast_result&) const
 .text._ZNK10__cxxabiv120__si_class_type_info11__do_upcastEPKNS_17__class_type_infoEPKvRNS1_15__upcast_resultE
                0x0801004c       0x2a f:/rm_stm32/confi/gcc-arm-none-eabi-9-2020-q2-update-win32/bin/../lib/gcc/arm-none-eabi/9.3.1/../../../../arm-none-eabi/lib/thumb/v7e-m/nofp\libstdc++_nano.a(si_class_type_info.o)
                0x0801004c                __cxxabiv1::__si_class_type_info::__do_upcast(__cxxabiv1::__class_type_info const*, void const*, __cxxabiv1::__class_type_info::__upcast_result&) const
 .text._ZNSt9type_infoD2Ev
                0x08010076        0x2 f:/rm_stm32/confi/gcc-arm-none-eabi-9-2020-q2-update-win32/bin/../lib/gcc/arm-none-eabi/9.3.1/../../../../arm-none-eabi/lib/thumb/v7e-m/nofp\libstdc++_nano.a(tinfo.o)
                0x08010076                std::type_info::~type_info()
                0x08010076                std::type_info::~type_info()
 .text._ZNKSt9type_info14__is_pointer_pEv